Archive member included to satisfy reference by file (symbol)

C:/SiliconLabs/SimplicityStudio/v4/developer/sdks/gecko_sdk_suite/v2.7//platform/radio/rail_lib/autogen/librail_release/librail_efr32xg22_gcc_release.a(rail_singleprotocol.o)
                              ./main.o (RAIL_Init)
C:/SiliconLabs/SimplicityStudio/v4/developer/sdks/gecko_sdk_suite/v2.7//platform/radio/rail_lib/autogen/librail_release/librail_efr32xg22_gcc_release.a(rail_rf.o)
                              ./hal-efr32/hal_efr.o (RAIL_UseDma)
C:/SiliconLabs/SimplicityStudio/v4/developer/sdks/gecko_sdk_suite/v2.7//platform/radio/rail_lib/autogen/librail_release/librail_efr32xg22_gcc_release.a(rail_rx.o)
                              C:/SiliconLabs/SimplicityStudio/v4/developer/sdks/gecko_sdk_suite/v2.7//platform/radio/rail_lib/autogen/librail_release/librail_efr32xg22_gcc_release.a(rail_singleprotocol.o) (RAILINT_b5e0637c62bb3b836502f3f63757d920)
C:/SiliconLabs/SimplicityStudio/v4/developer/sdks/gecko_sdk_suite/v2.7//platform/radio/rail_lib/autogen/librail_release/librail_efr32xg22_gcc_release.a(rail_tx.o)
                              C:/SiliconLabs/SimplicityStudio/v4/developer/sdks/gecko_sdk_suite/v2.7//platform/radio/rail_lib/autogen/librail_release/librail_efr32xg22_gcc_release.a(rail_singleprotocol.o) (RAILINT_59a1e3a8f29d5e090128a9d6830a6ec9)
C:/SiliconLabs/SimplicityStudio/v4/developer/sdks/gecko_sdk_suite/v2.7//platform/radio/rail_lib/autogen/librail_release/librail_efr32xg22_gcc_release.a(rail_calibration.o)
                              C:/SiliconLabs/SimplicityStudio/v4/developer/sdks/gecko_sdk_suite/v2.7//platform/radio/rail_lib/autogen/librail_release/librail_efr32xg22_gcc_release.a(rail_singleprotocol.o) (RAILINT_46061b2fc595edba374aad467468ff6f)
C:/SiliconLabs/SimplicityStudio/v4/developer/sdks/gecko_sdk_suite/v2.7//platform/radio/rail_lib/autogen/librail_release/librail_efr32xg22_gcc_release.a(rail_data.o)
                              ./main.o (RAIL_ConfigData)
C:/SiliconLabs/SimplicityStudio/v4/developer/sdks/gecko_sdk_suite/v2.7//platform/radio/rail_lib/autogen/librail_release/librail_efr32xg22_gcc_release.a(rail_assert.o)
                              C:/SiliconLabs/SimplicityStudio/v4/developer/sdks/gecko_sdk_suite/v2.7//platform/radio/rail_lib/autogen/librail_release/librail_efr32xg22_gcc_release.a(rail_rf.o) (RAILINT_999bd22c50df2f99ce048cba68f11c3a)
C:/SiliconLabs/SimplicityStudio/v4/developer/sdks/gecko_sdk_suite/v2.7//platform/radio/rail_lib/autogen/librail_release/librail_efr32xg22_gcc_release.a(rail_pti.o)
                              ./hal-efr32/hal_efr.o (RAIL_ConfigPti)
C:/SiliconLabs/SimplicityStudio/v4/developer/sdks/gecko_sdk_suite/v2.7//platform/radio/rail_lib/autogen/librail_release/librail_efr32xg22_gcc_release.a(rail_rssi.o)
                              C:/SiliconLabs/SimplicityStudio/v4/developer/sdks/gecko_sdk_suite/v2.7//platform/radio/rail_lib/autogen/librail_release/librail_efr32xg22_gcc_release.a(rail_singleprotocol.o) (RAILINT_2ae173a878096855d408617a125c7b42)
C:/SiliconLabs/SimplicityStudio/v4/developer/sdks/gecko_sdk_suite/v2.7//platform/radio/rail_lib/autogen/librail_release/librail_efr32xg22_gcc_release.a(rail_timer.o)
                              C:/SiliconLabs/SimplicityStudio/v4/developer/sdks/gecko_sdk_suite/v2.7//platform/radio/rail_lib/autogen/librail_release/librail_efr32xg22_gcc_release.a(rail_singleprotocol.o) (RAILINT_b6e199795dd44eee119efd9607ebf619)
C:/SiliconLabs/SimplicityStudio/v4/developer/sdks/gecko_sdk_suite/v2.7//platform/radio/rail_lib/autogen/librail_release/librail_efr32xg22_gcc_release.a(tmrdrv.o)
                              C:/SiliconLabs/SimplicityStudio/v4/developer/sdks/gecko_sdk_suite/v2.7//platform/radio/rail_lib/autogen/librail_release/librail_efr32xg22_gcc_release.a(rail_timer.o) (RAILINT_4f0ff74d9bf6909df45aa720074551b9)
C:/SiliconLabs/SimplicityStudio/v4/developer/sdks/gecko_sdk_suite/v2.7//platform/radio/rail_lib/autogen/librail_release/librail_efr32xg22_gcc_release.a(tmrdrv_config.o)
                              C:/SiliconLabs/SimplicityStudio/v4/developer/sdks/gecko_sdk_suite/v2.7//platform/radio/rail_lib/autogen/librail_release/librail_efr32xg22_gcc_release.a(tmrdrv.o) (RAILINT_984b452274fd8ccd354c81a698356dd4)
C:/SiliconLabs/SimplicityStudio/v4/developer/sdks/gecko_sdk_suite/v2.7//platform/radio/rail_lib/autogen/librail_release/librail_efr32xg22_gcc_release.a(pa_auto_mode.o)
                              C:/SiliconLabs/SimplicityStudio/v4/developer/sdks/gecko_sdk_suite/v2.7//platform/radio/rail_lib/autogen/librail_release/librail_efr32xg22_gcc_release.a(rail_tx.o) (RAILCb_PaAutoModeDecision)
C:/SiliconLabs/SimplicityStudio/v4/developer/sdks/gecko_sdk_suite/v2.7//platform/radio/rail_lib/autogen/librail_release/librail_efr32xg22_gcc_release.a(rail_rf_hal.o)
[...]
Memory Configuration

Name             Origin             Length             Attributes
FLASH            0x00000000         0x00080000         xr
RAM              0x20000000         0x00008000         xrw
*default*        0x00000000         0xffffffff

Linker script and memory map

LOAD c:/siliconlabs/simplicitystudio/v4/developer/toolchains/gnu_arm/7.2_2017q4/bin/../lib/gcc/arm-none-eabi/7.2.1/thumb/v8-m.main/fpv5-sp/hard/crti.o
LOAD c:/siliconlabs/simplicitystudio/v4/developer/toolchains/gnu_arm/7.2_2017q4/bin/../lib/gcc/arm-none-eabi/7.2.1/thumb/v8-m.main/fpv5-sp/hard/crtbegin.o
LOAD c:/siliconlabs/simplicitystudio/v4/developer/toolchains/gnu_arm/7.2_2017q4/bin/../lib/gcc/arm-none-eabi/7.2.1/../../../../arm-none-eabi/lib/thumb/v8-m.main/fpv5-sp/hard/crt0.o
                0x00080000                FLASH_SIZE = 0x80000
                0x00008000                RAM_SIZE = 0x8000
                0x00001000                FLASH_PAGE_SIZE = 0x1000
                0x00000000                SIMEEPROM_SIZE = 0x0
                0x00000000                PSSTORE_SIZE = 0x0
                0x00000000                LONGTOKEN_SIZE = 0x0
                0x00000200                HEADER_SIZE = 0x200
                0x00006000                BTL_SIZE = 0x6000
                0x00002000                LOCKBITS_IN_MAINFLASH_SIZE = 0x2000
                0x00000001                APP_BTL = 0x1
                0x00000000                EMBER_MALLOC_HEAP_SIZE = 0x0
START GROUP
LOAD ./emdrv/dmadrv.o
LOAD ./emdrv/gpiointerrupt.o
LOAD ./emdrv/sl_sleeptimer.o
LOAD ./emdrv/sl_sleeptimer_hal_rtcc.o
LOAD ./emdrv/sleep.o
LOAD ./emdrv/tempdrv.o
LOAD ./emdrv/ustimer.o
LOAD ./emlib/em_adc.o
LOAD ./emlib/em_cmu.o
LOAD ./emlib/em_core.o
LOAD ./emlib/em_emu.o
LOAD ./emlib/em_eusart.o
LOAD ./emlib/em_gpio.o
LOAD ./emlib/em_i2c.o
LOAD ./emlib/em_ldma.o
LOAD ./emlib/em_leuart.o
LOAD ./emlib/em_msc.o
LOAD ./emlib/em_prs.o
LOAD ./emlib/em_rmu.o
LOAD ./emlib/em_rtcc.o
LOAD ./emlib/em_se.o
LOAD ./emlib/em_system.o
LOAD ./emlib/em_timer.o
LOAD ./emlib/em_usart.o
LOAD ./emlib/em_wdog.o
LOAD ./emlib/system_efr32bg22.o
LOAD ./external-generated-files/bootloader-interface-app.o
LOAD ./external-generated-files/bootloader-interface.o
LOAD ./external-generated-files/btl_interface.o
LOAD ./external-generated-files/btl_interface_storage.o
LOAD ./hal-efr32/bsp_init.o
LOAD ./hal-efr32/bsp_stk.o
LOAD ./hal-efr32/bsp_stk_leds.o
LOAD ./hal-efr32/dmactrl.o
LOAD ./hal-efr32/em_assert.o
LOAD ./hal-efr32/em_rtc.o
LOAD ./hal-efr32/hal_common.o
LOAD ./hal-efr32/hal_efr.o
LOAD ./hal-efr32/i2cspm.o
LOAD ./hal-efr32/mx25flash_spi.o
LOAD ./hal-efr32/retargetio.o
LOAD ./hal-efr32/retargetserial.o
LOAD ./hal-efr32/udelay.o
LOAD ./led_assert.o
LOAD ./main.o
LOAD ./oneshot_timer.o
LOAD ./periodic_event_timer.o
LOAD ./rail_config.o
LOAD ./rail-app-config/EFR32_B_2_2/gcc/startup_efr32bg22.o
LOAD C:/SiliconLabs/SimplicityStudio/v4/developer/sdks/gecko_sdk_suite/v2.7//platform/radio/rail_lib/autogen/librail_release/librail_efr32xg22_gcc_release.a
LOAD c:/siliconlabs/simplicitystudio/v4/developer/toolchains/gnu_arm/7.2_2017q4/bin/../lib/gcc/arm-none-eabi/7.2.1/../../../../arm-none-eabi/lib/thumb/v8-m.main/fpv5-sp/hard\libm.a
END GROUP
START GROUP
LOAD c:/siliconlabs/simplicitystudio/v4/developer/toolchains/gnu_arm/7.2_2017q4/bin/../lib/gcc/arm-none-eabi/7.2.1/thumb/v8-m.main/fpv5-sp/hard\libgcc.a
LOAD c:/siliconlabs/simplicitystudio/v4/developer/toolchains/gnu_arm/7.2_2017q4/bin/../lib/gcc/arm-none-eabi/7.2.1/../../../../arm-none-eabi/lib/thumb/v8-m.main/fpv5-sp/hard\libc_nano.a
LOAD c:/siliconlabs/simplicitystudio/v4/developer/toolchains/gnu_arm/7.2_2017q4/bin/../lib/gcc/arm-none-eabi/7.2.1/../../../../arm-none-eabi/lib/thumb/v8-m.main/fpv5-sp/hard\libnosys.a
END GROUP
START GROUP
LOAD c:/siliconlabs/simplicitystudio/v4/developer/toolchains/gnu_arm/7.2_2017q4/bin/../lib/gcc/arm-none-eabi/7.2.1/thumb/v8-m.main/fpv5-sp/hard\libgcc.a
LOAD c:/siliconlabs/simplicitystudio/v4/developer/toolchains/gnu_arm/7.2_2017q4/bin/../lib/gcc/arm-none-eabi/7.2.1/../../../../arm-none-eabi/lib/thumb/v8-m.main/fpv5-sp/hard\libg_nano.a
LOAD c:/siliconlabs/simplicitystudio/v4/developer/toolchains/gnu_arm/7.2_2017q4/bin/../lib/gcc/arm-none-eabi/7.2.1/../../../../arm-none-eabi/lib/thumb/v8-m.main/fpv5-sp/hard\libc_nano.a
END GROUP
START GROUP
LOAD c:/siliconlabs/simplicitystudio/v4/developer/toolchains/gnu_arm/7.2_2017q4/bin/../lib/gcc/arm-none-eabi/7.2.1/thumb/v8-m.main/fpv5-sp/hard\libgcc.a
LOAD c:/siliconlabs/simplicitystudio/v4/developer/toolchains/gnu_arm/7.2_2017q4/bin/../lib/gcc/arm-none-eabi/7.2.1/../../../../arm-none-eabi/lib/thumb/v8-m.main/fpv5-sp/hard\libc_nano.a
END GROUP
LOAD c:/siliconlabs/simplicitystudio/v4/developer/toolchains/gnu_arm/7.2_2017q4/bin/../lib/gcc/arm-none-eabi/7.2.1/thumb/v8-m.main/fpv5-sp/hard/crtend.o
LOAD c:/siliconlabs/simplicitystudio/v4/developer/toolchains/gnu_arm/7.2_2017q4/bin/../lib/gcc/arm-none-eabi/7.2.1/thumb/v8-m.main/fpv5-sp/hard/crtn.o

.text           0x00000000     0xd350
 *(.vectors)
 .vectors       0x00000000      0x140 ./rail-app-config/EFR32_B_2_2/gcc/startup_efr32bg22.o
                0x00000000                __Vectors
                0x00000140                __Vectors_End = .
                0x00000140                __Vectors_Size = (__Vectors_End - __Vectors)
                0x00000140                __end__ = .
 *(.text*)
 .text          0x00000140       0x40 c:/siliconlabs/simplicitystudio/v4/developer/toolchains/gnu_arm/7.2_2017q4/bin/../lib/gcc/arm-none-eabi/7.2.1/thumb/v8-m.main/fpv5-sp/hard/crtbegin.o
 .text          0x00000180       0x74 c:/siliconlabs/simplicitystudio/v4/developer/toolchains/gnu_arm/7.2_2017q4/bin/../lib/gcc/arm-none-eabi/7.2.1/../../../../arm-none-eabi/lib/thumb/v8-m.main/fpv5-sp/hard/crt0.o
                0x00000180                _start
                0x00000180                _mainCRTStartup
 .text.DMADRV_AllocateChannel
                0x000001f4       0xa4 ./emdrv/dmadrv.o
                0x000001f4                DMADRV_AllocateChannel
 .text.DMADRV_Init
                0x00000298       0x7c ./emdrv/dmadrv.o
                0x00000298                DMADRV_Init
 .text.LDMA_IRQHandler
                0x00000314       0xe4 ./emdrv/dmadrv.o
                0x00000314                LDMA_IRQHandler
 .text.GPIO_IntClear
                0x000003f8       0x24 ./emdrv/gpiointerrupt.o
 .text.GPIO_IntGetEnabled
                0x0000041c       0x28 ./emdrv/gpiointerrupt.o
 .text.SL_CTZ   0x00000444       0x28 ./emdrv/gpiointerrupt.o
 .text.GPIOINT_IRQDispatcher
                0x0000046c       0x50 ./emdrv/gpiointerrupt.o
 .text.GPIO_EVEN_IRQHandler
                0x000004bc       0x28 ./emdrv/gpiointerrupt.o
                0x000004bc                GPIO_EVEN_IRQHandler
 .text.GPIO_ODD_IRQHandler
                0x000004e4       0x28 ./emdrv/gpiointerrupt.o
                0x000004e4                GPIO_ODD_IRQHandler
 .text.process_timer_irq
                0x0000050c      0x174 ./emdrv/sl_sleeptimer.o
                0x0000050c                process_timer_irq
 .text.delta_list_insert_timer
                0x00000680       0xbc ./emdrv/sl_sleeptimer.o
 .text.delta_list_remove_timer
                0x0000073c       0x7c ./emdrv/sl_sleeptimer.o
 .text.set_comparator_for_next_timer
                0x000007b8       0x30 ./emdrv/sl_sleeptimer.o
 .text.update_first_timer_delta
                0x000007e8       0x70 ./emdrv/sl_sleeptimer.o
 .text.RTCC_ChannelCompareValueGet
                0x00000858       0x28 ./emdrv/sl_sleeptimer_hal_rtcc.o
 .text.RTCC_ChannelCompareValueSet
                0x00000880       0x2c ./emdrv/sl_sleeptimer_hal_rtcc.o
 .text.RTCC_ChannelCCVGet
                0x000008ac       0x18 ./emdrv/sl_sleeptimer_hal_rtcc.o
 .text.RTCC_ChannelCCVSet
                0x000008c4       0x1a ./emdrv/sl_sleeptimer_hal_rtcc.o
 .text.RTCC_CounterGet
                0x000008de       0x24 ./emdrv/sl_sleeptimer_hal_rtcc.o
 .text.RTCC_IntClear
                0x00000902       0x22 ./emdrv/sl_sleeptimer_hal_rtcc.o
 .text.RTCC_IntDisable
                0x00000924       0x26 ./emdrv/sl_sleeptimer_hal_rtcc.o
 .text.RTCC_IntEnable
                0x0000094a       0x24 ./emdrv/sl_sleeptimer_hal_rtcc.o
 .text.RTCC_IntGet
                0x0000096e       0x14 ./emdrv/sl_sleeptimer_hal_rtcc.o
 .text.sleeptimer_hal_get_counter
                0x00000982        0xe ./emdrv/sl_sleeptimer_hal_rtcc.o
                0x00000982                sleeptimer_hal_get_counter
 .text.sleeptimer_hal_get_compare
                0x00000990       0x10 ./emdrv/sl_sleeptimer_hal_rtcc.o
                0x00000990                sleeptimer_hal_get_compare
 .text.sleeptimer_hal_set_compare
                0x000009a0       0x9c ./emdrv/sl_sleeptimer_hal_rtcc.o
                0x000009a0                sleeptimer_hal_set_compare
 .text.sleeptimer_hal_enable_int
                0x00000a3c       0x40 ./emdrv/sl_sleeptimer_hal_rtcc.o
                0x00000a3c                sleeptimer_hal_enable_int
 .text.sleeptimer_hal_disable_int
                0x00000a7c       0x5c ./emdrv/sl_sleeptimer_hal_rtcc.o
                0x00000a7c                sleeptimer_hal_disable_int
 .text.RTCC_IRQHandler
                0x00000ad8       0x5c ./emdrv/sl_sleeptimer_hal_rtcc.o
                0x00000ad8                RTCC_IRQHandler
 .text.get_time_diff
                0x00000b34       0x1c ./emdrv/sl_sleeptimer_hal_rtcc.o
 .text.EMU_IntClear
                0x00000b50       0x22 ./emdrv/tempdrv.o
 .text.EMU_IntDisable
                0x00000b72       0x22 ./emdrv/tempdrv.o
 .text.EMU_IntEnable
                0x00000b94       0x22 ./emdrv/tempdrv.o
 .text.EMU_IntGetEnabled
                0x00000bb6       0x24 ./emdrv/tempdrv.o
 .text.EMU_IRQHandler
                0x00000bda        0xc ./emdrv/tempdrv.o
                0x00000bda                EMU_IRQHandler
 *fill*         0x00000be6        0x2 
 .text.TEMPDRV_IRQHandler
                0x00000be8       0xa4 ./emdrv/tempdrv.o
                0x00000be8                TEMPDRV_IRQHandler
 .text.convertToTemp
                0x00000c8c       0x1a ./emdrv/tempdrv.o
 *fill*         0x00000ca6        0x2 
 .text.updateInterrupts
                0x00000ca8      0x140 ./emdrv/tempdrv.o
 .text.TEMPDRV_GetTemp
                0x00000de8       0x40 ./emdrv/tempdrv.o
                0x00000de8                TEMPDRV_GetTemp
 .text.TIMER_IntClear
                0x00000e28       0x22 ./emdrv/ustimer.o
 .text.TIMER_IntGet
                0x00000e4a       0x18 ./emdrv/ustimer.o
 *fill*         0x00000e62        0x2 
 .text.TIMER0_IRQHandler
                0x00000e64       0x38 ./emdrv/ustimer.o
                0x00000e64                TIMER0_IRQHandler
 .text.SystemCoreClockGet
                0x00000e9c        0xe ./emlib/em_cmu.o
 .text.BUS_RegBitWrite
                0x00000eaa       0x3a ./emlib/em_cmu.o
 .text.BUS_RegBitRead
                0x00000ee4       0x24 ./emlib/em_cmu.o
 .text.EMU_VScaleWait
                0x00000f08       0x1c ./emlib/em_cmu.o
 .text.EMU_VScaleGet
                0x00000f24       0x1c ./emlib/em_cmu.o
 .text.CMU_ClockEnable
                0x00000f40       0x6c ./emlib/em_cmu.o
                0x00000f40                CMU_ClockEnable
 .text.CMU_ClockFreqGet
                0x00000fac      0x222 ./emlib/em_cmu.o
                0x00000fac                CMU_ClockFreqGet
 *fill*         0x000011ce        0x2 
 .text.em01GrpbClkGet
                0x000011d0       0xb0 ./emlib/em_cmu.o
 .text.euart0ClkGet
                0x00001280       0x58 ./emlib/em_cmu.o
 .text.rhclkPrescMax
                0x000012d8       0x20 ./emlib/em_cmu.o
 .text.rhclkPrescOptimize
                0x000012f8       0x2c ./emlib/em_cmu.o
 .text.CMU_ClockDivGet
                0x00001324       0x88 ./emlib/em_cmu.o
                0x00001324                CMU_ClockDivGet
 .text.CMU_ClockDivSet
                0x000013ac      0x114 ./emlib/em_cmu.o
                0x000013ac                CMU_ClockDivSet
 .text.CMU_ClockSelectSet
                0x000014c0      0x420 ./emlib/em_cmu.o
                0x000014c0                CMU_ClockSelectSet
 .text.CMU_UpdateWaitStates
                0x000018e0       0x2a ./emlib/em_cmu.o
                0x000018e0                CMU_UpdateWaitStates
 *fill*         0x0000190a        0x2 
 .text.em01GrpaClkGet
                0x0000190c       0x74 ./emlib/em_cmu.o
 .text.em23GrpaClkGet
                0x00001980       0x74 ./emlib/em_cmu.o
 .text.em4GrpaClkGet
                0x000019f4       0x74 ./emlib/em_cmu.o
 .text.flashWaitStateControl
                0x00001a68       0x90 ./emlib/em_cmu.o
 .text.iadcClkGet
                0x00001af8       0x6c ./emlib/em_cmu.o
 .text.pclkDivMax
                0x00001b64       0x12 ./emlib/em_cmu.o
 *fill*         0x00001b76        0x2 
 .text.pclkDivOptimize
                0x00001b78       0x34 ./emlib/em_cmu.o
 .text.rtccClkGet
                0x00001bac       0x74 ./emlib/em_cmu.o
 .text.waitStateMax
                0x00001c20       0x16 ./emlib/em_cmu.o
 *fill*         0x00001c36        0x2 
 .text.wdog0ClkGet
                0x00001c38       0x94 ./emlib/em_cmu.o
 .text.CORE_EnterCritical
                0x00001ccc       0x20 ./emlib/em_core.o
                0x00001ccc                CORE_EnterCritical
 .text.CORE_ExitCritical
                0x00001cec       0x1c ./emlib/em_core.o
                0x00001cec                CORE_ExitCritical
 .text.CORE_EnterAtomic
                0x00001d08       0x20 ./emlib/em_core.o
                0x00001d08                CORE_EnterAtomic
 .text.CORE_ExitAtomic
                0x00001d28       0x1c ./emlib/em_core.o
                0x00001d28                CORE_ExitAtomic
 .text.BUS_RegBitRead
                0x00001d44       0x24 ./emlib/em_emu.o
 .text.EMU_DCDCLock
                0x00001d68       0x1c ./emlib/em_emu.o
 .text.EMU_DCDCUnlock
                0x00001d84       0x1c ./emlib/em_emu.o
 .text.EMU_VScaleWait
                0x00001da0       0x1c ./emlib/em_emu.o
 .text.EMU_VScaleGet
                0x00001dbc       0x1c ./emlib/em_emu.o
 .text.vScaleEM01Cmd
                0x00001dd8       0x22 ./emlib/em_emu.o
 *fill*         0x00001dfa        0x2 
 .text.EMU_VScaleEM01ByClock
                0x00001dfc       0x54 ./emlib/em_emu.o
                0x00001dfc                EMU_VScaleEM01ByClock
 .text.EMU_VScaleEM01
                0x00001e50       0x94 ./emlib/em_emu.o
                0x00001e50                EMU_VScaleEM01
 .text.EMU_DCDCInit
                0x00001ee4       0xb4 ./emlib/em_emu.o
                0x00001ee4                EMU_DCDCInit
 .text.EMU_DCDCModeSet
                0x00001f98       0xb4 ./emlib/em_emu.o
                0x00001f98                EMU_DCDCModeSet
 .text.GPIO_PinOutClear
                0x0000204c       0x54 ./emlib/em_gpio.o
 .text.GPIO_PinOutSet
                0x000020a0       0x54 ./emlib/em_gpio.o
 .text.GPIO_PinModeSet
                0x000020f4      0x10c ./emlib/em_gpio.o
                0x000020f4                GPIO_PinModeSet
 .text.__NVIC_EnableIRQ
                0x00002200       0x3c ./emlib/em_ldma.o
 .text.__NVIC_ClearPendingIRQ
                0x0000223c       0x3c ./emlib/em_ldma.o
 .text.__NVIC_SetPriority
                0x00002278       0x54 ./emlib/em_ldma.o
 .text.LDMA_Init
                0x000022cc       0x88 ./emlib/em_ldma.o
                0x000022cc                LDMA_Init
 .text.SYSTEM_ChipRevisionGet
                0x00002354       0x58 ./emlib/em_system.o
                0x00002354                SYSTEM_ChipRevisionGet
 .text.TIMER_Valid
                0x000023ac       0x5c ./emlib/em_timer.o
 .text.timerPrsConfig
                0x00002408       0xb0 ./emlib/em_timer.o
 .text.TIMER_Init
                0x000024b8      0x100 ./emlib/em_timer.o
                0x000024b8                TIMER_Init
 .text.TIMER_InitCC
                0x000025b8      0x118 ./emlib/em_timer.o
                0x000025b8                TIMER_InitCC
 .text.TIMER_SyncWait
                0x000026d0       0x2e ./emlib/em_timer.o
                0x000026d0                TIMER_SyncWait
 *fill*         0x000026fe        0x2 
 .text.prsRxInput
                0x00002700       0x54 ./emlib/em_usart.o
 .text.USART_BaudrateAsyncSet
                0x00002754       0xb0 ./emlib/em_usart.o
                0x00002754                USART_BaudrateAsyncSet
 .text.USART_Enable
                0x00002804       0x6c ./emlib/em_usart.o
                0x00002804                USART_Enable
 .text.USART_InitAsync
                0x00002870      0x15c ./emlib/em_usart.o
                0x00002870                USART_InitAsync
 .text.USART_Reset
                0x000029cc       0xb4 ./emlib/em_usart.o
                0x000029cc                USART_Reset
 .text.USART_Rx
                0x00002a80       0x28 ./emlib/em_usart.o
                0x00002a80                USART_Rx
 .text.USART_Tx
                0x00002aa8       0x2c ./emlib/em_usart.o
                0x00002aa8                USART_Tx
 .text.SystemInit
                0x00002ad4       0x2c ./emlib/system_efr32bg22.o
                0x00002ad4                SystemInit
 .text.SystemSYSCLKGet
                0x00002b00       0x50 ./emlib/system_efr32bg22.o
                0x00002b00                SystemSYSCLKGet
 .text.SystemHCLKGet
                0x00002b50       0x3c ./emlib/system_efr32bg22.o
                0x00002b50                SystemHCLKGet
 .text.SystemMaxCoreClockGet
                0x00002b8c       0x14 ./emlib/system_efr32bg22.o
                0x00002b8c                SystemMaxCoreClockGet
 .text.SystemHFXOClockGet
                0x00002ba0       0x18 ./emlib/system_efr32bg22.o
                0x00002ba0                SystemHFXOClockGet
 .text.SystemHFRCODPLLClockGet
                0x00002bb8       0x18 ./emlib/system_efr32bg22.o
                0x00002bb8                SystemHFRCODPLLClockGet
 .text.SystemCLKIN0Get
                0x00002bd0       0x10 ./emlib/system_efr32bg22.o
                0x00002bd0                SystemCLKIN0Get
 .text.SystemFSRCOClockGet
                0x00002be0       0x14 ./emlib/system_efr32bg22.o
                0x00002be0                SystemFSRCOClockGet
 .text.SystemLFRCOClockGet
                0x00002bf4       0x12 ./emlib/system_efr32bg22.o
                0x00002bf4                SystemLFRCOClockGet
 .text.SystemULFRCOClockGet
                0x00002c06       0x12 ./emlib/system_efr32bg22.o
                0x00002c06                SystemULFRCOClockGet
 .text.SystemLFXOClockGet
                0x00002c18       0x18 ./emlib/system_efr32bg22.o
                0x00002c18                SystemLFXOClockGet
 .text.SYSTEM_GetProdRev
                0x00002c30       0x1c ./hal-efr32/bsp_init.o
 .text.CHIP_Init
                0x00002c4c       0x5c ./hal-efr32/bsp_init.o
 .text.CMU_OscillatorEnable
                0x00002ca8       0x1e ./hal-efr32/bsp_init.o
 .text.BSP_initDevice
                0x00002cc6       0x18 ./hal-efr32/bsp_init.o
                0x00002cc6                BSP_initDevice
 *fill*         0x00002cde        0x2 
 .text.BSP_initDcdc
                0x00002ce0       0x28 ./hal-efr32/bsp_init.o
                0x00002ce0                BSP_initDcdc
 .text.BSP_initEmu
                0x00002d08        0xe ./hal-efr32/bsp_init.o
                0x00002d08                BSP_initEmu
 .text.BSP_initClocks
                0x00002d16       0x3e ./hal-efr32/bsp_init.o
                0x00002d16                BSP_initClocks
 .text.BSP_initBoard
                0x00002d54       0x18 ./hal-efr32/bsp_init.o
                0x00002d54                BSP_initBoard
 .text.GPIO_PinOutSet
                0x00002d6c       0x54 ./hal-efr32/bsp_stk_leds.o
 .text.BSP_LedsInit
                0x00002dc0       0x40 ./hal-efr32/bsp_stk_leds.o
                0x00002dc0                BSP_LedsInit
 .text.BSP_LedSet
                0x00002e00       0x3c ./hal-efr32/bsp_stk_leds.o
                0x00002e00                BSP_LedSet
 .text.halInit  0x00002e3c        0xc ./hal-efr32/hal_common.o
                0x00002e3c                halInit
 .text.initAntenna
                0x00002e48       0x1c ./hal-efr32/hal_efr.o
 .text.halInitChipSpecific
                0x00002e64       0x8c ./hal-efr32/hal_efr.o
                0x00002e64                halInitChipSpecific
 .text.boardLowPowerInit
                0x00002ef0        0xc ./hal-efr32/hal_efr.o
 .text.boardDisableSpiFlash
                0x00002efc        0xe ./hal-efr32/hal_efr.o
 .text._close   0x00002f0a       0x16 ./hal-efr32/retargetio.o
                0x00002f0a                _close
 .text._exit    0x00002f20        0xa ./hal-efr32/retargetio.o
                0x00002f20                _exit
 .text._fstat   0x00002f2a       0x20 ./hal-efr32/retargetio.o
                0x00002f2a                _fstat
 .text._isatty  0x00002f4a       0x16 ./hal-efr32/retargetio.o
                0x00002f4a                _isatty
 .text._lseek   0x00002f60       0x1a ./hal-efr32/retargetio.o
                0x00002f60                _lseek
 .text._read    0x00002f7a       0x56 ./hal-efr32/retargetio.o
                0x00002f7a                _read
 .text._sbrk    0x00002fd0       0x40 ./hal-efr32/retargetio.o
                0x00002fd0                _sbrk
 .text._write   0x00003010       0x38 ./hal-efr32/retargetio.o
                0x00003010                _write
 .text.__NVIC_EnableIRQ
                0x00003048       0x3c ./hal-efr32/retargetserial.o
 .text.__NVIC_ClearPendingIRQ
                0x00003084       0x3c ./hal-efr32/retargetserial.o
 .text.USART_IntClear
                0x000030c0       0x22 ./hal-efr32/retargetserial.o
 .text.USART_IntDisable
                0x000030e2       0x24 ./hal-efr32/retargetserial.o
 .text.USART_IntEnable
                0x00003106       0x22 ./hal-efr32/retargetserial.o
 .text.disableRxInterrupt
                0x00003128       0x14 ./hal-efr32/retargetserial.o
 .text.enableRxInterrupt
                0x0000313c       0x14 ./hal-efr32/retargetserial.o
 .text.USART1_RX_IRQHandler
                0x00003150       0x68 ./hal-efr32/retargetserial.o
                0x00003150                USART1_RX_IRQHandler
 .text.RETARGET_SerialCrLf
                0x000031b8       0x2c ./hal-efr32/retargetserial.o
                0x000031b8                RETARGET_SerialCrLf
 .text.RETARGET_SerialInit
                0x000031e4       0xc4 ./hal-efr32/retargetserial.o
                0x000031e4                RETARGET_SerialInit
 .text.RETARGET_ReadChar
                0x000032a8       0x80 ./hal-efr32/retargetserial.o
                0x000032a8                RETARGET_ReadChar
 .text.RETARGET_WriteChar
                0x00003328       0x54 ./hal-efr32/retargetserial.o
                0x00003328                RETARGET_WriteChar
 .text.assert   0x0000337c       0x26 ./led_assert.o
                0x0000337c                assert
 *fill*         0x000033a2        0x2 
 .text.SYSTEM_GetProdRev
                0x000033a4       0x1c ./main.o
 .text.CHIP_Init
                0x000033c0       0x5c ./main.o
 .text.toggle_tx
                0x0000341c       0x68 ./main.o
                0x0000341c                toggle_tx
 .text.peripheralInit
                0x00003484       0x24 ./main.o
                0x00003484                peripheralInit
 .text.radioInit
                0x000034a8      0x1ac ./main.o
                0x000034a8                radioInit
 .text.reset    0x00003654       0x50 ./main.o
                0x00003654                reset
 .text.set_mode_tone
                0x000036a4       0xb8 ./main.o
                0x000036a4                set_mode_tone
 .text.set_mode_receive
                0x0000375c       0x64 ./main.o
                0x0000375c                set_mode_receive
 .text.set_mode_idle
                0x000037c0       0x40 ./main.o
                0x000037c0                set_mode_idle
 .text.print_results
                0x00003800       0xbc ./main.o
                0x00003800                print_results
 .text.parse_delay
                0x000038bc      0x348 ./main.o
                0x000038bc                parse_delay
 .text.receive_multiple_trials
                0x00003c04       0x90 ./main.o
                0x00003c04                receive_multiple_trials
 .text.main     0x00003c94       0xb8 ./main.o
                0x00003c94                main
 .text.RAILCb_Generic
                0x00003d4c       0xc4 ./main.o
                0x00003d4c                RAILCb_Generic
 .text.__NVIC_EnableIRQ
                0x00003e10       0x3c ./oneshot_timer.o
 .text.TIMER_Valid
                0x00003e4c       0x5c ./oneshot_timer.o
 .text.TIMER_MaxCount
                0x00003ea8       0x18 ./oneshot_timer.o
 .text.TIMER_CompareSet
                0x00003ec0       0x2c ./oneshot_timer.o
 .text.TIMER_IntDisable
                0x00003eec       0x24 ./oneshot_timer.o
 .text.TIMER_TopSet
                0x00003f10       0x22 ./oneshot_timer.o
 *fill*         0x00003f32        0x2 
 .text.ONESHOT_init
                0x00003f34       0xe8 ./oneshot_timer.o
                0x00003f34                ONESHOT_init
 .text.ONESHOT_configure
                0x0000401c       0xc0 ./oneshot_timer.o
                0x0000401c                ONESHOT_configure
 .text.ONESHOT_set
                0x000040dc       0x64 ./oneshot_timer.o
                0x000040dc                ONESHOT_set
 .text.ONESHOT_is_set_coarse
                0x00004140       0x20 ./oneshot_timer.o
                0x00004140                ONESHOT_is_set_coarse
 .text.ONESHOT_delay
                0x00004160       0x3c ./oneshot_timer.o
                0x00004160                ONESHOT_delay
 .text.TIMER1_IRQHandler
                0x0000419c       0x84 ./oneshot_timer.o
                0x0000419c                TIMER1_IRQHandler
 .text.__NVIC_EnableIRQ
                0x00004220       0x3c ./periodic_event_timer.o
 .text.TIMER_Valid
                0x0000425c       0x5c ./periodic_event_timer.o
 .text.TIMER_MaxCount
                0x000042b8       0x18 ./periodic_event_timer.o
 .text.TIMER_Enable
                0x000042d0       0x2e ./periodic_event_timer.o
 .text.TIMER_IntDisable
                0x000042fe       0x24 ./periodic_event_timer.o
 .text.TIMER_TopSet
                0x00004322       0x22 ./periodic_event_timer.o
 .text.PET_configure_event
                0x00004344       0xa4 ./periodic_event_timer.o
                0x00004344                PET_configure_event
 .text.PET_disable_event
                0x000043e8       0x2c ./periodic_event_timer.o
                0x000043e8                PET_disable_event
 .text.TIMER2_IRQHandler
                0x00004414       0x4c ./periodic_event_timer.o
                0x00004414                TIMER2_IRQHandler
 .text.RAILCb_CalcBitRate
                0x00004460       0x16 ./rail_config.o
                0x00004460                RAILCb_CalcBitRate
 .text.RAILCb_ConfigFrameTypeLength
                0x00004476       0x16 ./rail_config.o
                0x00004476                RAILCb_ConfigFrameTypeLength
 .text          0x0000448c       0x30 ./rail-app-config/EFR32_B_2_2/gcc/startup_efr32bg22.o
                0x0000448c                Reset_Handler
                0x000044b8                SW2_IRQHandler
                0x000044b8                DebugMon_Handler
                0x000044b8                USART0_TX_IRQHandler
                0x000044b8                PKE_IRQHandler
                0x000044b8                IADC_IRQHandler
                0x000044b8                I2C0_IRQHandler
                0x000044b8                LFXO_IRQHandler
                0x000044b8                CRYPTOACC_IRQHandler
                0x000044b8                HardFault_Handler
                0x000044b8                SMU_SECURE_IRQHandler
                0x000044b8                SysTick_Handler
                0x000044b8                EMUEFP_IRQHandler
                0x000044b8                PendSV_Handler
                0x000044b8                NMI_Handler
                0x000044b8                HFXO0_IRQHandler
                0x000044b8                I2C1_IRQHandler
                0x000044b8                PDM_IRQHandler
                0x000044b8                WDOG0_IRQHandler
                0x000044b8                TIMER3_IRQHandler
                0x000044b8                SYSCFG_IRQHandler
                0x000044b8                EMUSE_IRQHandler
                0x000044b8                EMUDG_IRQHandler
                0x000044b8                USART1_TX_IRQHandler
                0x000044b8                SMU_PRIVILEGED_IRQHandler
                0x000044b8                MSC_IRQHandler
                0x000044b8                DPLL0_IRQHandler
                0x000044b8                UsageFault_Handler
                0x000044b8                M33CTI1_IRQHandler
                0x000044b8                TIMER4_IRQHandler
                0x000044b8                SW0_IRQHandler
                0x000044b8                ULFRCO_IRQHandler
                0x000044b8                LETIMER0_IRQHandler
                0x000044b8                HFRCO0_IRQHandler
                0x000044b8                DCDC_IRQHandler
                0x000044b8                Default_Handler
                0x000044b8                SW3_IRQHandler
                0x000044b8                KERNEL0_IRQHandler
                0x000044b8                KERNEL1_IRQHandler
                0x000044b8                sl_app_properties
                0x000044b8                BURTC_IRQHandler
                0x000044b8                LFRCO_IRQHandler
                0x000044b8                USART0_RX_IRQHandler
                0x000044b8                MemManage_Handler
                0x000044b8                SVC_Handler
                0x000044b8                SW1_IRQHandler
                0x000044b8                CMU_IRQHandler
                0x000044b8                EUART0_TX_IRQHandler
                0x000044b8                EUART0_RX_IRQHandler
                0x000044b8                AES_IRQHandler
                0x000044b8                M33CTI0_IRQHandler
                0x000044b8                ICACHE0_IRQHandler
                0x000044b8                SMU_NS_PRIVILEGED_IRQHandler
                0x000044b8                BusFault_Handler
                0x000044b8                TRNG_IRQHandler
 .text.RAIL_Init
                0x000044bc       0x34 C:/SiliconLabs/SimplicityStudio/v4/developer/sdks/gecko_sdk_suite/v2.7//platform/radio/rail_lib/autogen/librail_release/librail_efr32xg22_gcc_release.a(rail_singleprotocol.o)
                0x000044bc                RAIL_Init
 .text.RAIL_Idle
                0x000044f0        0x8 C:/SiliconLabs/SimplicityStudio/v4/developer/sdks/gecko_sdk_suite/v2.7//platform/radio/rail_lib/autogen/librail_release/librail_efr32xg22_gcc_release.a(rail_singleprotocol.o)
                0x000044f0                RAIL_Idle
 .text.RAIL_StartTxStreamAlt
                0x000044f8        0x8 C:/SiliconLabs/SimplicityStudio/v4/developer/sdks/gecko_sdk_suite/v2.7//platform/radio/rail_lib/autogen/librail_release/librail_efr32xg22_gcc_release.a(rail_singleprotocol.o)
                0x000044f8                RAIL_StartTxStreamAlt
 .text.RAIL_StartTxStream
                0x00004500        0x6 C:/SiliconLabs/SimplicityStudio/v4/developer/sdks/gecko_sdk_suite/v2.7//platform/radio/rail_lib/autogen/librail_release/librail_efr32xg22_gcc_release.a(rail_singleprotocol.o)
                0x00004500                RAIL_StartTxStream
 .text.RAIL_StopTxStream
                0x00004506        0xa C:/SiliconLabs/SimplicityStudio/v4/developer/sdks/gecko_sdk_suite/v2.7//platform/radio/rail_lib/autogen/librail_release/librail_efr32xg22_gcc_release.a(rail_singleprotocol.o)
                0x00004506                RAIL_StopTxStream
 .text.RAIL_StartRx
                0x00004510        0x8 C:/SiliconLabs/SimplicityStudio/v4/developer/sdks/gecko_sdk_suite/v2.7//platform/radio/rail_lib/autogen/librail_release/librail_efr32xg22_gcc_release.a(rail_singleprotocol.o)
                0x00004510                RAIL_StartRx
 .text.RAIL_Calibrate
                0x00004518        0x8 C:/SiliconLabs/SimplicityStudio/v4/developer/sdks/gecko_sdk_suite/v2.7//platform/radio/rail_lib/autogen/librail_release/librail_efr32xg22_gcc_release.a(rail_singleprotocol.o)
                0x00004518                RAIL_Calibrate
 .text.radioConfigChangedDefault
                0x00004520        0x2 C:/SiliconLabs/SimplicityStudio/v4/developer/sdks/gecko_sdk_suite/v2.7//platform/radio/rail_lib/autogen/librail_release/librail_efr32xg22_gcc_release.a(rail_rf.o)
 .text.isTransitionState
                0x00004522       0x12 C:/SiliconLabs/SimplicityStudio/v4/developer/sdks/gecko_sdk_suite/v2.7//platform/radio/rail_lib/autogen/librail_release/librail_efr32xg22_gcc_release.a(rail_rf.o)
 .text.RAIL_UseDma
                0x00004534        0x4 C:/SiliconLabs/SimplicityStudio/v4/developer/sdks/gecko_sdk_suite/v2.7//platform/radio/rail_lib/autogen/librail_release/librail_efr32xg22_gcc_release.a(rail_rf.o)
                0x00004534                RAIL_UseDma
 .text.RAILCore_Init
                0x00004538       0x1e C:/SiliconLabs/SimplicityStudio/v4/developer/sdks/gecko_sdk_suite/v2.7//platform/radio/rail_lib/autogen/librail_release/librail_efr32xg22_gcc_release.a(rail_rf.o)
                0x00004538                RAILINT_59121321a1358ecc506fdb12a688e30c
 *fill*         0x00004556        0x2 
 .text.RAILInt_SetCallbackConfig
                0x00004558       0x28 C:/SiliconLabs/SimplicityStudio/v4/developer/sdks/gecko_sdk_suite/v2.7//platform/radio/rail_lib/autogen/librail_release/librail_efr32xg22_gcc_release.a(rail_rf.o)
                0x00004558                RAILINT_67b8f114888c610aba62f28a55421a70
 .text.RAILCore_Idle
                0x00004580       0x14 C:/SiliconLabs/SimplicityStudio/v4/developer/sdks/gecko_sdk_suite/v2.7//platform/radio/rail_lib/autogen/librail_release/librail_efr32xg22_gcc_release.a(rail_rf.o)
                0x00004580                RAILINT_c5804fbffcb4bb00ba2d55e8180afacd
 .text.RAILInt_SetChannelRaw
                0x00004594      0x180 C:/SiliconLabs/SimplicityStudio/v4/developer/sdks/gecko_sdk_suite/v2.7//platform/radio/rail_lib/autogen/librail_release/librail_efr32xg22_gcc_release.a(rail_rf.o)
                0x00004594                RAILINT_a7edce70c9b1ddcd5d57d31ae701eb09
 .text.RAILInt_SetChannel
                0x00004714      0x134 C:/SiliconLabs/SimplicityStudio/v4/developer/sdks/gecko_sdk_suite/v2.7//platform/radio/rail_lib/autogen/librail_release/librail_efr32xg22_gcc_release.a(rail_rf.o)
                0x00004714                RAILINT_e0dfaecc04939a24e643c7a83fed51fa
 .text.RAILCore_ConfigChannels
                0x00004848       0x70 C:/SiliconLabs/SimplicityStudio/v4/developer/sdks/gecko_sdk_suite/v2.7//platform/radio/rail_lib/autogen/librail_release/librail_efr32xg22_gcc_release.a(rail_rf.o)
                0x00004848                RAILINT_4d8e913cc0a2a756e4017ab74ecff076
 .text.RAIL_ConfigChannels
                0x000048b8       0x24 C:/SiliconLabs/SimplicityStudio/v4/developer/sdks/gecko_sdk_suite/v2.7//platform/radio/rail_lib/autogen/librail_release/librail_efr32xg22_gcc_release.a(rail_rf.o)
                0x000048b8                RAIL_ConfigChannels
 .text.RAILInt_GetChannel
                0x000048dc        0x4 C:/SiliconLabs/SimplicityStudio/v4/developer/sdks/gecko_sdk_suite/v2.7//platform/radio/rail_lib/autogen/librail_release/librail_efr32xg22_gcc_release.a(rail_rf.o)
                0x000048dc                RAILINT_aa7b882f5023851e2f6a935b3993ee64
 .text.RAILCore_SetTxTransitions
                0x000048e0       0x2c C:/SiliconLabs/SimplicityStudio/v4/developer/sdks/gecko_sdk_suite/v2.7//platform/radio/rail_lib/autogen/librail_release/librail_efr32xg22_gcc_release.a(rail_rf.o)
                0x000048e0                RAILINT_60c29796d4368fee9b7d114bf204b331
 .text.RAIL_SetTxTransitions
                0x0000490c        0x8 C:/SiliconLabs/SimplicityStudio/v4/developer/sdks/gecko_sdk_suite/v2.7//platform/radio/rail_lib/autogen/librail_release/librail_efr32xg22_gcc_release.a(rail_rf.o)
                0x0000490c                RAIL_SetTxTransitions
 .text.RAILCore_SetRxTransitions
                0x00004914       0x28 C:/SiliconLabs/SimplicityStudio/v4/developer/sdks/gecko_sdk_suite/v2.7//platform/radio/rail_lib/autogen/librail_release/librail_efr32xg22_gcc_release.a(rail_rf.o)
                0x00004914                RAILINT_20405add256d5061bc482206e21c44d6
 .text.RAIL_SetRxTransitions
                0x0000493c        0x8 C:/SiliconLabs/SimplicityStudio/v4/developer/sdks/gecko_sdk_suite/v2.7//platform/radio/rail_lib/autogen/librail_release/librail_efr32xg22_gcc_release.a(rail_rf.o)
                0x0000493c                RAIL_SetRxTransitions
 .text.RAIL_ConfigEvents
                0x00004944       0x14 C:/SiliconLabs/SimplicityStudio/v4/developer/sdks/gecko_sdk_suite/v2.7//platform/radio/rail_lib/autogen/librail_release/librail_efr32xg22_gcc_release.a(rail_rf.o)
                0x00004944                RAIL_ConfigEvents
 .text.RAIL_ConfigAntenna
                0x00004958        0x6 C:/SiliconLabs/SimplicityStudio/v4/developer/sdks/gecko_sdk_suite/v2.7//platform/radio/rail_lib/autogen/librail_release/librail_efr32xg22_gcc_release.a(rail_rf.o)
                0x00004958                RAIL_ConfigAntenna
 .text.RAILCore_StartRx
                0x0000495e       0x1a C:/SiliconLabs/SimplicityStudio/v4/developer/sdks/gecko_sdk_suite/v2.7//platform/radio/rail_lib/autogen/librail_release/librail_efr32xg22_gcc_release.a(rail_rx.o)
                0x0000495e                RAILINT_b5e0637c62bb3b836502f3f63757d920
 .text.RAILInt_PaAutoModeFunction
                0x00004978      0x11e C:/SiliconLabs/SimplicityStudio/v4/developer/sdks/gecko_sdk_suite/v2.7//platform/radio/rail_lib/autogen/librail_release/librail_efr32xg22_gcc_release.a(rail_tx.o)
                0x00004978                RAILINT_818f837446a3655737f89411b0a4f121
 .text.RAILCore_StartTxStream
                0x00004a96       0x3a C:/SiliconLabs/SimplicityStudio/v4/developer/sdks/gecko_sdk_suite/v2.7//platform/radio/rail_lib/autogen/librail_release/librail_efr32xg22_gcc_release.a(rail_tx.o)
                0x00004a96                RAILINT_59a1e3a8f29d5e090128a9d6830a6ec9
 .text.RAIL_ConfigTxPower
                0x00004ad0       0x2a C:/SiliconLabs/SimplicityStudio/v4/developer/sdks/gecko_sdk_suite/v2.7//platform/radio/rail_lib/autogen/librail_release/librail_efr32xg22_gcc_release.a(rail_tx.o)
                0x00004ad0                RAIL_ConfigTxPower
 .text.RAIL_GetTxPowerConfig
                0x00004afa        0x8 C:/SiliconLabs/SimplicityStudio/v4/developer/sdks/gecko_sdk_suite/v2.7//platform/radio/rail_lib/autogen/librail_release/librail_efr32xg22_gcc_release.a(rail_tx.o)
                0x00004afa                RAIL_GetTxPowerConfig
 .text.RAIL_SetTxPowerDbm
                0x00004b02       0x48 C:/SiliconLabs/SimplicityStudio/v4/developer/sdks/gecko_sdk_suite/v2.7//platform/radio/rail_lib/autogen/librail_release/librail_efr32xg22_gcc_release.a(rail_tx.o)
                0x00004b02                RAIL_SetTxPowerDbm
 *fill*         0x00004b4a        0x2 
 .text.RAIL_EnablePaAutoMode
                0x00004b4c       0x18 C:/SiliconLabs/SimplicityStudio/v4/developer/sdks/gecko_sdk_suite/v2.7//platform/radio/rail_lib/autogen/librail_release/librail_efr32xg22_gcc_release.a(rail_tx.o)
                0x00004b4c                RAIL_EnablePaAutoMode
 .text.RAILInt_EnableCal
                0x00004b64       0x18 C:/SiliconLabs/SimplicityStudio/v4/developer/sdks/gecko_sdk_suite/v2.7//platform/radio/rail_lib/autogen/librail_release/librail_efr32xg22_gcc_release.a(rail_calibration.o)
                0x00004b64                RAILINT_d8225403880a14f30ef8977fc0f7af06
 .text.RAILInt_PendCal
                0x00004b7c       0x24 C:/SiliconLabs/SimplicityStudio/v4/developer/sdks/gecko_sdk_suite/v2.7//platform/radio/rail_lib/autogen/librail_release/librail_efr32xg22_gcc_release.a(rail_calibration.o)
                0x00004b7c                RAILINT_3f0b6529856489702e1c986caf70e7aa
 .text.RAILInt_ClearCal
                0x00004ba0       0x1e C:/SiliconLabs/SimplicityStudio/v4/developer/sdks/gecko_sdk_suite/v2.7//platform/radio/rail_lib/autogen/librail_release/librail_efr32xg22_gcc_release.a(rail_calibration.o)
                0x00004ba0                RAILINT_d39008e19c6861097c64e8e16321af16
 .text.RAILCore_Calibrate
                0x00004bbe       0x60 C:/SiliconLabs/SimplicityStudio/v4/developer/sdks/gecko_sdk_suite/v2.7//platform/radio/rail_lib/autogen/librail_release/librail_efr32xg22_gcc_release.a(rail_calibration.o)
                0x00004bbe                RAILINT_46061b2fc595edba374aad467468ff6f
 .text.RAIL_ConfigCal
                0x00004c1e       0x12 C:/SiliconLabs/SimplicityStudio/v4/developer/sdks/gecko_sdk_suite/v2.7//platform/radio/rail_lib/autogen/librail_release/librail_efr32xg22_gcc_release.a(rail_calibration.o)
                0x00004c1e                RAIL_ConfigCal
 .text.RAIL_ConfigData
                0x00004c30        0x8 C:/SiliconLabs/SimplicityStudio/v4/developer/sdks/gecko_sdk_suite/v2.7//platform/radio/rail_lib/autogen/librail_release/librail_efr32xg22_gcc_release.a(rail_data.o)
                0x00004c30                RAIL_ConfigData
 .text.RAIL_SetTxFifo
                0x00004c38        0x8 C:/SiliconLabs/SimplicityStudio/v4/developer/sdks/gecko_sdk_suite/v2.7//platform/radio/rail_lib/autogen/librail_release/librail_efr32xg22_gcc_release.a(rail_data.o)
                0x00004c38                RAIL_SetTxFifo
 .text.RAIL_SetRxFifo
                0x00004c40        0x8 C:/SiliconLabs/SimplicityStudio/v4/developer/sdks/gecko_sdk_suite/v2.7//platform/radio/rail_lib/autogen/librail_release/librail_efr32xg22_gcc_release.a(rail_data.o)
                0x00004c40                RAIL_SetRxFifo
 .text.RAILCb_SetupRxFifo
                0x00004c48       0x30 C:/SiliconLabs/SimplicityStudio/v4/developer/sdks/gecko_sdk_suite/v2.7//platform/radio/rail_lib/autogen/librail_release/librail_efr32xg22_gcc_release.a(rail_data.o)
                0x00004c48                RAILCb_SetupRxFifo
 .text.RAIL_SetTxFifoThreshold
                0x00004c78        0x8 C:/SiliconLabs/SimplicityStudio/v4/developer/sdks/gecko_sdk_suite/v2.7//platform/radio/rail_lib/autogen/librail_release/librail_efr32xg22_gcc_release.a(rail_data.o)
                0x00004c78                RAIL_SetTxFifoThreshold
 .text.RAIL_SetRxFifoThreshold
                0x00004c80        0x8 C:/SiliconLabs/SimplicityStudio/v4/developer/sdks/gecko_sdk_suite/v2.7//platform/radio/rail_lib/autogen/librail_release/librail_efr32xg22_gcc_release.a(rail_data.o)
                0x00004c80                RAIL_SetRxFifoThreshold
 .text.RAIL_GetRxFifoBytesAvailable
                0x00004c88        0x8 C:/SiliconLabs/SimplicityStudio/v4/developer/sdks/gecko_sdk_suite/v2.7//platform/radio/rail_lib/autogen/librail_release/librail_efr32xg22_gcc_release.a(rail_data.o)
                0x00004c88                RAIL_GetRxFifoBytesAvailable
 .text.RAIL_ResetFifo
                0x00004c90       0x24 C:/SiliconLabs/SimplicityStudio/v4/developer/sdks/gecko_sdk_suite/v2.7//platform/radio/rail_lib/autogen/librail_release/librail_efr32xg22_gcc_release.a(rail_data.o)
                0x00004c90                RAIL_ResetFifo
 .text.RAILCb_AssertFailed
                0x00004cb4       0x14 C:/SiliconLabs/SimplicityStudio/v4/developer/sdks/gecko_sdk_suite/v2.7//platform/radio/rail_lib/autogen/librail_release/librail_efr32xg22_gcc_release.a(rail_assert.o)
                0x00004cb4                RAILCb_AssertFailed
 .text.RAILInt_Assert
                0x00004cc8       0x1c C:/SiliconLabs/SimplicityStudio/v4/developer/sdks/gecko_sdk_suite/v2.7//platform/radio/rail_lib/autogen/librail_release/librail_efr32xg22_gcc_release.a(rail_assert.o)
                0x00004cc8                RAILINT_999bd22c50df2f99ce048cba68f11c3a
 .text.RAIL_ConfigPti
                0x00004ce4        0x6 C:/SiliconLabs/SimplicityStudio/v4/developer/sdks/gecko_sdk_suite/v2.7//platform/radio/rail_lib/autogen/librail_release/librail_efr32xg22_gcc_release.a(rail_pti.o)
                0x00004ce4                RAIL_ConfigPti
 *fill*         0x00004cea        0x2 
 .text.RAILCb_PaAutoModeDecision
                0x00004cec       0x4c C:/SiliconLabs/SimplicityStudio/v4/developer/sdks/gecko_sdk_suite/v2.7//platform/radio/rail_lib/autogen/librail_release/librail_efr32xg22_gcc_release.a(pa_auto_mode.o)
                0x00004cec                RAILCb_PaAutoModeDecision
 .text.RADIO_RACStateGet
                0x00004d38       0x10 C:/SiliconLabs/SimplicityStudio/v4/developer/sdks/gecko_sdk_suite/v2.7//platform/radio/rail_lib/autogen/librail_release/librail_efr32xg22_gcc_release.a(rail_rf_hal.o)
 .text.eventDefault
                0x00004d48        0x2 C:/SiliconLabs/SimplicityStudio/v4/developer/sdks/gecko_sdk_suite/v2.7//platform/radio/rail_lib/autogen/librail_release/librail_efr32xg22_gcc_release.a(rail_rf_hal.o)
 *fill*         0x00004d4a        0x2 
 .text.setRssiPeriod
                0x00004d4c       0x18 C:/SiliconLabs/SimplicityStudio/v4/developer/sdks/gecko_sdk_suite/v2.7//platform/radio/rail_lib/autogen/librail_release/librail_efr32xg22_gcc_release.a(rail_rf_hal.o)
 .text.updateRxAntDivConfig
                0x00004d64       0x48 C:/SiliconLabs/SimplicityStudio/v4/developer/sdks/gecko_sdk_suite/v2.7//platform/radio/rail_lib/autogen/librail_release/librail_efr32xg22_gcc_release.a(rail_rf_hal.o)
 .text.RFHAL_SelectAntenna
                0x00004dac       0x2c C:/SiliconLabs/SimplicityStudio/v4/developer/sdks/gecko_sdk_suite/v2.7//platform/radio/rail_lib/autogen/librail_release/librail_efr32xg22_gcc_release.a(rail_rf_hal.o)
 .text.RFHAL_UseDma
                0x00004dd8        0x4 C:/SiliconLabs/SimplicityStudio/v4/developer/sdks/gecko_sdk_suite/v2.7//platform/radio/rail_lib/autogen/librail_release/librail_efr32xg22_gcc_release.a(rail_rf_hal.o)
                0x00004dd8                RAILINT_355132187fb38e44497343487e6891e7
 .text.RFHAL_IntEnable
                0x00004ddc       0xa0 C:/SiliconLabs/SimplicityStudio/v4/developer/sdks/gecko_sdk_suite/v2.7//platform/radio/rail_lib/autogen/librail_release/librail_efr32xg22_gcc_release.a(rail_rf_hal.o)
                0x00004ddc                RAILINT_40412a06a73a58611332d278503bc3d6
 .text.RFHAL_SetEventCallback
                0x00004e7c       0x18 C:/SiliconLabs/SimplicityStudio/v4/developer/sdks/gecko_sdk_suite/v2.7//platform/radio/rail_lib/autogen/librail_release/librail_efr32xg22_gcc_release.a(rail_rf_hal.o)
                0x00004e7c                RAILINT_d85fb759c83f6e350ace663af6f33b19
 .text.RFHAL_Idle
                0x00004e94       0xbc C:/SiliconLabs/SimplicityStudio/v4/developer/sdks/gecko_sdk_suite/v2.7//platform/radio/rail_lib/autogen/librail_release/librail_efr32xg22_gcc_release.a(rail_rf_hal.o)
                0x00004e94                RAILINT_3041ee68c2b41950b0bf839d27f5d049
 .text.RFHAL_GetRadioState
                0x00004f50       0x40 C:/SiliconLabs/SimplicityStudio/v4/developer/sdks/gecko_sdk_suite/v2.7//platform/radio/rail_lib/autogen/librail_release/librail_efr32xg22_gcc_release.a(rail_rf_hal.o)
                0x00004f50                RAILINT_f5d04763af9c9c69bca278c1fb1e9fea
 .text.RFHAL_SetRssiOffset
                0x00004f90       0x3c C:/SiliconLabs/SimplicityStudio/v4/developer/sdks/gecko_sdk_suite/v2.7//platform/radio/rail_lib/autogen/librail_release/librail_efr32xg22_gcc_release.a(rail_rf_hal.o)
                0x00004f90                RAILINT_d4abe6aec91e25f31dead788c810c423
 .text.RFHAL_EnableRxRawCapture
                0x00004fcc       0x54 C:/SiliconLabs/SimplicityStudio/v4/developer/sdks/gecko_sdk_suite/v2.7//platform/radio/rail_lib/autogen/librail_release/librail_efr32xg22_gcc_release.a(rail_rf_hal.o)
                0x00004fcc                RAILINT_b091481120c5b69b64d1795bd186a53a
 .text.RFHAL_DisableRxRawCapture
                0x00005020       0x60 C:/SiliconLabs/SimplicityStudio/v4/developer/sdks/gecko_sdk_suite/v2.7//platform/radio/rail_lib/autogen/librail_release/librail_efr32xg22_gcc_release.a(rail_rf_hal.o)
                0x00005020                RAILINT_a3eadf0d43c66c908fc6ca41226d2d7f
 .text.RFHAL_ConfigRxOptions
                0x00005080      0x11c C:/SiliconLabs/SimplicityStudio/v4/developer/sdks/gecko_sdk_suite/v2.7//platform/radio/rail_lib/autogen/librail_release/librail_efr32xg22_gcc_release.a(rail_rf_hal.o)
                0x00005080                RAILINT_2d49aecfcb6d27d54075c2234a55d5e7
 .text.RFHAL_RunCal
                0x0000519c       0x46 C:/SiliconLabs/SimplicityStudio/v4/developer/sdks/gecko_sdk_suite/v2.7//platform/radio/rail_lib/autogen/librail_release/librail_efr32xg22_gcc_release.a(rail_rf_hal.o)
                0x0000519c                RAILINT_4a442571a7874b38672d5d69b1f130b8
 *fill*         0x000051e2        0x2 
 .text.RFHAL_SetTxTransitions
                0x000051e4       0x50 C:/SiliconLabs/SimplicityStudio/v4/developer/sdks/gecko_sdk_suite/v2.7//platform/radio/rail_lib/autogen/librail_release/librail_efr32xg22_gcc_release.a(rail_rf_hal.o)
                0x000051e4                RAILINT_023f2cf2a2a5edcfa10ef64050265cd5
 .text.RFHAL_SetRxTransitions
                0x00005234       0x5c C:/SiliconLabs/SimplicityStudio/v4/developer/sdks/gecko_sdk_suite/v2.7//platform/radio/rail_lib/autogen/librail_release/librail_efr32xg22_gcc_release.a(rail_rf_hal.o)
                0x00005234                RAILINT_ce0cca6435b4e9db157575e99b6a93a5
 .text.RFHAL_ConfigTxPower
                0x00005290       0x4a C:/SiliconLabs/SimplicityStudio/v4/developer/sdks/gecko_sdk_suite/v2.7//platform/radio/rail_lib/autogen/librail_release/librail_efr32xg22_gcc_release.a(rail_rf_hal.o)
                0x00005290                RAILINT_833ef1b435e1d6dcacb5e19d3b6f023f
 .text.RFHAL_SetTxPowerUnchecked
                0x000052da       0x3e C:/SiliconLabs/SimplicityStudio/v4/developer/sdks/gecko_sdk_suite/v2.7//platform/radio/rail_lib/autogen/librail_release/librail_efr32xg22_gcc_release.a(rail_rf_hal.o)
                0x000052da                RAILINT_39d00ddcadbc93313393e1c6bb75297c
 .text.RFHAL_SetTxPower
                0x00005318       0x84 C:/SiliconLabs/SimplicityStudio/v4/developer/sdks/gecko_sdk_suite/v2.7//platform/radio/rail_lib/autogen/librail_release/librail_efr32xg22_gcc_release.a(rail_rf_hal.o)
                0x00005318                RAILINT_eaf571e90e0b4741516c9fbb7fed2bfb
 .text.RFHAL_GetTxPowerConfig
                0x0000539c       0x12 C:/SiliconLabs/SimplicityStudio/v4/developer/sdks/gecko_sdk_suite/v2.7//platform/radio/rail_lib/autogen/librail_release/librail_efr32xg22_gcc_release.a(rail_rf_hal.o)
                0x0000539c                RAILINT_3a7f36375c49f19d1f9a6b6388464608
 .text.RFHAL_StopTestMode
                0x000053ae        0xe C:/SiliconLabs/SimplicityStudio/v4/developer/sdks/gecko_sdk_suite/v2.7//platform/radio/rail_lib/autogen/librail_release/librail_efr32xg22_gcc_release.a(rail_rf_hal.o)
                0x000053ae                RAILINT_6109deabbdfc34879984a7190d29b93e
 .text.RFHAL_StartCWTestMode
                0x000053bc       0x16 C:/SiliconLabs/SimplicityStudio/v4/developer/sdks/gecko_sdk_suite/v2.7//platform/radio/rail_lib/autogen/librail_release/librail_efr32xg22_gcc_release.a(rail_rf_hal.o)
                0x000053bc                RAILINT_78415077273757cf1beda003897a4856
 .text.RFHAL_StartStreamTestMode
                0x000053d2       0x1a C:/SiliconLabs/SimplicityStudio/v4/developer/sdks/gecko_sdk_suite/v2.7//platform/radio/rail_lib/autogen/librail_release/librail_efr32xg22_gcc_release.a(rail_rf_hal.o)
                0x000053d2                RAILINT_c585f677bab6d4c0dc1f1fd502a62727
 .text.RFHAL_SetChannel
                0x000053ec      0x168 C:/SiliconLabs/SimplicityStudio/v4/developer/sdks/gecko_sdk_suite/v2.7//platform/radio/rail_lib/autogen/librail_release/librail_efr32xg22_gcc_release.a(rail_rf_hal.o)
                0x000053ec                RAILINT_82cb69b0972fa2512c3bdb5f16e24fca
 .text.RFHAL_SetTxFifoThreshold
                0x00005554       0x50 C:/SiliconLabs/SimplicityStudio/v4/developer/sdks/gecko_sdk_suite/v2.7//platform/radio/rail_lib/autogen/librail_release/librail_efr32xg22_gcc_release.a(rail_rf_hal.o)
                0x00005554                RAILINT_c46c7e0f496143246c30d8e519ffde95
 .text.RFHAL_SetRxFifoThreshold
                0x000055a4       0x3c C:/SiliconLabs/SimplicityStudio/v4/developer/sdks/gecko_sdk_suite/v2.7//platform/radio/rail_lib/autogen/librail_release/librail_efr32xg22_gcc_release.a(rail_rf_hal.o)
                0x000055a4                RAILINT_c22ea3f133f6ae36cf32a96fa1a0d826
 .text.RFHAL_GetRxFifoBytesAvailable
                0x000055e0       0x10 C:/SiliconLabs/SimplicityStudio/v4/developer/sdks/gecko_sdk_suite/v2.7//platform/radio/rail_lib/autogen/librail_release/librail_efr32xg22_gcc_release.a(rail_rf_hal.o)
                0x000055e0                RAILINT_d8c07498160bec7acc2f38667d0e74f9
 .text.RFHAL_SetTxBuffer
                0x000055f0       0x3a C:/SiliconLabs/SimplicityStudio/v4/developer/sdks/gecko_sdk_suite/v2.7//platform/radio/rail_lib/autogen/librail_release/librail_efr32xg22_gcc_release.a(rail_rf_hal.o)
                0x000055f0                RAILINT_22f7df12e4a1d0a9505ecc05b8267876
 .text.RFHAL_SetRxBuffer
                0x0000562a       0x34 C:/SiliconLabs/SimplicityStudio/v4/developer/sdks/gecko_sdk_suite/v2.7//platform/radio/rail_lib/autogen/librail_release/librail_efr32xg22_gcc_release.a(rail_rf_hal.o)
                0x0000562a                RAILINT_c74a32ce9d9046472fb95f04500b8771
 *fill*         0x0000565e        0x2 
 .text.RFHAL_ResetTxFifo
                0x00005660       0x30 C:/SiliconLabs/SimplicityStudio/v4/developer/sdks/gecko_sdk_suite/v2.7//platform/radio/rail_lib/autogen/librail_release/librail_efr32xg22_gcc_release.a(rail_rf_hal.o)
                0x00005660                RAILINT_0030aaf1be11a73e163f8aa48fb001e6
 .text.RFHAL_ConfigData
                0x00005690       0x74 C:/SiliconLabs/SimplicityStudio/v4/developer/sdks/gecko_sdk_suite/v2.7//platform/radio/rail_lib/autogen/librail_release/librail_efr32xg22_gcc_release.a(rail_rf_hal.o)
                0x00005690                RAILINT_3249bafee0e18f9151d82aad8ddf3cdc
 .text.RFHAL_ResetRxFifo
                0x00005704       0x3c C:/SiliconLabs/SimplicityStudio/v4/developer/sdks/gecko_sdk_suite/v2.7//platform/radio/rail_lib/autogen/librail_release/librail_efr32xg22_gcc_release.a(rail_rf_hal.o)
                0x00005704                RAILINT_19f750ed6d201d6d1fe49531e310f9cd
 .text.RFHAL_ConfigRadio
                0x00005740       0x18 C:/SiliconLabs/SimplicityStudio/v4/developer/sdks/gecko_sdk_suite/v2.7//platform/radio/rail_lib/autogen/librail_release/librail_efr32xg22_gcc_release.a(rail_rf_hal.o)
                0x00005740                RAILINT_6d729d30865a1181274e70bba293b37d
 .text.RFHAL_PostRadioConfig
                0x00005758      0x10c C:/SiliconLabs/SimplicityStudio/v4/developer/sdks/gecko_sdk_suite/v2.7//platform/radio/rail_lib/autogen/librail_release/librail_efr32xg22_gcc_release.a(rail_rf_hal.o)
                0x00005758                RAILINT_6b5630b34036f93858d808a0dec3cb6b
 .text.RFHAL_ResetAddressFilter
                0x00005864       0x2c C:/SiliconLabs/SimplicityStudio/v4/developer/sdks/gecko_sdk_suite/v2.7//platform/radio/rail_lib/autogen/librail_release/librail_efr32xg22_gcc_release.a(rail_rf_hal.o)
                0x00005864                RAILINT_ab69c12a8bdde689baa3a5f9181b6b10
 .text.RFHAL_Init
                0x00005890       0xcc C:/SiliconLabs/SimplicityStudio/v4/developer/sdks/gecko_sdk_suite/v2.7//platform/radio/rail_lib/autogen/librail_release/librail_efr32xg22_gcc_release.a(rail_rf_hal.o)
                0x00005890                RAILINT_20043ff5b8e6ab39c3068dab7403a8c6
 .text.RFHAL_ConfigPti
                0x0000595c        0x4 C:/SiliconLabs/SimplicityStudio/v4/developer/sdks/gecko_sdk_suite/v2.7//platform/radio/rail_lib/autogen/librail_release/librail_efr32xg22_gcc_release.a(rail_rf_hal.o)
                0x0000595c                RAILINT_d2275ce494141a43924ec452d3ba7576
 .text.RFHAL_SetupRxChannelHoppingHardware
                0x00005960       0x3c C:/SiliconLabs/SimplicityStudio/v4/developer/sdks/gecko_sdk_suite/v2.7//platform/radio/rail_lib/autogen/librail_release/librail_efr32xg22_gcc_release.a(rail_rf_hal.o)
                0x00005960                RAILINT_766a50f4d62b8145bfeba05efaf84c8b
 .text.RFHAL_StartRx
                0x0000599c       0x2c C:/SiliconLabs/SimplicityStudio/v4/developer/sdks/gecko_sdk_suite/v2.7//platform/radio/rail_lib/autogen/librail_release/librail_efr32xg22_gcc_release.a(rail_rf_hal.o)
                0x0000599c                RAILINT_9ed13b22fb43a42cf6246a5504feed72
 .text.RFHAL_RestoreTxPreambleLength
                0x000059c8       0x34 C:/SiliconLabs/SimplicityStudio/v4/developer/sdks/gecko_sdk_suite/v2.7//platform/radio/rail_lib/autogen/librail_release/librail_efr32xg22_gcc_release.a(rail_rf_hal.o)
                0x000059c8                RAILINT_fec111ae6546d8c16e58044c8f6d2b09
 .text.GENERIC_PHY_EventCallback
                0x000059fc      0x16c C:/SiliconLabs/SimplicityStudio/v4/developer/sdks/gecko_sdk_suite/v2.7//platform/radio/rail_lib/autogen/librail_release/librail_efr32xg22_gcc_release.a(rail_rf_hal.o)
                0x000059fc                RAILINT_7d94510f515617be26a284cc8096bd57
 .text.RFHAL_ValidateModule
                0x00005b68       0x34 C:/SiliconLabs/SimplicityStudio/v4/developer/sdks/gecko_sdk_suite/v2.7//platform/radio/rail_lib/autogen/librail_release/librail_efr32xg22_gcc_release.a(rail_rf_hal.o)
                0x00005b68                RAILINT_b1e77f194f470c9ac2259b55b3c9e45f
 .text.RFHAL_ClearChannelCorrupt
                0x00005b9c       0x10 C:/SiliconLabs/SimplicityStudio/v4/developer/sdks/gecko_sdk_suite/v2.7//platform/radio/rail_lib/autogen/librail_release/librail_efr32xg22_gcc_release.a(rail_rf_hal.o)
                0x00005b9c                RAILINT_1ebf782210eb338b16b0b98d1dbf9a58
 .text.RFHAL_IsChannelCorrupt
                0x00005bac       0x10 C:/SiliconLabs/SimplicityStudio/v4/developer/sdks/gecko_sdk_suite/v2.7//platform/radio/rail_lib/autogen/librail_release/librail_efr32xg22_gcc_release.a(rail_rf_hal.o)
                0x00005bac                RAILINT_626c1fc01166bc7b6fc33ede70752233
 .text.RFHAL_BLEInvalidateSyncWordCaching
                0x00005bbc        0xc C:/SiliconLabs/SimplicityStudio/v4/developer/sdks/gecko_sdk_suite/v2.7//platform/radio/rail_lib/autogen/librail_release/librail_efr32xg22_gcc_release.a(rail_ble_rf_hal.o)
                0x00005bbc                RAILINT_8079ce497c62ea6b05ca66486d0d6c97
 .text.RFHAL_GetIrCalibration
                0x00005bc8       0x1c C:/SiliconLabs/SimplicityStudio/v4/developer/sdks/gecko_sdk_suite/v2.7//platform/radio/rail_lib/autogen/librail_release/librail_efr32xg22_gcc_release.a(rfhal_ircal.o)
                0x00005bc8                RAILINT_6b43876e7949acb475c23e3dc42944f4
 .text.IRCAL_ApplyResult
                0x00005be4       0x18 C:/SiliconLabs/SimplicityStudio/v4/developer/sdks/gecko_sdk_suite/v2.7//platform/radio/rail_lib/autogen/librail_release/librail_efr32xg22_gcc_release.a(rfhal_ircal.o)
                0x00005be4                RAILINT_a377bdc72f67299b91fadfda8820f257
 .text.RFHAL_ApplyIrCalibration
                0x00005bfc       0x28 C:/SiliconLabs/SimplicityStudio/v4/developer/sdks/gecko_sdk_suite/v2.7//platform/radio/rail_lib/autogen/librail_release/librail_efr32xg22_gcc_release.a(rfhal_ircal.o)
                0x00005bfc                RAILINT_cdd58a3e55e8dd8d2fbbb62166e06b9f
 .text.RFHAL_CalibrateIr
                0x00005c24       0x14 C:/SiliconLabs/SimplicityStudio/v4/developer/sdks/gecko_sdk_suite/v2.7//platform/radio/rail_lib/autogen/librail_release/librail_efr32xg22_gcc_release.a(rfhal_ircal.o)
                0x00005c24                RAILINT_32c304ccecba5b19690d9e7ea8ff132a
 .text.ANTENNA_SetRfPath
                0x00005c38       0x3c C:/SiliconLabs/SimplicityStudio/v4/developer/sdks/gecko_sdk_suite/v2.7//platform/radio/rail_lib/autogen/librail_release/librail_efr32xg22_gcc_release.a(rfhal_antenna.o)
                0x00005c38                RAILINT_3658b6723ab18c9d199bd55de18aba6a
 .text.RFHAL_ConfigAntenna
                0x00005c74       0x78 C:/SiliconLabs/SimplicityStudio/v4/developer/sdks/gecko_sdk_suite/v2.7//platform/radio/rail_lib/autogen/librail_release/librail_efr32xg22_gcc_release.a(rfhal_antenna.o)
                0x00005c74                RAILINT_be8a9ed192cf56141720101d6d04861c
 .text.ANTENNA_GetDefaultPath
                0x00005cec        0xc C:/SiliconLabs/SimplicityStudio/v4/developer/sdks/gecko_sdk_suite/v2.7//platform/radio/rail_lib/autogen/librail_release/librail_efr32xg22_gcc_release.a(rfhal_antenna.o)
                0x00005cec                RAILINT_036ea79c390686343777d19dd1ff79e6
 .text.checkAndAddRxLenOverflowEntry.part.1
                0x00005cf8       0x38 C:/SiliconLabs/SimplicityStudio/v4/developer/sdks/gecko_sdk_suite/v2.7//platform/radio/rail_lib/autogen/librail_release/librail_efr32xg22_gcc_release.a(rfhal_bufc.o)
 .text.BUFC_SetTxBuffer
                0x00005d30       0x3c C:/SiliconLabs/SimplicityStudio/v4/developer/sdks/gecko_sdk_suite/v2.7//platform/radio/rail_lib/autogen/librail_release/librail_efr32xg22_gcc_release.a(rfhal_bufc.o)
                0x00005d30                RAILINT_8309d0303dd52c35776f1b9d204e124b
 .text.BUFC_SetRxBuffer
                0x00005d6c       0x1c C:/SiliconLabs/SimplicityStudio/v4/developer/sdks/gecko_sdk_suite/v2.7//platform/radio/rail_lib/autogen/librail_release/librail_efr32xg22_gcc_release.a(rfhal_bufc.o)
                0x00005d6c                RAILINT_5bb11e8550b329b01c70a60522ae80ea
 .text.BUFC_WriteBuffer
                0x00005d88       0x7e C:/SiliconLabs/SimplicityStudio/v4/developer/sdks/gecko_sdk_suite/v2.7//platform/radio/rail_lib/autogen/librail_release/librail_efr32xg22_gcc_release.a(rfhal_bufc.o)
                0x00005d88                RAILINT_5a1f8c6c11575b3b85ca7be599aaafeb
 *fill*         0x00005e06        0x2 
 .text.BUFC_TxAckBufferSet
                0x00005e08       0x30 C:/SiliconLabs/SimplicityStudio/v4/developer/sdks/gecko_sdk_suite/v2.7//platform/radio/rail_lib/autogen/librail_release/librail_efr32xg22_gcc_release.a(rfhal_bufc.o)
                0x00005e08                RAILINT_93e90587b91cd23310b71dbf4dabe4b2
 .text.BUFC_RxBufferReset
                0x00005e38       0x9c C:/SiliconLabs/SimplicityStudio/v4/developer/sdks/gecko_sdk_suite/v2.7//platform/radio/rail_lib/autogen/librail_release/librail_efr32xg22_gcc_release.a(rfhal_bufc.o)
                0x00005e38                RAILINT_ea701df21b15aeabbf4f1b9be517a6fb
 .text.BUFC_Init
                0x00005ed4       0x40 C:/SiliconLabs/SimplicityStudio/v4/developer/sdks/gecko_sdk_suite/v2.7//platform/radio/rail_lib/autogen/librail_release/librail_efr32xg22_gcc_release.a(rfhal_bufc.o)
                0x00005ed4                RAILINT_a154f20c4cb0ac49904161b332487077
 .text.BUFC_ReleaseRxPacket
                0x00005f14      0x154 C:/SiliconLabs/SimplicityStudio/v4/developer/sdks/gecko_sdk_suite/v2.7//platform/radio/rail_lib/autogen/librail_release/librail_efr32xg22_gcc_release.a(rfhal_bufc.o)
                0x00005f14                RAILINT_e5f98ee4df05ffeec0898fd3dfcac7ef
 .text.BUFC_StartRxLenThrEvent
                0x00006068       0x5c C:/SiliconLabs/SimplicityStudio/v4/developer/sdks/gecko_sdk_suite/v2.7//platform/radio/rail_lib/autogen/librail_release/librail_efr32xg22_gcc_release.a(rfhal_bufc.o)
                0x00006068                RAILINT_5028a6b9d4ee8edd2bfa4ed98465cea4
 .text.BUFC_EndRxLenThrEvent
                0x000060c4       0x1c C:/SiliconLabs/SimplicityStudio/v4/developer/sdks/gecko_sdk_suite/v2.7//platform/radio/rail_lib/autogen/librail_release/librail_efr32xg22_gcc_release.a(rfhal_bufc.o)
                0x000060c4                RAILINT_c2c512a3329b63216a276e6e941de4c7
 .text.BUFC_HandleRxLenOvfEvent
                0x000060e0       0x38 C:/SiliconLabs/SimplicityStudio/v4/developer/sdks/gecko_sdk_suite/v2.7//platform/radio/rail_lib/autogen/librail_release/librail_efr32xg22_gcc_release.a(rfhal_bufc.o)
                0x000060e0                RAILINT_317b2845ec8597b7fc18708aa55d49e9
 .text.RFHAL_ValidateTxPowerModule
                0x00006118        0x2 C:/SiliconLabs/SimplicityStudio/v4/developer/sdks/gecko_sdk_suite/v2.7//platform/radio/rail_lib/autogen/librail_release/librail_efr32xg22_gcc_release.a(rfhal_module.o)
                0x00006118                RAILINT_b1b6d07988c2bfe6ce227a4f89bd02b6
 *fill*         0x0000611a        0x2 
 .text.RFHAL_VerifyChannelConfig
                0x0000611c       0x1c C:/SiliconLabs/SimplicityStudio/v4/developer/sdks/gecko_sdk_suite/v2.7//platform/radio/rail_lib/autogen/librail_release/librail_efr32xg22_gcc_release.a(rfhal_module.o)
                0x0000611c                RAILINT_93ff9f7864c62329282f1dfcb21c053a
 .text.PA_GetTxPowerConfig
                0x00006138       0x14 C:/SiliconLabs/SimplicityStudio/v4/developer/sdks/gecko_sdk_suite/v2.7//platform/radio/rail_lib/autogen/librail_release/librail_efr32xg22_gcc_release.a(rfhal_pa.o)
                0x00006138                RAILINT_932ebbe98dac87fff3c95166dfd8c7c0
 .text.PA_SupportsTxPowerMode
                0x0000614c       0x20 C:/SiliconLabs/SimplicityStudio/v4/developer/sdks/gecko_sdk_suite/v2.7//platform/radio/rail_lib/autogen/librail_release/librail_efr32xg22_gcc_release.a(rfhal_pa.o)
                0x0000614c                RAILINT_3df1686de1de769f392fb47637c177c0
 .text.PA_Config
                0x0000616c       0x94 C:/SiliconLabs/SimplicityStudio/v4/developer/sdks/gecko_sdk_suite/v2.7//platform/radio/rail_lib/autogen/librail_release/librail_efr32xg22_gcc_release.a(rfhal_pa.o)
                0x0000616c                RAILINT_213b73c530964abd11d695e9b1ed253b
 .text.PA_SetupMaxPowerLevel
                0x00006200       0x4c C:/SiliconLabs/SimplicityStudio/v4/developer/sdks/gecko_sdk_suite/v2.7//platform/radio/rail_lib/autogen/librail_release/librail_efr32xg22_gcc_release.a(rfhal_pa.o)
                0x00006200                RAILINT_35b8763cff7a5eec3b0602741356482f
 .text.PA_GetMaxPowerLevel
                0x0000624c       0x1c C:/SiliconLabs/SimplicityStudio/v4/developer/sdks/gecko_sdk_suite/v2.7//platform/radio/rail_lib/autogen/librail_release/librail_efr32xg22_gcc_release.a(rfhal_pa.o)
                0x0000624c                RAILINT_92cc3a029311f34f4b370cf65514053e
 .text.PA_SetRampTime
                0x00006268      0x208 C:/SiliconLabs/SimplicityStudio/v4/developer/sdks/gecko_sdk_suite/v2.7//platform/radio/rail_lib/autogen/librail_release/librail_efr32xg22_gcc_release.a(rfhal_pa.o)
                0x00006268                RAILINT_04cbac11d3a00364f007965ea72d9ea7
 .text.PA_SetPowerLevel
                0x00006470       0x44 C:/SiliconLabs/SimplicityStudio/v4/developer/sdks/gecko_sdk_suite/v2.7//platform/radio/rail_lib/autogen/librail_release/librail_efr32xg22_gcc_release.a(rfhal_pa.o)
                0x00006470                RAILINT_111951cdcab0e53df3caf59855bd586f
 .text.PTI_Enable
                0x000064b4       0xe8 C:/SiliconLabs/SimplicityStudio/v4/developer/sdks/gecko_sdk_suite/v2.7//platform/radio/rail_lib/autogen/librail_release/librail_efr32xg22_gcc_release.a(rfhal_pti.o)
                0x000064b4                RAILINT_9fd746c1b0bdb9ddab1c3b0ce76b12dd
 .text.PTI_Config
                0x0000659c       0xa4 C:/SiliconLabs/SimplicityStudio/v4/developer/sdks/gecko_sdk_suite/v2.7//platform/radio/rail_lib/autogen/librail_release/librail_efr32xg22_gcc_release.a(rfhal_pti.o)
                0x0000659c                RAILINT_cbcf41e99870520336197879a607a640
 .text.PTI_AuxdataOutput
                0x00006640       0x18 C:/SiliconLabs/SimplicityStudio/v4/developer/sdks/gecko_sdk_suite/v2.7//platform/radio/rail_lib/autogen/librail_release/librail_efr32xg22_gcc_release.a(rfhal_pti.o)
                0x00006640                PTI_AuxdataOutput
 .text.PROTIMER_Init
                0x00006658       0xe4 C:/SiliconLabs/SimplicityStudio/v4/developer/sdks/gecko_sdk_suite/v2.7//platform/radio/rail_lib/autogen/librail_release/librail_efr32xg22_gcc_release.a(rfhal_protimer.o)
                0x00006658                RAILINT_8e105975b01e29d2917124d3a2a6edc9
 .text.PROTIMER_Start
                0x0000673c       0x1c C:/SiliconLabs/SimplicityStudio/v4/developer/sdks/gecko_sdk_suite/v2.7//platform/radio/rail_lib/autogen/librail_release/librail_efr32xg22_gcc_release.a(rfhal_protimer.o)
                0x0000673c                RAILINT_16b5052241e30bfb5cd299c52e62f8ab
 .text.PROTIMER_CCTimerStop
                0x00006758       0x24 C:/SiliconLabs/SimplicityStudio/v4/developer/sdks/gecko_sdk_suite/v2.7//platform/radio/rail_lib/autogen/librail_release/librail_efr32xg22_gcc_release.a(rfhal_protimer.o)
                0x00006758                RAILINT_a02b12e9c2bb9c2eaabcbe30bdd2b3ab
 .text.PROTIMER_CCTimerStart
                0x0000677c      0x258 C:/SiliconLabs/SimplicityStudio/v4/developer/sdks/gecko_sdk_suite/v2.7//platform/radio/rail_lib/autogen/librail_release/librail_efr32xg22_gcc_release.a(rfhal_protimer.o)
                0x0000677c                RAILINT_fea48c6a0a5dcb75b3cd7e0e0188d110
 .text.PROTIMER_CCTimerIsEnabled
                0x000069d4       0x14 C:/SiliconLabs/SimplicityStudio/v4/developer/sdks/gecko_sdk_suite/v2.7//platform/radio/rail_lib/autogen/librail_release/librail_efr32xg22_gcc_release.a(rfhal_protimer.o)
                0x000069d4                RAILINT_d36178d195ebf16dc405b3d94462d8c7
 .text.PROTIMER_CCTimerCapture
                0x000069e8       0x18 C:/SiliconLabs/SimplicityStudio/v4/developer/sdks/gecko_sdk_suite/v2.7//platform/radio/rail_lib/autogen/librail_release/librail_efr32xg22_gcc_release.a(rfhal_protimer.o)
                0x000069e8                RAILINT_0375c6c13bc042cb0fb6e2f58650d179
 .text.PROTIMER_GetTime
                0x00006a00       0x3c C:/SiliconLabs/SimplicityStudio/v4/developer/sdks/gecko_sdk_suite/v2.7//platform/radio/rail_lib/autogen/librail_release/librail_efr32xg22_gcc_release.a(rfhal_protimer.o)
                0x00006a00                RAILINT_d4d3f20345046551073e85d6afba339a
 .text.PROTIMER_LBTStop
                0x00006a3c       0x18 C:/SiliconLabs/SimplicityStudio/v4/developer/sdks/gecko_sdk_suite/v2.7//platform/radio/rail_lib/autogen/librail_release/librail_efr32xg22_gcc_release.a(rfhal_protimer.o)
                0x00006a3c                RAILINT_29c9defa35830e42db517a1c47cc114e
 .text.PROTIMER_PrecntOverflowToUs
                0x00006a54       0x34 C:/SiliconLabs/SimplicityStudio/v4/developer/sdks/gecko_sdk_suite/v2.7//platform/radio/rail_lib/autogen/librail_release/librail_efr32xg22_gcc_release.a(rfhal_protimer.o)
                0x00006a54                RAILINT_1dfb7146b6c340088be45e5b808844a9
 .text.PROTIMER_GetUsTime
                0x00006a88        0xe C:/SiliconLabs/SimplicityStudio/v4/developer/sdks/gecko_sdk_suite/v2.7//platform/radio/rail_lib/autogen/librail_release/librail_efr32xg22_gcc_release.a(rfhal_protimer.o)
                0x00006a88                RAILINT_c5c43894280e7e5d092359ee0e4a3bcb
 *fill*         0x00006a96        0x2 
 .text.PROTIMER_UsToPrecntOverflow
                0x00006a98       0x50 C:/SiliconLabs/SimplicityStudio/v4/developer/sdks/gecko_sdk_suite/v2.7//platform/radio/rail_lib/autogen/librail_release/librail_efr32xg22_gcc_release.a(rfhal_protimer.o)
                0x00006a98                RAILINT_ccd514e4dbf9d02a98e4bcbe2ec29d6b
 .text.PROTIMER_DelayUs
                0x00006ae8       0x16 C:/SiliconLabs/SimplicityStudio/v4/developer/sdks/gecko_sdk_suite/v2.7//platform/radio/rail_lib/autogen/librail_release/librail_efr32xg22_gcc_release.a(rfhal_protimer.o)
                0x00006ae8                RAILINT_a3bef6a1689acfc8f4c844439ceb733c
 *fill*         0x00006afe        0x2 
 .text.RADIO_SeqramInitM0P
                0x00006b00       0x44 C:/SiliconLabs/SimplicityStudio/v4/developer/sdks/gecko_sdk_suite/v2.7//platform/radio/rail_lib/autogen/librail_release/librail_efr32xg22_gcc_release.a(rfhal_radio.o)
 .text.RADIO_SeqramLoadMemcpy
                0x00006b44       0x28 C:/SiliconLabs/SimplicityStudio/v4/developer/sdks/gecko_sdk_suite/v2.7//platform/radio/rail_lib/autogen/librail_release/librail_efr32xg22_gcc_release.a(rfhal_radio.o)
 .text.RADIO_ReadConfigArray
                0x00006b6c       0x44 C:/SiliconLabs/SimplicityStudio/v4/developer/sdks/gecko_sdk_suite/v2.7//platform/radio/rail_lib/autogen/librail_release/librail_efr32xg22_gcc_release.a(rfhal_radio.o)
 .text.RADIO_GetOpcodeAddress
                0x00006bb0       0x18 C:/SiliconLabs/SimplicityStudio/v4/developer/sdks/gecko_sdk_suite/v2.7//platform/radio/rail_lib/autogen/librail_release/librail_efr32xg22_gcc_release.a(rfhal_radio.o)
                0x00006bb0                RAILINT_887611763de1cbf6e85d5b354bcca426
 .text.RADIO_ReadRegWhileInactive
                0x00006bc8       0x74 C:/SiliconLabs/SimplicityStudio/v4/developer/sdks/gecko_sdk_suite/v2.7//platform/radio/rail_lib/autogen/librail_release/librail_efr32xg22_gcc_release.a(rfhal_radio.o)
                0x00006bc8                RAILINT_1f55ea742a1ba5f857e215bf16182760
 .text.RADIO_SetAndForgetWrite
                0x00006c3c       0x50 C:/SiliconLabs/SimplicityStudio/v4/developer/sdks/gecko_sdk_suite/v2.7//platform/radio/rail_lib/autogen/librail_release/librail_efr32xg22_gcc_release.a(rfhal_radio.o)
                0x00006c3c                RAILINT_89727e3a666e4c7176188d30b8bafda4
 .text.RADIO_SeqInit
                0x00006c8c       0x5c C:/SiliconLabs/SimplicityStudio/v4/developer/sdks/gecko_sdk_suite/v2.7//platform/radio/rail_lib/autogen/librail_release/librail_efr32xg22_gcc_release.a(rfhal_radio.o)
                0x00006c8c                RAILINT_0742fb6d07f3bc6569a4f853fab6d13b
 .text.RADIO_ClockEnable
                0x00006ce8       0x50 C:/SiliconLabs/SimplicityStudio/v4/developer/sdks/gecko_sdk_suite/v2.7//platform/radio/rail_lib/autogen/librail_release/librail_efr32xg22_gcc_release.a(rfhal_radio.o)
                0x00006ce8                RAILINT_2f59d45cdf711c2da6f6c18c53307062
 .text.RADIO_Init
                0x00006d38       0x58 C:/SiliconLabs/SimplicityStudio/v4/developer/sdks/gecko_sdk_suite/v2.7//platform/radio/rail_lib/autogen/librail_release/librail_efr32xg22_gcc_release.a(rfhal_radio.o)
                0x00006d38                RAILINT_3847d509158789abf28c8f309e81ccb4
 .text.RADIO_ClockFreqGet
                0x00006d90       0x1c C:/SiliconLabs/SimplicityStudio/v4/developer/sdks/gecko_sdk_suite/v2.7//platform/radio/rail_lib/autogen/librail_release/librail_efr32xg22_gcc_release.a(rfhal_radio.o)
                0x00006d90                RAILINT_61072351127ca861ab3b792c81e2416a
 .text.RADIO_Config
                0x00006dac       0xcc C:/SiliconLabs/SimplicityStudio/v4/developer/sdks/gecko_sdk_suite/v2.7//platform/radio/rail_lib/autogen/librail_release/librail_efr32xg22_gcc_release.a(rfhal_radio.o)
                0x00006dac                RAILINT_fba63741bb147dec4868880dd5d9d63b
 .text.RADIO_GetRssi
                0x00006e78       0x78 C:/SiliconLabs/SimplicityStudio/v4/developer/sdks/gecko_sdk_suite/v2.7//platform/radio/rail_lib/autogen/librail_release/librail_efr32xg22_gcc_release.a(rfhal_radio.o)
                0x00006e78                RAILINT_49c1638648869baaf18ca93f541e7dd3
 .text.RADIO_RACGetPreviousState
                0x00006ef0       0x18 C:/SiliconLabs/SimplicityStudio/v4/developer/sdks/gecko_sdk_suite/v2.7//platform/radio/rail_lib/autogen/librail_release/librail_efr32xg22_gcc_release.a(rfhal_radio.o)
                0x00006ef0                RAILINT_a7b3e6c4db8513726690106e2192f295
 .text.RFTEST_SaveRadioConfiguration
                0x00006f08       0x4c C:/SiliconLabs/SimplicityStudio/v4/developer/sdks/gecko_sdk_suite/v2.7//platform/radio/rail_lib/autogen/librail_release/librail_efr32xg22_gcc_release.a(rfhal_rftest.o)
                0x00006f08                RAILINT_a2fc103ea77ae76e9f0ee1e7a15cbe2d
 .text.RFTEST_StartCwTx
                0x00006f54       0x64 C:/SiliconLabs/SimplicityStudio/v4/developer/sdks/gecko_sdk_suite/v2.7//platform/radio/rail_lib/autogen/librail_release/librail_efr32xg22_gcc_release.a(rfhal_rftest.o)
                0x00006f54                RAILINT_fd7b9486df5e8cde508606d7d3d6c38c
 .text.RFTEST_StartStreamTx
                0x00006fb8       0x70 C:/SiliconLabs/SimplicityStudio/v4/developer/sdks/gecko_sdk_suite/v2.7//platform/radio/rail_lib/autogen/librail_release/librail_efr32xg22_gcc_release.a(rfhal_rftest.o)
                0x00006fb8                RAILINT_cacbbcba4f320b7db0c4d7d8d240345a
 .text.RFTEST_StopTx
                0x00007028        0x6 C:/SiliconLabs/SimplicityStudio/v4/developer/sdks/gecko_sdk_suite/v2.7//platform/radio/rail_lib/autogen/librail_release/librail_efr32xg22_gcc_release.a(rfhal_rftest.o)
                0x00007028                RAILINT_aa333ecee88cff86b80d3a0b64efefd8
 *fill*         0x0000702e        0x2 
 .text.RFTEST_RestoreRadioConfiguration
                0x00007030       0x60 C:/SiliconLabs/SimplicityStudio/v4/developer/sdks/gecko_sdk_suite/v2.7//platform/radio/rail_lib/autogen/librail_release/librail_efr32xg22_gcc_release.a(rfhal_rftest.o)
                0x00007030                RAILINT_f72d3fc629febc7d31890c8bab0236da
 .text.RFSENSE_IRQHandler
                0x00007090       0x10 C:/SiliconLabs/SimplicityStudio/v4/developer/sdks/gecko_sdk_suite/v2.7//platform/radio/rail_lib/autogen/librail_release/librail_efr32xg22_gcc_release.a(rfhal_rfsense.o)
                0x00007090                RFSENSE_IRQHandler
 .text.RFRAND_SeedProtimerRandom
                0x000070a0       0x24 C:/SiliconLabs/SimplicityStudio/v4/developer/sdks/gecko_sdk_suite/v2.7//platform/radio/rail_lib/autogen/librail_release/librail_efr32xg22_gcc_release.a(rfhal_rand.o)
                0x000070a0                RAILINT_8eec7cad63620a62d7b73bab33eafd6c
 .text.PRORTC_IRQHandlerOverride
                0x000070c4       0x14 C:/SiliconLabs/SimplicityStudio/v4/developer/sdks/gecko_sdk_suite/v2.7//platform/radio/rail_lib/autogen/librail_release/librail_efr32xg22_gcc_release.a(rfhal_rtccsync.o)
                0x000070c4                PRORTC_IRQHandlerOverride
 .text.PRORTC_IRQHandler
                0x000070d8       0x14 C:/SiliconLabs/SimplicityStudio/v4/developer/sdks/gecko_sdk_suite/v2.7//platform/radio/rail_lib/autogen/librail_release/librail_efr32xg22_gcc_release.a(rfhal_rtccsync.o)
                0x000070d8                PRORTC_IRQHandler
 .text.SYNTH_CalculateConfig
                0x000070ec      0x2e8 C:/SiliconLabs/SimplicityStudio/v4/developer/sdks/gecko_sdk_suite/v2.7//platform/radio/rail_lib/autogen/librail_release/librail_efr32xg22_gcc_release.a(rfhal_synth.o)
                0x000070ec                RAILINT_4eb2ae9f36fa4cbec3cde3a1c7fac051
 .text.SYNTH_Config
                0x000073d4       0x88 C:/SiliconLabs/SimplicityStudio/v4/developer/sdks/gecko_sdk_suite/v2.7//platform/radio/rail_lib/autogen/librail_release/librail_efr32xg22_gcc_release.a(rfhal_synth.o)
                0x000073d4                RAILINT_02bfb1ed752e3e1fc3b1ad06532f94f9
 .text.SYNTH_DCDCRetimeEnable
                0x0000745c        0x2 C:/SiliconLabs/SimplicityStudio/v4/developer/sdks/gecko_sdk_suite/v2.7//platform/radio/rail_lib/autogen/librail_release/librail_efr32xg22_gcc_release.a(rfhal_synth.o)
                0x0000745c                RAILINT_282e8e595cc122f4255fffe5b736491a
 *fill*         0x0000745e        0x2 
 .text.TEMPCAL_Init
                0x00007460       0x14 C:/SiliconLabs/SimplicityStudio/v4/developer/sdks/gecko_sdk_suite/v2.7//platform/radio/rail_lib/autogen/librail_release/librail_efr32xg22_gcc_release.a(rfhal_tempcal.o)
                0x00007460                RAILINT_49d18d23563d6be8a8e77be7702cfc3a
 .text.TEMPCAL_Perform
                0x00007474       0x18 C:/SiliconLabs/SimplicityStudio/v4/developer/sdks/gecko_sdk_suite/v2.7//platform/radio/rail_lib/autogen/librail_release/librail_efr32xg22_gcc_release.a(rfhal_tempcal.o)
                0x00007474                RAILINT_d69d1437b83d95bc293543a2ccf6bbd6
 .text.TIMING_SeqTimingInit
                0x0000748c       0x6c C:/SiliconLabs/SimplicityStudio/v4/developer/sdks/gecko_sdk_suite/v2.7//platform/radio/rail_lib/autogen/librail_release/librail_efr32xg22_gcc_release.a(rfhal_timings.o)
                0x0000748c                RAILINT_d8d3b90489b72dce55d2d56ba684a110
 .text.TIMING_NsToStimerTickCalc
                0x000074f8       0x2c C:/SiliconLabs/SimplicityStudio/v4/developer/sdks/gecko_sdk_suite/v2.7//platform/radio/rail_lib/autogen/librail_release/librail_efr32xg22_gcc_release.a(rfhal_timings.o)
                0x000074f8                RAILINT_e465fca5bd9b19f518b0d08aa82de4e4
 .text.TIMING_InitStimer
                0x00007524       0x84 C:/SiliconLabs/SimplicityStudio/v4/developer/sdks/gecko_sdk_suite/v2.7//platform/radio/rail_lib/autogen/librail_release/librail_efr32xg22_gcc_release.a(rfhal_timings.o)
                0x00007524                RAILINT_dcd2132659b3fec6d0a2a9ffbcb95240
 .text.TIMING_Recalculate
                0x000075a8      0x138 C:/SiliconLabs/SimplicityStudio/v4/developer/sdks/gecko_sdk_suite/v2.7//platform/radio/rail_lib/autogen/librail_release/librail_efr32xg22_gcc_release.a(rfhal_timings.o)
                0x000075a8                RAILINT_85a3ac751c0cad03fb68537f712f5198
 .text.RADIO_SeqGlobalInit
                0x000076e0       0x58 C:/SiliconLabs/SimplicityStudio/v4/developer/sdks/gecko_sdk_suite/v2.7//platform/radio/rail_lib/autogen/librail_release/librail_efr32xg22_gcc_release.a(seq_globals.o)
                0x000076e0                RAILINT_bbae20613830af1fea4487f4a528382e
 .text.GENERIC_PHY_ConfigureRollbackReporting
                0x00007738       0x6c C:/SiliconLabs/SimplicityStudio/v4/developer/sdks/gecko_sdk_suite/v2.7//platform/radio/rail_lib/autogen/librail_release/librail_efr32xg22_gcc_release.a(generic_phy.o)
 .text.GENERIC_PHY_ClearPendedRxWindowEnd
                0x000077a4       0x1c C:/SiliconLabs/SimplicityStudio/v4/developer/sdks/gecko_sdk_suite/v2.7//platform/radio/rail_lib/autogen/librail_release/librail_efr32xg22_gcc_release.a(generic_phy.o)
 .text.GENERIC_PHY_NormalTransmitCleanup
                0x000077c0       0x4c C:/SiliconLabs/SimplicityStudio/v4/developer/sdks/gecko_sdk_suite/v2.7//platform/radio/rail_lib/autogen/librail_release/librail_efr32xg22_gcc_release.a(generic_phy.o)
 .text.RADIO_RACRxAbort
                0x0000780c       0x3c C:/SiliconLabs/SimplicityStudio/v4/developer/sdks/gecko_sdk_suite/v2.7//platform/radio/rail_lib/autogen/librail_release/librail_efr32xg22_gcc_release.a(generic_phy.o)
 .text.GENERIC_PHY_DisableRadioIrqs
                0x00007848       0x98 C:/SiliconLabs/SimplicityStudio/v4/developer/sdks/gecko_sdk_suite/v2.7//platform/radio/rail_lib/autogen/librail_release/librail_efr32xg22_gcc_release.a(generic_phy.o)
 .text.GENERIC_PHY_ConfigureEvents
                0x000078e0      0x3a0 C:/SiliconLabs/SimplicityStudio/v4/developer/sdks/gecko_sdk_suite/v2.7//platform/radio/rail_lib/autogen/librail_release/librail_efr32xg22_gcc_release.a(generic_phy.o)
                0x000078e0                RAILINT_549ae7c6edbff50f2340752aad688b72
 .text.GENERIC_PHY_IsTxStartCcaEventEnabled
                0x00007c80       0x10 C:/SiliconLabs/SimplicityStudio/v4/developer/sdks/gecko_sdk_suite/v2.7//platform/radio/rail_lib/autogen/librail_release/librail_efr32xg22_gcc_release.a(generic_phy.o)
                0x00007c80                RAILINT_a483270e48b718db45c103e9defee8ea
 .text.GENERIC_PHY_IsRssiAverageDoneEventEnabled
                0x00007c90       0x10 C:/SiliconLabs/SimplicityStudio/v4/developer/sdks/gecko_sdk_suite/v2.7//platform/radio/rail_lib/autogen/librail_release/librail_efr32xg22_gcc_release.a(generic_phy.o)
                0x00007c90                RAILINT_ad9977edf125b088e2cf64b119d24936
 .text.GENERIC_PHY_Init
                0x00007ca0       0x68 C:/SiliconLabs/SimplicityStudio/v4/developer/sdks/gecko_sdk_suite/v2.7//platform/radio/rail_lib/autogen/librail_release/librail_efr32xg22_gcc_release.a(generic_phy.o)
                0x00007ca0                RAILINT_46afedb5ae9454ff7210c7321de838ec
 .text.GENERIC_PHY_SeqAtomicLock
                0x00007d08       0x30 C:/SiliconLabs/SimplicityStudio/v4/developer/sdks/gecko_sdk_suite/v2.7//platform/radio/rail_lib/autogen/librail_release/librail_efr32xg22_gcc_release.a(generic_phy.o)
                0x00007d08                RAILINT_9abb371cecd1acb6f4540a93e27c2b42
 .text.GENERIC_PHY_RadioIdleStart
                0x00007d38       0x6c C:/SiliconLabs/SimplicityStudio/v4/developer/sdks/gecko_sdk_suite/v2.7//platform/radio/rail_lib/autogen/librail_release/librail_efr32xg22_gcc_release.a(generic_phy.o)
                0x00007d38                RAILINT_ac5219ce597015175e372df854e224da
 .text.GENERIC_PHY_ResetRxFifo
                0x00007da4       0x5c C:/SiliconLabs/SimplicityStudio/v4/developer/sdks/gecko_sdk_suite/v2.7//platform/radio/rail_lib/autogen/librail_release/librail_efr32xg22_gcc_release.a(generic_phy.o)
                0x00007da4                RAILINT_26621d98bc1a2dc74b7093edea89d850
 .text.GENERIC_PHY_RadioIdleFinish
                0x00007e00      0x140 C:/SiliconLabs/SimplicityStudio/v4/developer/sdks/gecko_sdk_suite/v2.7//platform/radio/rail_lib/autogen/librail_release/librail_efr32xg22_gcc_release.a(generic_phy.o)
                0x00007e00                RAILINT_0fce62b0e7940d3538ecacfdf9afe779
 .text.FRC_IRQHandler
                0x00007f40      0x8b0 C:/SiliconLabs/SimplicityStudio/v4/developer/sdks/gecko_sdk_suite/v2.7//platform/radio/rail_lib/autogen/librail_release/librail_efr32xg22_gcc_release.a(generic_phy.o)
                0x00007f40                FRC_IRQHandler
 .text.FRC_PRI_IRQHandler
                0x000087f0        0x4 C:/SiliconLabs/SimplicityStudio/v4/developer/sdks/gecko_sdk_suite/v2.7//platform/radio/rail_lib/autogen/librail_release/librail_efr32xg22_gcc_release.a(generic_phy.o)
                0x000087f0                FRC_PRI_IRQHandler
 .text.BUFC_IRQHandler
                0x000087f4        0x4 C:/SiliconLabs/SimplicityStudio/v4/developer/sdks/gecko_sdk_suite/v2.7//platform/radio/rail_lib/autogen/librail_release/librail_efr32xg22_gcc_release.a(generic_phy.o)
                0x000087f4                BUFC_IRQHandler
 .text.PROTIMER_IRQHandler
                0x000087f8        0x4 C:/SiliconLabs/SimplicityStudio/v4/developer/sdks/gecko_sdk_suite/v2.7//platform/radio/rail_lib/autogen/librail_release/librail_efr32xg22_gcc_release.a(generic_phy.o)
                0x000087f8                PROTIMER_IRQHandler
 .text.RAC_SEQ_IRQHandler
                0x000087fc        0x4 C:/SiliconLabs/SimplicityStudio/v4/developer/sdks/gecko_sdk_suite/v2.7//platform/radio/rail_lib/autogen/librail_release/librail_efr32xg22_gcc_release.a(generic_phy.o)
                0x000087fc                RAC_SEQ_IRQHandler
 .text.RAILCb_RadioStateChanged
                0x00008800       0x18 C:/SiliconLabs/SimplicityStudio/v4/developer/sdks/gecko_sdk_suite/v2.7//platform/radio/rail_lib/autogen/librail_release/librail_efr32xg22_gcc_release.a(generic_phy.o)
                0x00008800                RAILCb_RadioStateChanged
 .text.RAC_RSM_IRQHandler
                0x00008818       0x28 C:/SiliconLabs/SimplicityStudio/v4/developer/sdks/gecko_sdk_suite/v2.7//platform/radio/rail_lib/autogen/librail_release/librail_efr32xg22_gcc_release.a(generic_phy.o)
                0x00008818                RAC_RSM_IRQHandler
 .text.MODEM_IRQHandler
                0x00008840        0x4 C:/SiliconLabs/SimplicityStudio/v4/developer/sdks/gecko_sdk_suite/v2.7//platform/radio/rail_lib/autogen/librail_release/librail_efr32xg22_gcc_release.a(generic_phy.o)
                0x00008840                MODEM_IRQHandler
 .text.AGC_IRQHandler
                0x00008844       0x44 C:/SiliconLabs/SimplicityStudio/v4/developer/sdks/gecko_sdk_suite/v2.7//platform/radio/rail_lib/autogen/librail_release/librail_efr32xg22_gcc_release.a(generic_phy.o)
                0x00008844                AGC_IRQHandler
 .text.SYNTH_IRQHandler
                0x00008888       0x18 C:/SiliconLabs/SimplicityStudio/v4/developer/sdks/gecko_sdk_suite/v2.7//platform/radio/rail_lib/autogen/librail_release/librail_efr32xg22_gcc_release.a(generic_phy.o)
                0x00008888                SYNTH_IRQHandler
 .text.RDMAILBOX_IRQHandler
                0x000088a0       0x24 C:/SiliconLabs/SimplicityStudio/v4/developer/sdks/gecko_sdk_suite/v2.7//platform/radio/rail_lib/autogen/librail_release/librail_efr32xg22_gcc_release.a(generic_phy.o)
                0x000088a0                RDMAILBOX_IRQHandler
 .text.GENERIC_PHY_SetFeatures
                0x000088c4       0x24 C:/SiliconLabs/SimplicityStudio/v4/developer/sdks/gecko_sdk_suite/v2.7//platform/radio/rail_lib/autogen/librail_release/librail_efr32xg22_gcc_release.a(generic_phy.o)
                0x000088c4                RAILINT_1446b673acaddfc4b02974cda9fee981
 .text.RAIL_ConvertDbmToRaw
                0x000088e8       0xbc C:/SiliconLabs/SimplicityStudio/v4/developer/sdks/gecko_sdk_suite/v2.7//platform/radio/rail_lib/autogen/librail_release/librail_efr32xg22_gcc_release.a(pa_conversions_efr32.o)
                0x000088e8                RAIL_ConvertDbmToRaw
 .text.RFHAL_CheckForBeamDummy
                0x000089a4        0x6 C:/SiliconLabs/SimplicityStudio/v4/developer/sdks/gecko_sdk_suite/v2.7//platform/radio/rail_lib/autogen/librail_release/librail_efr32xg22_gcc_release.a(rail_zwave_rf_hal.o)
 *fill*         0x000089aa        0x2 
 .text.RFHAL_ConfigureHfxoForAuxAdc
                0x000089ac       0xbc C:/SiliconLabs/SimplicityStudio/v4/developer/sdks/gecko_sdk_suite/v2.7//platform/radio/rail_lib/autogen/librail_release/librail_efr32xg22_gcc_release.a(rfhal_thermistor.o)
 .text.RFHAL_ConfigureAuxAdcForSupplyMeasurement
                0x00008a68       0x4c C:/SiliconLabs/SimplicityStudio/v4/developer/sdks/gecko_sdk_suite/v2.7//platform/radio/rail_lib/autogen/librail_release/librail_efr32xg22_gcc_release.a(rfhal_thermistor.o)
                0x00008a68                RAILINT_c642da939f0225d018ab466748096014
 .text.RFHAL_ThermistorGetEmuTemperature
                0x00008ab4       0x26 C:/SiliconLabs/SimplicityStudio/v4/developer/sdks/gecko_sdk_suite/v2.7//platform/radio/rail_lib/autogen/librail_release/librail_efr32xg22_gcc_release.a(rfhal_thermistor.o)
                0x00008ab4                RAILINT_77a1963222d7b7b8571f64986f54b371
 *fill*         0x00008ada        0x2 
 .text.RFHAL_AuxAdcMeasure
                0x00008adc       0x3c C:/SiliconLabs/SimplicityStudio/v4/developer/sdks/gecko_sdk_suite/v2.7//platform/radio/rail_lib/autogen/librail_release/librail_efr32xg22_gcc_release.a(rfhal_thermistor.o)
                0x00008adc                RAILINT_2a9be3c2acfc8c4685dc91bd319d9308
 .text.RFHAL_ThermistorMeasureFSM
                0x00008b18      0x220 C:/SiliconLabs/SimplicityStudio/v4/developer/sdks/gecko_sdk_suite/v2.7//platform/radio/rail_lib/autogen/librail_release/librail_efr32xg22_gcc_release.a(rfhal_thermistor.o)
                0x00008b18                RAILINT_dd3143554c43e3489ebafbaaf7e51da5
 .text          0x00008d38       0x30 c:/siliconlabs/simplicitystudio/v4/developer/toolchains/gnu_arm/7.2_2017q4/bin/../lib/gcc/arm-none-eabi/7.2.1/thumb/v8-m.main/fpv5-sp/hard\libgcc.a(_aeabi_uldivmod.o)
                0x00008d38                __aeabi_uldivmod
 .text          0x00008d68      0x2e0 c:/siliconlabs/simplicitystudio/v4/developer/toolchains/gnu_arm/7.2_2017q4/bin/../lib/gcc/arm-none-eabi/7.2.1/thumb/v8-m.main/fpv5-sp/hard\libgcc.a(_udivmoddi4.o)
                0x00008d68                __udivmoddi4
 .text          0x00009048        0x4 c:/siliconlabs/simplicitystudio/v4/developer/toolchains/gnu_arm/7.2_2017q4/bin/../lib/gcc/arm-none-eabi/7.2.1/thumb/v8-m.main/fpv5-sp/hard\libgcc.a(_dvmd_tls.o)
                0x00009048                __aeabi_idiv0
                0x00009048                __aeabi_ldiv0
 .text.exit     0x0000904c       0x28 c:/siliconlabs/simplicitystudio/v4/developer/toolchains/gnu_arm/7.2_2017q4/bin/../lib/gcc/arm-none-eabi/7.2.1/../../../../arm-none-eabi/lib/thumb/v8-m.main/fpv5-sp/hard\libc_nano.a(lib_a-exit.o)
                0x0000904c                exit
 .text.__libc_init_array
                0x00009074       0x48 c:/siliconlabs/simplicitystudio/v4/developer/toolchains/gnu_arm/7.2_2017q4/bin/../lib/gcc/arm-none-eabi/7.2.1/../../../../arm-none-eabi/lib/thumb/v8-m.main/fpv5-sp/hard\libc_nano.a(lib_a-init.o)
                0x00009074                __libc_init_array
 .text.memcpy   0x000090bc       0x16 c:/siliconlabs/simplicitystudio/v4/developer/toolchains/gnu_arm/7.2_2017q4/bin/../lib/gcc/arm-none-eabi/7.2.1/../../../../arm-none-eabi/lib/thumb/v8-m.main/fpv5-sp/hard\libc_nano.a(lib_a-memcpy-stub.o)
                0x000090bc                memcpy
 .text.memset   0x000090d2       0x10 c:/siliconlabs/simplicitystudio/v4/developer/toolchains/gnu_arm/7.2_2017q4/bin/../lib/gcc/arm-none-eabi/7.2.1/../../../../arm-none-eabi/lib/thumb/v8-m.main/fpv5-sp/hard\libc_nano.a(lib_a-memset.o)
                0x000090d2                memset
 *fill*         0x000090e2        0x2 
 .text.printf   0x000090e4       0x30 c:/siliconlabs/simplicitystudio/v4/developer/toolchains/gnu_arm/7.2_2017q4/bin/../lib/gcc/arm-none-eabi/7.2.1/../../../../arm-none-eabi/lib/thumb/v8-m.main/fpv5-sp/hard\libc_nano.a(lib_a-printf.o)
                0x000090e4                iprintf
                0x000090e4                printf
 .text.setvbuf  0x00009114      0x158 c:/siliconlabs/simplicitystudio/v4/developer/toolchains/gnu_arm/7.2_2017q4/bin/../lib/gcc/arm-none-eabi/7.2.1/../../../../arm-none-eabi/lib/thumb/v8-m.main/fpv5-sp/hard\libc_nano.a(lib_a-setvbuf.o)
                0x00009114                setvbuf
 .text.__sflush_r
                0x0000926c      0x108 c:/siliconlabs/simplicitystudio/v4/developer/toolchains/gnu_arm/7.2_2017q4/bin/../lib/gcc/arm-none-eabi/7.2.1/../../../../arm-none-eabi/lib/thumb/v8-m.main/fpv5-sp/hard\libc_nano.a(lib_a-fflush.o)
                0x0000926c                __sflush_r
 .text._fflush_r