Archive member included to satisfy reference by file (symbol)

C:/SiliconLabs/SimplicityStudio/v4/developer/sdks/gecko_sdk_suite/v2.7//platform/radio/rail_lib/autogen/librail_release/librail_efr32xg22_gcc_release.a(rail_singleprotocol.o)
                              ./main.o (RAIL_Init)
C:/SiliconLabs/SimplicityStudio/v4/developer/sdks/gecko_sdk_suite/v2.7//platform/radio/rail_lib/autogen/librail_release/librail_efr32xg22_gcc_release.a(rail_rf.o)
                              ./hal-efr32/hal_efr.o (RAIL_UseDma)
C:/SiliconLabs/SimplicityStudio/v4/developer/sdks/gecko_sdk_suite/v2.7//platform/radio/rail_lib/autogen/librail_release/librail_efr32xg22_gcc_release.a(rail_rx.o)
                              C:/SiliconLabs/SimplicityStudio/v4/developer/sdks/gecko_sdk_suite/v2.7//platform/radio/rail_lib/autogen/librail_release/librail_efr32xg22_gcc_release.a(rail_singleprotocol.o) (RAILINT_b5e0637c62bb3b836502f3f63757d920)
C:/SiliconLabs/SimplicityStudio/v4/developer/sdks/gecko_sdk_suite/v2.7//platform/radio/rail_lib/autogen/librail_release/librail_efr32xg22_gcc_release.a(rail_tx.o)
                              C:/SiliconLabs/SimplicityStudio/v4/developer/sdks/gecko_sdk_suite/v2.7//platform/radio/rail_lib/autogen/librail_release/librail_efr32xg22_gcc_release.a(rail_singleprotocol.o) (RAILINT_59a1e3a8f29d5e090128a9d6830a6ec9)
C:/SiliconLabs/SimplicityStudio/v4/developer/sdks/gecko_sdk_suite/v2.7//platform/radio/rail_lib/autogen/librail_release/librail_efr32xg22_gcc_release.a(rail_calibration.o)
                              C:/SiliconLabs/SimplicityStudio/v4/developer/sdks/gecko_sdk_suite/v2.7//platform/radio/rail_lib/autogen/librail_release/librail_efr32xg22_gcc_release.a(rail_singleprotocol.o) (RAILINT_46061b2fc595edba374aad467468ff6f)
C:/SiliconLabs/SimplicityStudio/v4/developer/sdks/gecko_sdk_suite/v2.7//platform/radio/rail_lib/autogen/librail_release/librail_efr32xg22_gcc_release.a(rail_data.o)
                              ./main.o (RAIL_ConfigData)
C:/SiliconLabs/SimplicityStudio/v4/developer/sdks/gecko_sdk_suite/v2.7//platform/radio/rail_lib/autogen/librail_release/librail_efr32xg22_gcc_release.a(rail_assert.o)
                              C:/SiliconLabs/SimplicityStudio/v4/developer/sdks/gecko_sdk_suite/v2.7//platform/radio/rail_lib/autogen/librail_release/librail_efr32xg22_gcc_release.a(rail_rf.o) (RAILINT_999bd22c50df2f99ce048cba68f11c3a)
C:/SiliconLabs/SimplicityStudio/v4/developer/sdks/gecko_sdk_suite/v2.7//platform/radio/rail_lib/autogen/librail_release/librail_efr32xg22_gcc_release.a(rail_pti.o)
                              ./hal-efr32/hal_efr.o (RAIL_ConfigPti)
C:/SiliconLabs/SimplicityStudio/v4/developer/sdks/gecko_sdk_suite/v2.7//platform/radio/rail_lib/autogen/librail_release/librail_efr32xg22_gcc_release.a(rail_rssi.o)
                              C:/SiliconLabs/SimplicityStudio/v4/developer/sdks/gecko_sdk_suite/v2.7//platform/radio/rail_lib/autogen/librail_release/librail_efr32xg22_gcc_release.a(rail_singleprotocol.o) (RAILINT_2ae173a878096855d408617a125c7b42)
C:/SiliconLabs/SimplicityStudio/v4/developer/sdks/gecko_sdk_suite/v2.7//platform/radio/rail_lib/autogen/librail_release/librail_efr32xg22_gcc_release.a(rail_timer.o)
                              ./tx.o (RAIL_GetTime)
C:/SiliconLabs/SimplicityStudio/v4/developer/sdks/gecko_sdk_suite/v2.7//platform/radio/rail_lib/autogen/librail_release/librail_efr32xg22_gcc_release.a(tmrdrv.o)
                              C:/SiliconLabs/SimplicityStudio/v4/developer/sdks/gecko_sdk_suite/v2.7//platform/radio/rail_lib/autogen/librail_release/librail_efr32xg22_gcc_release.a(rail_timer.o) (RAILINT_4f0ff74d9bf6909df45aa720074551b9)
C:/SiliconLabs/SimplicityStudio/v4/developer/sdks/gecko_sdk_suite/v2.7//platform/radio/rail_lib/autogen/librail_release/librail_efr32xg22_gcc_release.a(tmrdrv_config.o)
                              C:/SiliconLabs/SimplicityStudio/v4/developer/sdks/gecko_sdk_suite/v2.7//platform/radio/rail_lib/autogen/librail_release/librail_efr32xg22_gcc_release.a(tmrdrv.o) (RAILINT_984b452274fd8ccd354c81a698356dd4)
C:/SiliconLabs/SimplicityStudio/v4/developer/sdks/gecko_sdk_suite/v2.7//platform/radio/rail_lib/autogen/librail_release/librail_efr32xg22_gcc_release.a(pa_auto_mode.o)
                              C:/SiliconLabs/SimplicityStudio/v4/developer/sdks/gecko_sdk_suite/v2.7//platform/radio/rail_lib/autogen/librail_release/librail_efr32xg22_gcc_release.a(rail_tx.o) (RAILCb_PaAutoModeDecision)
C:/SiliconLabs/SimplicityStudio/v4/developer/sdks/gecko_sdk_suite/v2.7//platform/radio/rail_lib/autogen/librail_release/librail_efr32xg22_gcc_release.a(rail_rf_hal.o)
                              C:/SiliconLabs/SimplicityStudio/v4/developer/sdks/gecko_sdk_suite/v2.7//platform/radio/rail_lib/autogen/librail_release/librail_efr32xg22_gcc_release.a(rail_rf.o) (RAILINT_e83ed27ac39cc8c7176cfbf14bd68c25)
[...]
Memory Configuration

Name             Origin             Length             Attributes
FLASH            0x00000000         0x00080000         xr
RAM              0x20000000         0x00008000         xrw
*default*        0x00000000         0xffffffff

Linker script and memory map

LOAD c:/siliconlabs/simplicitystudio/v4/developer/toolchains/gnu_arm/7.2_2017q4/bin/../lib/gcc/arm-none-eabi/7.2.1/thumb/v8-m.main/fpv5-sp/hard/crti.o
LOAD c:/siliconlabs/simplicitystudio/v4/developer/toolchains/gnu_arm/7.2_2017q4/bin/../lib/gcc/arm-none-eabi/7.2.1/thumb/v8-m.main/fpv5-sp/hard/crtbegin.o
LOAD c:/siliconlabs/simplicitystudio/v4/developer/toolchains/gnu_arm/7.2_2017q4/bin/../lib/gcc/arm-none-eabi/7.2.1/../../../../arm-none-eabi/lib/thumb/v8-m.main/fpv5-sp/hard/crt0.o
                0x00080000                FLASH_SIZE = 0x80000
                0x00008000                RAM_SIZE = 0x8000
                0x00001000                FLASH_PAGE_SIZE = 0x1000
                0x00000000                SIMEEPROM_SIZE = 0x0
                0x00000000                PSSTORE_SIZE = 0x0
                0x00000000                LONGTOKEN_SIZE = 0x0
                0x00000200                HEADER_SIZE = 0x200
                0x00006000                BTL_SIZE = 0x6000
                0x00002000                LOCKBITS_IN_MAINFLASH_SIZE = 0x2000
                0x00000001                APP_BTL = 0x1
                0x00000000                EMBER_MALLOC_HEAP_SIZE = 0x0
START GROUP
LOAD ./emdrv/dmadrv.o
LOAD ./emdrv/gpiointerrupt.o
LOAD ./emdrv/sl_sleeptimer.o
LOAD ./emdrv/sl_sleeptimer_hal_rtcc.o
LOAD ./emdrv/sleep.o
LOAD ./emdrv/tempdrv.o
LOAD ./emdrv/ustimer.o
LOAD ./emlib/em_adc.o
LOAD ./emlib/em_cmu.o
LOAD ./emlib/em_core.o
LOAD ./emlib/em_emu.o
LOAD ./emlib/em_eusart.o
LOAD ./emlib/em_gpio.o
LOAD ./emlib/em_i2c.o
LOAD ./emlib/em_ldma.o
LOAD ./emlib/em_leuart.o
LOAD ./emlib/em_msc.o
LOAD ./emlib/em_prs.o
LOAD ./emlib/em_rmu.o
LOAD ./emlib/em_rtcc.o
LOAD ./emlib/em_se.o
LOAD ./emlib/em_system.o
LOAD ./emlib/em_timer.o
LOAD ./emlib/em_usart.o
LOAD ./emlib/em_wdog.o
LOAD ./emlib/system_efr32bg22.o
LOAD ./external-generated-files/bootloader-interface-app.o
LOAD ./external-generated-files/bootloader-interface.o
LOAD ./external-generated-files/btl_interface.o
LOAD ./external-generated-files/btl_interface_storage.o
LOAD ./hal-efr32/bsp_init.o
LOAD ./hal-efr32/bsp_stk.o
LOAD ./hal-efr32/bsp_stk_leds.o
LOAD ./hal-efr32/dmactrl.o
LOAD ./hal-efr32/em_assert.o
LOAD ./hal-efr32/em_rtc.o
LOAD ./hal-efr32/hal_common.o
LOAD ./hal-efr32/hal_efr.o
LOAD ./hal-efr32/i2cspm.o
LOAD ./hal-efr32/mx25flash_spi.o
LOAD ./hal-efr32/retargetio.o
LOAD ./hal-efr32/retargetserial.o
LOAD ./hal-efr32/udelay.o
LOAD ./led_assert.o
LOAD ./main.o
LOAD ./rail_config.o
LOAD ./rx.o
LOAD ./tx.o
LOAD ./rail-app-config/EFR32_B_2_2/gcc/startup_efr32bg22.o
LOAD C:/SiliconLabs/SimplicityStudio/v4/developer/sdks/gecko_sdk_suite/v2.7//platform/radio/rail_lib/autogen/librail_release/librail_efr32xg22_gcc_release.a
LOAD c:/siliconlabs/simplicitystudio/v4/developer/toolchains/gnu_arm/7.2_2017q4/bin/../lib/gcc/arm-none-eabi/7.2.1/../../../../arm-none-eabi/lib/thumb/v8-m.main/fpv5-sp/hard\libm.a
END GROUP
START GROUP
LOAD c:/siliconlabs/simplicitystudio/v4/developer/toolchains/gnu_arm/7.2_2017q4/bin/../lib/gcc/arm-none-eabi/7.2.1/thumb/v8-m.main/fpv5-sp/hard\libgcc.a
LOAD c:/siliconlabs/simplicitystudio/v4/developer/toolchains/gnu_arm/7.2_2017q4/bin/../lib/gcc/arm-none-eabi/7.2.1/../../../../arm-none-eabi/lib/thumb/v8-m.main/fpv5-sp/hard\libc_nano.a
LOAD c:/siliconlabs/simplicitystudio/v4/developer/toolchains/gnu_arm/7.2_2017q4/bin/../lib/gcc/arm-none-eabi/7.2.1/../../../../arm-none-eabi/lib/thumb/v8-m.main/fpv5-sp/hard\libnosys.a
END GROUP
START GROUP
LOAD c:/siliconlabs/simplicitystudio/v4/developer/toolchains/gnu_arm/7.2_2017q4/bin/../lib/gcc/arm-none-eabi/7.2.1/thumb/v8-m.main/fpv5-sp/hard\libgcc.a
LOAD c:/siliconlabs/simplicitystudio/v4/developer/toolchains/gnu_arm/7.2_2017q4/bin/../lib/gcc/arm-none-eabi/7.2.1/../../../../arm-none-eabi/lib/thumb/v8-m.main/fpv5-sp/hard\libg_nano.a
LOAD c:/siliconlabs/simplicitystudio/v4/developer/toolchains/gnu_arm/7.2_2017q4/bin/../lib/gcc/arm-none-eabi/7.2.1/../../../../arm-none-eabi/lib/thumb/v8-m.main/fpv5-sp/hard\libc_nano.a
END GROUP
START GROUP
LOAD c:/siliconlabs/simplicitystudio/v4/developer/toolchains/gnu_arm/7.2_2017q4/bin/../lib/gcc/arm-none-eabi/7.2.1/thumb/v8-m.main/fpv5-sp/hard\libgcc.a
LOAD c:/siliconlabs/simplicitystudio/v4/developer/toolchains/gnu_arm/7.2_2017q4/bin/../lib/gcc/arm-none-eabi/7.2.1/../../../../arm-none-eabi/lib/thumb/v8-m.main/fpv5-sp/hard\libc_nano.a
END GROUP
LOAD c:/siliconlabs/simplicitystudio/v4/developer/toolchains/gnu_arm/7.2_2017q4/bin/../lib/gcc/arm-none-eabi/7.2.1/thumb/v8-m.main/fpv5-sp/hard/crtend.o
LOAD c:/siliconlabs/simplicitystudio/v4/developer/toolchains/gnu_arm/7.2_2017q4/bin/../lib/gcc/arm-none-eabi/7.2.1/thumb/v8-m.main/fpv5-sp/hard/crtn.o

.text           0x00000000     0xa850
 *(.vectors)
 .vectors       0x00000000      0x140 ./rail-app-config/EFR32_B_2_2/gcc/startup_efr32bg22.o
                0x00000000                __Vectors
                0x00000140                __Vectors_End = .
                0x00000140                __Vectors_Size = (__Vectors_End - __Vectors)
                0x00000140                __end__ = .
 *(.text*)
 .text          0x00000140       0x40 c:/siliconlabs/simplicitystudio/v4/developer/toolchains/gnu_arm/7.2_2017q4/bin/../lib/gcc/arm-none-eabi/7.2.1/thumb/v8-m.main/fpv5-sp/hard/crtbegin.o
 .text          0x00000180       0x74 c:/siliconlabs/simplicitystudio/v4/developer/toolchains/gnu_arm/7.2_2017q4/bin/../lib/gcc/arm-none-eabi/7.2.1/../../../../arm-none-eabi/lib/thumb/v8-m.main/fpv5-sp/hard/crt0.o
                0x00000180                _start
                0x00000180                _mainCRTStartup
 .text.DMADRV_AllocateChannel
                0x000001f4       0x58 ./emdrv/dmadrv.o
                0x000001f4                DMADRV_AllocateChannel
 .text.DMADRV_Init
                0x0000024c       0x6c ./emdrv/dmadrv.o
                0x0000024c                DMADRV_Init
 .text.LDMA_IRQHandler
                0x000002b8       0x74 ./emdrv/dmadrv.o
                0x000002b8                LDMA_IRQHandler
 .text.GPIOINT_IRQDispatcher
                0x0000032c       0x2c ./emdrv/gpiointerrupt.o
 .text.GPIO_EVEN_IRQHandler
                0x00000358       0x28 ./emdrv/gpiointerrupt.o
                0x00000358                GPIO_EVEN_IRQHandler
 .text.GPIO_ODD_IRQHandler
                0x00000380       0x28 ./emdrv/gpiointerrupt.o
                0x00000380                GPIO_ODD_IRQHandler
 .text.delta_list_insert_timer
                0x000003a8       0x48 ./emdrv/sl_sleeptimer.o
 .text.update_first_timer_delta
                0x000003f0       0x34 ./emdrv/sl_sleeptimer.o
 .text.set_comparator_for_next_timer
                0x00000424       0x28 ./emdrv/sl_sleeptimer.o
 .text.delta_list_remove_timer
                0x0000044c       0x38 ./emdrv/sl_sleeptimer.o
 .text.process_timer_irq
                0x00000484       0xf4 ./emdrv/sl_sleeptimer.o
                0x00000484                process_timer_irq
 .text.sleeptimer_hal_get_counter
                0x00000578        0xe ./emdrv/sl_sleeptimer_hal_rtcc.o
                0x00000578                sleeptimer_hal_get_counter
 *fill*         0x00000586        0x2 
 .text.sleeptimer_hal_set_compare
                0x00000588       0x58 ./emdrv/sl_sleeptimer_hal_rtcc.o
                0x00000588                sleeptimer_hal_set_compare
 .text.sleeptimer_hal_enable_int
                0x000005e0       0x18 ./emdrv/sl_sleeptimer_hal_rtcc.o
                0x000005e0                sleeptimer_hal_enable_int
 .text.sleeptimer_hal_disable_int
                0x000005f8       0x30 ./emdrv/sl_sleeptimer_hal_rtcc.o
                0x000005f8                sleeptimer_hal_disable_int
 .text.RTCC_IRQHandler
                0x00000628       0x34 ./emdrv/sl_sleeptimer_hal_rtcc.o
                0x00000628                RTCC_IRQHandler
 .text.updateInterrupts
                0x0000065c       0xd4 ./emdrv/tempdrv.o
 .text.TEMPDRV_GetTemp
                0x00000730       0x22 ./emdrv/tempdrv.o
                0x00000730                TEMPDRV_GetTemp
 *fill*         0x00000752        0x2 
 .text.TEMPDRV_IRQHandler
                0x00000754       0x64 ./emdrv/tempdrv.o
                0x00000754                TEMPDRV_IRQHandler
 .text.EMU_IRQHandler
                0x000007b8        0x4 ./emdrv/tempdrv.o
                0x000007b8                EMU_IRQHandler
 .text.TIMER0_IRQHandler
                0x000007bc       0x20 ./emdrv/ustimer.o
                0x000007bc                TIMER0_IRQHandler
 .text.EMU_VScaleGet
                0x000007dc       0x1c ./emlib/em_cmu.o
 .text.em01GrpaClkGet
                0x000007f8       0x48 ./emlib/em_cmu.o
 .text.iadcClkGet
                0x00000840       0x44 ./emlib/em_cmu.o
 .text.em01GrpbClkGet
                0x00000884       0x64 ./emlib/em_cmu.o
 .text.em23GrpaClkGet
                0x000008e8       0x48 ./emlib/em_cmu.o
 .text.wdog0ClkGet
                0x00000930       0x54 ./emlib/em_cmu.o
 .text.rtccClkGet
                0x00000984       0x48 ./emlib/em_cmu.o
 .text.em4GrpaClkGet
                0x000009cc       0x48 ./emlib/em_cmu.o
 .text.euart0ClkGet
                0x00000a14       0x3c ./emlib/em_cmu.o
 .text.CMU_ClockEnable
                0x00000a50       0x40 ./emlib/em_cmu.o
                0x00000a50                CMU_ClockEnable
 .text.CMU_ClockDivGet
                0x00000a90       0x54 ./emlib/em_cmu.o
                0x00000a90                CMU_ClockDivGet
 .text.CMU_ClockFreqGet
                0x00000ae4      0x17a ./emlib/em_cmu.o
                0x00000ae4                CMU_ClockFreqGet
 *fill*         0x00000c5e        0x2 
 .text.rhclkPrescOptimize
                0x00000c60       0x24 ./emlib/em_cmu.o
 .text.flashWaitStateControl
                0x00000c84       0x50 ./emlib/em_cmu.o
 .text.waitStateMax
                0x00000cd4       0x10 ./emlib/em_cmu.o
 .text.CMU_UpdateWaitStates
                0x00000ce4        0xc ./emlib/em_cmu.o
                0x00000ce4                CMU_UpdateWaitStates
 .text.CMU_ClockDivSet.part.1
                0x00000cf0       0x4c ./emlib/em_cmu.o
 .text.CMU_ClockDivSet
                0x00000d3c       0x68 ./emlib/em_cmu.o
                0x00000d3c                CMU_ClockDivSet
 .text.pclkDivMax
                0x00000da4        0xa ./emlib/em_cmu.o
 *fill*         0x00000dae        0x2 
 .text.pclkDivOptimize
                0x00000db0       0x24 ./emlib/em_cmu.o
 .text.CMU_ClockSelectSet
                0x00000dd4      0x280 ./emlib/em_cmu.o
                0x00000dd4                CMU_ClockSelectSet
 .text.CORE_EnterCritical
                0x00001054        0x8 ./emlib/em_core.o
                0x00001054                CORE_EnterCritical
 .text.CORE_ExitCritical
                0x0000105c        0x6 ./emlib/em_core.o
                0x0000105c                CORE_ExitCritical
 .text.CORE_EnterAtomic
                0x00001062        0x8 ./emlib/em_core.o
                0x00001062                CORE_EnterAtomic
 .text.CORE_ExitAtomic
                0x0000106a        0x4 ./emlib/em_core.o
                0x0000106a                CORE_ExitAtomic
 *fill*         0x0000106e        0x2 
 .text.EMU_VScaleEM01
                0x00001070       0x70 ./emlib/em_emu.o
                0x00001070                EMU_VScaleEM01
 .text.EMU_VScaleEM01ByClock
                0x000010e0       0x30 ./emlib/em_emu.o
                0x000010e0                EMU_VScaleEM01ByClock
 .text.EMU_DCDCModeSet
                0x00001110       0x70 ./emlib/em_emu.o
                0x00001110                EMU_DCDCModeSet
 .text.EMU_DCDCInit
                0x00001180       0x7c ./emlib/em_emu.o
                0x00001180                EMU_DCDCInit
 .text.GPIO_PinModeSet
                0x000011fc       0x84 ./emlib/em_gpio.o
                0x000011fc                GPIO_PinModeSet
 .text.LDMA_Init
                0x00001280       0x64 ./emlib/em_ldma.o
                0x00001280                LDMA_Init
 .text.SYSTEM_ChipRevisionGet
                0x000012e4       0x2c ./emlib/em_system.o
                0x000012e4                SYSTEM_ChipRevisionGet
 .text.USART_BaudrateAsyncSet
                0x00001310       0x60 ./emlib/em_usart.o
                0x00001310                USART_BaudrateAsyncSet
 .text.USART_Enable
                0x00001370       0x1e ./emlib/em_usart.o
                0x00001370                USART_Enable
 *fill*         0x0000138e        0x2 
 .text.USART_Reset
                0x00001390       0x5c ./emlib/em_usart.o
                0x00001390                USART_Reset
 .text.USART_InitAsync
                0x000013ec       0xf8 ./emlib/em_usart.o
                0x000013ec                USART_InitAsync
 .text.USART_Rx
                0x000014e4        0xc ./emlib/em_usart.o
                0x000014e4                USART_Rx
 .text.USART_Tx
                0x000014f0        0xa ./emlib/em_usart.o
                0x000014f0                USART_Tx
 *fill*         0x000014fa        0x2 
 .text.SystemInit
                0x000014fc       0x1c ./emlib/system_efr32bg22.o
                0x000014fc                SystemInit
 .text.SystemSYSCLKGet
                0x00001518       0x34 ./emlib/system_efr32bg22.o
                0x00001518                SystemSYSCLKGet
 .text.SystemHCLKGet
                0x0000154c       0x24 ./emlib/system_efr32bg22.o
                0x0000154c                SystemHCLKGet
 .text.SystemMaxCoreClockGet
                0x00001570        0x8 ./emlib/system_efr32bg22.o
                0x00001570                SystemMaxCoreClockGet
 .text.SystemHFXOClockGet
                0x00001578        0xc ./emlib/system_efr32bg22.o
                0x00001578                SystemHFXOClockGet
 .text.SystemHFRCODPLLClockGet
                0x00001584        0xc ./emlib/system_efr32bg22.o
                0x00001584                SystemHFRCODPLLClockGet
 .text.SystemCLKIN0Get
                0x00001590        0x4 ./emlib/system_efr32bg22.o
                0x00001590                SystemCLKIN0Get
 .text.SystemFSRCOClockGet
                0x00001594        0x8 ./emlib/system_efr32bg22.o
                0x00001594                SystemFSRCOClockGet
 .text.SystemLFRCOClockGet
                0x0000159c        0x6 ./emlib/system_efr32bg22.o
                0x0000159c                SystemLFRCOClockGet
 .text.SystemULFRCOClockGet
                0x000015a2        0x6 ./emlib/system_efr32bg22.o
                0x000015a2                SystemULFRCOClockGet
 .text.SystemLFXOClockGet
                0x000015a8        0xc ./emlib/system_efr32bg22.o
                0x000015a8                SystemLFXOClockGet
 .text.BSP_initDcdc
                0x000015b4       0x1c ./hal-efr32/bsp_init.o
                0x000015b4                BSP_initDcdc
 .text.BSP_initClocks
                0x000015d0       0x32 ./hal-efr32/bsp_init.o
                0x000015d0                BSP_initClocks
 *fill*         0x00001602        0x2 
 .text.BSP_initDevice
                0x00001604       0x48 ./hal-efr32/bsp_init.o
                0x00001604                BSP_initDevice
 .text.BSP_initBoard
                0x0000164c       0x16 ./hal-efr32/bsp_init.o
                0x0000164c                BSP_initBoard
 .text.BSP_LedsInit
                0x00001662       0x1a ./hal-efr32/bsp_stk_leds.o
                0x00001662                BSP_LedsInit
 .text.BSP_LedSet
                0x0000167c       0x14 ./hal-efr32/bsp_stk_leds.o
                0x0000167c                BSP_LedSet
 .text.halInit  0x00001690        0x8 ./hal-efr32/hal_common.o
                0x00001690                halInit
 .text.halInitChipSpecific
                0x00001698       0x7c ./hal-efr32/hal_efr.o
                0x00001698                halInitChipSpecific
 .text._close   0x00001714        0x4 ./hal-efr32/retargetio.o
                0x00001714                _close
 .text._exit    0x00001718        0x2 ./hal-efr32/retargetio.o
                0x00001718                _exit
 .text._fstat   0x0000171a        0xa ./hal-efr32/retargetio.o
                0x0000171a                _fstat
 .text._isatty  0x00001724        0x4 ./hal-efr32/retargetio.o
                0x00001724                _isatty
 .text._lseek   0x00001728        0x4 ./hal-efr32/retargetio.o
                0x00001728                _lseek
 .text._read    0x0000172c       0x2a ./hal-efr32/retargetio.o
                0x0000172c                _read
 *fill*         0x00001756        0x2 
 .text._sbrk    0x00001758       0x1c ./hal-efr32/retargetio.o
                0x00001758                _sbrk
 .text._write   0x00001774       0x1c ./hal-efr32/retargetio.o
                0x00001774                _write
 .text.USART1_RX_IRQHandler
                0x00001790       0x50 ./hal-efr32/retargetserial.o
                0x00001790                USART1_RX_IRQHandler
 .text.RETARGET_SerialInit
                0x000017e0       0xbc ./hal-efr32/retargetserial.o
                0x000017e0                RETARGET_SerialInit
 .text.RETARGET_ReadChar
                0x0000189c       0x64 ./hal-efr32/retargetserial.o
                0x0000189c                RETARGET_ReadChar
 .text.RETARGET_WriteChar
                0x00001900       0x38 ./hal-efr32/retargetserial.o
                0x00001900                RETARGET_WriteChar
 .text.assert   0x00001938        0xc ./led_assert.o
                0x00001938                assert
 .text.event_handler
                0x00001944       0x3a ./main.o
                0x00001944                event_handler
 *fill*         0x0000197e        0x2 
 .text.RAILCb_SetupRxFifo
                0x00001980       0x38 ./main.o
                0x00001980                RAILCb_SetupRxFifo
 .text.startup.main
                0x000019b8      0x1b0 ./main.o
                0x000019b8                main
 .text.RAILCb_CalcBitRate
                0x00001b68        0x4 ./rail_config.o
                0x00001b68                RAILCb_CalcBitRate
 .text.RAILCb_ConfigFrameTypeLength
                0x00001b6c        0x2 ./rail_config.o
                0x00001b6c                RAILCb_ConfigFrameTypeLength
 *fill*         0x00001b6e        0x2 
 .text.RX_loop  0x00001b70       0xa4 ./rx.o
                0x00001b70                RX_loop
 .text          0x00001c14       0x30 ./rail-app-config/EFR32_B_2_2/gcc/startup_efr32bg22.o
                0x00001c14                Reset_Handler
                0x00001c40                SW2_IRQHandler
                0x00001c40                TIMER2_IRQHandler
                0x00001c40                DebugMon_Handler
                0x00001c40                USART0_TX_IRQHandler
                0x00001c40                PKE_IRQHandler
                0x00001c40                IADC_IRQHandler
                0x00001c40                I2C0_IRQHandler
                0x00001c40                LFXO_IRQHandler
                0x00001c40                CRYPTOACC_IRQHandler
                0x00001c40                HardFault_Handler
                0x00001c40                SMU_SECURE_IRQHandler
                0x00001c40                SysTick_Handler
                0x00001c40                EMUEFP_IRQHandler
                0x00001c40                PendSV_Handler
                0x00001c40                NMI_Handler
                0x00001c40                HFXO0_IRQHandler
                0x00001c40                I2C1_IRQHandler
                0x00001c40                PDM_IRQHandler
                0x00001c40                WDOG0_IRQHandler
                0x00001c40                TIMER3_IRQHandler
                0x00001c40                SYSCFG_IRQHandler
                0x00001c40                EMUSE_IRQHandler
                0x00001c40                EMUDG_IRQHandler
                0x00001c40                USART1_TX_IRQHandler
                0x00001c40                SMU_PRIVILEGED_IRQHandler
                0x00001c40                MSC_IRQHandler
                0x00001c40                DPLL0_IRQHandler
                0x00001c40                UsageFault_Handler
                0x00001c40                M33CTI1_IRQHandler
                0x00001c40                TIMER4_IRQHandler
                0x00001c40                SW0_IRQHandler
                0x00001c40                ULFRCO_IRQHandler
                0x00001c40                LETIMER0_IRQHandler
                0x00001c40                TIMER1_IRQHandler
                0x00001c40                HFRCO0_IRQHandler
                0x00001c40                DCDC_IRQHandler
                0x00001c40                Default_Handler
                0x00001c40                SW3_IRQHandler
                0x00001c40                KERNEL0_IRQHandler
                0x00001c40                KERNEL1_IRQHandler
                0x00001c40                sl_app_properties
                0x00001c40                BURTC_IRQHandler
                0x00001c40                LFRCO_IRQHandler
                0x00001c40                USART0_RX_IRQHandler
                0x00001c40                MemManage_Handler
                0x00001c40                SVC_Handler
                0x00001c40                SW1_IRQHandler
                0x00001c40                CMU_IRQHandler
                0x00001c40                EUART0_TX_IRQHandler
                0x00001c40                EUART0_RX_IRQHandler
                0x00001c40                AES_IRQHandler
                0x00001c40                M33CTI0_IRQHandler
                0x00001c40                ICACHE0_IRQHandler
                0x00001c40                SMU_NS_PRIVILEGED_IRQHandler
                0x00001c40                BusFault_Handler
                0x00001c40                TRNG_IRQHandler
 .text.RAIL_Init
                0x00001c44       0x34 C:/SiliconLabs/SimplicityStudio/v4/developer/sdks/gecko_sdk_suite/v2.7//platform/radio/rail_lib/autogen/librail_release/librail_efr32xg22_gcc_release.a(rail_singleprotocol.o)
                0x00001c44                RAIL_Init
 .text.RAIL_IsInitialized
                0x00001c78        0xc C:/SiliconLabs/SimplicityStudio/v4/developer/sdks/gecko_sdk_suite/v2.7//platform/radio/rail_lib/autogen/librail_release/librail_efr32xg22_gcc_release.a(rail_singleprotocol.o)
                0x00001c78                RAIL_IsInitialized
 .text.RAIL_Idle
                0x00001c84        0x8 C:/SiliconLabs/SimplicityStudio/v4/developer/sdks/gecko_sdk_suite/v2.7//platform/radio/rail_lib/autogen/librail_release/librail_efr32xg22_gcc_release.a(rail_singleprotocol.o)
                0x00001c84                RAIL_Idle
 .text.RAIL_StartTxStreamAlt
                0x00001c8c        0x8 C:/SiliconLabs/SimplicityStudio/v4/developer/sdks/gecko_sdk_suite/v2.7//platform/radio/rail_lib/autogen/librail_release/librail_efr32xg22_gcc_release.a(rail_singleprotocol.o)
                0x00001c8c                RAIL_StartTxStreamAlt
 .text.RAIL_StartTxStream
                0x00001c94        0x6 C:/SiliconLabs/SimplicityStudio/v4/developer/sdks/gecko_sdk_suite/v2.7//platform/radio/rail_lib/autogen/librail_release/librail_efr32xg22_gcc_release.a(rail_singleprotocol.o)
                0x00001c94                RAIL_StartTxStream
 .text.RAIL_StartRx
                0x00001c9a        0x8 C:/SiliconLabs/SimplicityStudio/v4/developer/sdks/gecko_sdk_suite/v2.7//platform/radio/rail_lib/autogen/librail_release/librail_efr32xg22_gcc_release.a(rail_singleprotocol.o)
                0x00001c9a                RAIL_StartRx
 .text.RAIL_Calibrate
                0x00001ca2        0x8 C:/SiliconLabs/SimplicityStudio/v4/developer/sdks/gecko_sdk_suite/v2.7//platform/radio/rail_lib/autogen/librail_release/librail_efr32xg22_gcc_release.a(rail_singleprotocol.o)
                0x00001ca2                RAIL_Calibrate
 .text.radioConfigChangedDefault
                0x00001caa        0x2 C:/SiliconLabs/SimplicityStudio/v4/developer/sdks/gecko_sdk_suite/v2.7//platform/radio/rail_lib/autogen/librail_release/librail_efr32xg22_gcc_release.a(rail_rf.o)
 .text.RAIL_UseDma
                0x00001cac        0x4 C:/SiliconLabs/SimplicityStudio/v4/developer/sdks/gecko_sdk_suite/v2.7//platform/radio/rail_lib/autogen/librail_release/librail_efr32xg22_gcc_release.a(rail_rf.o)
                0x00001cac                RAIL_UseDma
 .text.RAILCore_Init
                0x00001cb0       0x1e C:/SiliconLabs/SimplicityStudio/v4/developer/sdks/gecko_sdk_suite/v2.7//platform/radio/rail_lib/autogen/librail_release/librail_efr32xg22_gcc_release.a(rail_rf.o)
                0x00001cb0                RAILINT_59121321a1358ecc506fdb12a688e30c
 *fill*         0x00001cce        0x2 
 .text.RAILInt_SetCallbackConfig
                0x00001cd0       0x28 C:/SiliconLabs/SimplicityStudio/v4/developer/sdks/gecko_sdk_suite/v2.7//platform/radio/rail_lib/autogen/librail_release/librail_efr32xg22_gcc_release.a(rail_rf.o)
                0x00001cd0                RAILINT_67b8f114888c610aba62f28a55421a70
 .text.RAILCore_Idle
                0x00001cf8       0x14 C:/SiliconLabs/SimplicityStudio/v4/developer/sdks/gecko_sdk_suite/v2.7//platform/radio/rail_lib/autogen/librail_release/librail_efr32xg22_gcc_release.a(rail_rf.o)
                0x00001cf8                RAILINT_c5804fbffcb4bb00ba2d55e8180afacd
 .text.RAILInt_SetChannelRaw
                0x00001d0c      0x180 C:/SiliconLabs/SimplicityStudio/v4/developer/sdks/gecko_sdk_suite/v2.7//platform/radio/rail_lib/autogen/librail_release/librail_efr32xg22_gcc_release.a(rail_rf.o)
                0x00001d0c                RAILINT_a7edce70c9b1ddcd5d57d31ae701eb09
 .text.RAILInt_SetChannel
                0x00001e8c      0x134 C:/SiliconLabs/SimplicityStudio/v4/developer/sdks/gecko_sdk_suite/v2.7//platform/radio/rail_lib/autogen/librail_release/librail_efr32xg22_gcc_release.a(rail_rf.o)
                0x00001e8c                RAILINT_e0dfaecc04939a24e643c7a83fed51fa
 .text.RAILCore_ConfigChannels
                0x00001fc0       0x70 C:/SiliconLabs/SimplicityStudio/v4/developer/sdks/gecko_sdk_suite/v2.7//platform/radio/rail_lib/autogen/librail_release/librail_efr32xg22_gcc_release.a(rail_rf.o)
                0x00001fc0                RAILINT_4d8e913cc0a2a756e4017ab74ecff076
 .text.RAIL_ConfigChannels
                0x00002030       0x24 C:/SiliconLabs/SimplicityStudio/v4/developer/sdks/gecko_sdk_suite/v2.7//platform/radio/rail_lib/autogen/librail_release/librail_efr32xg22_gcc_release.a(rail_rf.o)
                0x00002030                RAIL_ConfigChannels
 .text.RAILInt_GetChannel
                0x00002054        0x4 C:/SiliconLabs/SimplicityStudio/v4/developer/sdks/gecko_sdk_suite/v2.7//platform/radio/rail_lib/autogen/librail_release/librail_efr32xg22_gcc_release.a(rail_rf.o)
                0x00002054                RAILINT_aa7b882f5023851e2f6a935b3993ee64
 .text.RAIL_ConfigEvents
                0x00002058       0x14 C:/SiliconLabs/SimplicityStudio/v4/developer/sdks/gecko_sdk_suite/v2.7//platform/radio/rail_lib/autogen/librail_release/librail_efr32xg22_gcc_release.a(rail_rf.o)
                0x00002058                RAIL_ConfigEvents
 .text.RAIL_ConfigAntenna
                0x0000206c        0x6 C:/SiliconLabs/SimplicityStudio/v4/developer/sdks/gecko_sdk_suite/v2.7//platform/radio/rail_lib/autogen/librail_release/librail_efr32xg22_gcc_release.a(rail_rf.o)
                0x0000206c                RAIL_ConfigAntenna
 .text.RAILCore_StartRx
                0x00002072       0x1a C:/SiliconLabs/SimplicityStudio/v4/developer/sdks/gecko_sdk_suite/v2.7//platform/radio/rail_lib/autogen/librail_release/librail_efr32xg22_gcc_release.a(rail_rx.o)
                0x00002072                RAILINT_b5e0637c62bb3b836502f3f63757d920
 .text.RAILInt_PaAutoModeFunction
                0x0000208c      0x11e C:/SiliconLabs/SimplicityStudio/v4/developer/sdks/gecko_sdk_suite/v2.7//platform/radio/rail_lib/autogen/librail_release/librail_efr32xg22_gcc_release.a(rail_tx.o)
                0x0000208c                RAILINT_818f837446a3655737f89411b0a4f121
 .text.RAILCore_StartTxStream
                0x000021aa       0x3a C:/SiliconLabs/SimplicityStudio/v4/developer/sdks/gecko_sdk_suite/v2.7//platform/radio/rail_lib/autogen/librail_release/librail_efr32xg22_gcc_release.a(rail_tx.o)
                0x000021aa                RAILINT_59a1e3a8f29d5e090128a9d6830a6ec9
 .text.RAIL_ConfigTxPower
                0x000021e4       0x2a C:/SiliconLabs/SimplicityStudio/v4/developer/sdks/gecko_sdk_suite/v2.7//platform/radio/rail_lib/autogen/librail_release/librail_efr32xg22_gcc_release.a(rail_tx.o)
                0x000021e4                RAIL_ConfigTxPower
 .text.RAIL_GetTxPowerConfig
                0x0000220e        0x8 C:/SiliconLabs/SimplicityStudio/v4/developer/sdks/gecko_sdk_suite/v2.7//platform/radio/rail_lib/autogen/librail_release/librail_efr32xg22_gcc_release.a(rail_tx.o)
                0x0000220e                RAIL_GetTxPowerConfig
 .text.RAIL_SetTxPowerDbm
                0x00002216       0x48 C:/SiliconLabs/SimplicityStudio/v4/developer/sdks/gecko_sdk_suite/v2.7//platform/radio/rail_lib/autogen/librail_release/librail_efr32xg22_gcc_release.a(rail_tx.o)
                0x00002216                RAIL_SetTxPowerDbm
 *fill*         0x0000225e        0x2 
 .text.RAIL_EnablePaAutoMode
                0x00002260       0x18 C:/SiliconLabs/SimplicityStudio/v4/developer/sdks/gecko_sdk_suite/v2.7//platform/radio/rail_lib/autogen/librail_release/librail_efr32xg22_gcc_release.a(rail_tx.o)
                0x00002260                RAIL_EnablePaAutoMode
 .text.RAILInt_EnableCal
                0x00002278       0x18 C:/SiliconLabs/SimplicityStudio/v4/developer/sdks/gecko_sdk_suite/v2.7//platform/radio/rail_lib/autogen/librail_release/librail_efr32xg22_gcc_release.a(rail_calibration.o)
                0x00002278                RAILINT_d8225403880a14f30ef8977fc0f7af06
 .text.RAILInt_PendCal
                0x00002290       0x24 C:/SiliconLabs/SimplicityStudio/v4/developer/sdks/gecko_sdk_suite/v2.7//platform/radio/rail_lib/autogen/librail_release/librail_efr32xg22_gcc_release.a(rail_calibration.o)
                0x00002290                RAILINT_3f0b6529856489702e1c986caf70e7aa
 .text.RAILInt_ClearCal
                0x000022b4       0x1e C:/SiliconLabs/SimplicityStudio/v4/developer/sdks/gecko_sdk_suite/v2.7//platform/radio/rail_lib/autogen/librail_release/librail_efr32xg22_gcc_release.a(rail_calibration.o)
                0x000022b4                RAILINT_d39008e19c6861097c64e8e16321af16
 .text.RAILCore_Calibrate
                0x000022d2       0x60 C:/SiliconLabs/SimplicityStudio/v4/developer/sdks/gecko_sdk_suite/v2.7//platform/radio/rail_lib/autogen/librail_release/librail_efr32xg22_gcc_release.a(rail_calibration.o)
                0x000022d2                RAILINT_46061b2fc595edba374aad467468ff6f
 .text.RAIL_ConfigCal
                0x00002332       0x12 C:/SiliconLabs/SimplicityStudio/v4/developer/sdks/gecko_sdk_suite/v2.7//platform/radio/rail_lib/autogen/librail_release/librail_efr32xg22_gcc_release.a(rail_calibration.o)
                0x00002332                RAIL_ConfigCal
 .text.RAIL_ConfigData
                0x00002344        0x8 C:/SiliconLabs/SimplicityStudio/v4/developer/sdks/gecko_sdk_suite/v2.7//platform/radio/rail_lib/autogen/librail_release/librail_efr32xg22_gcc_release.a(rail_data.o)
                0x00002344                RAIL_ConfigData
 .text.RAIL_SetTxFifo
                0x0000234c        0x8 C:/SiliconLabs/SimplicityStudio/v4/developer/sdks/gecko_sdk_suite/v2.7//platform/radio/rail_lib/autogen/librail_release/librail_efr32xg22_gcc_release.a(rail_data.o)
                0x0000234c                RAIL_SetTxFifo
 .text.RAIL_SetRxFifo
                0x00002354        0x8 C:/SiliconLabs/SimplicityStudio/v4/developer/sdks/gecko_sdk_suite/v2.7//platform/radio/rail_lib/autogen/librail_release/librail_efr32xg22_gcc_release.a(rail_data.o)
                0x00002354                RAIL_SetRxFifo
 .text.RAIL_GetRxFifoBytesAvailable
                0x0000235c        0x8 C:/SiliconLabs/SimplicityStudio/v4/developer/sdks/gecko_sdk_suite/v2.7//platform/radio/rail_lib/autogen/librail_release/librail_efr32xg22_gcc_release.a(rail_data.o)
                0x0000235c                RAIL_GetRxFifoBytesAvailable
 .text.RAIL_ResetFifo
                0x00002364       0x24 C:/SiliconLabs/SimplicityStudio/v4/developer/sdks/gecko_sdk_suite/v2.7//platform/radio/rail_lib/autogen/librail_release/librail_efr32xg22_gcc_release.a(rail_data.o)
                0x00002364                RAIL_ResetFifo
 .text.RAILCb_AssertFailed
                0x00002388       0x14 C:/SiliconLabs/SimplicityStudio/v4/developer/sdks/gecko_sdk_suite/v2.7//platform/radio/rail_lib/autogen/librail_release/librail_efr32xg22_gcc_release.a(rail_assert.o)
                0x00002388                RAILCb_AssertFailed
 .text.RAILInt_Assert
                0x0000239c       0x1c C:/SiliconLabs/SimplicityStudio/v4/developer/sdks/gecko_sdk_suite/v2.7//platform/radio/rail_lib/autogen/librail_release/librail_efr32xg22_gcc_release.a(rail_assert.o)
                0x0000239c                RAILINT_999bd22c50df2f99ce048cba68f11c3a
 .text.RAIL_ConfigPti
                0x000023b8        0x6 C:/SiliconLabs/SimplicityStudio/v4/developer/sdks/gecko_sdk_suite/v2.7//platform/radio/rail_lib/autogen/librail_release/librail_efr32xg22_gcc_release.a(rail_pti.o)
                0x000023b8                RAIL_ConfigPti
 *fill*         0x000023be        0x2 
 .text.RAILCb_PaAutoModeDecision
                0x000023c0       0x4c C:/SiliconLabs/SimplicityStudio/v4/developer/sdks/gecko_sdk_suite/v2.7//platform/radio/rail_lib/autogen/librail_release/librail_efr32xg22_gcc_release.a(pa_auto_mode.o)
                0x000023c0                RAILCb_PaAutoModeDecision
 .text.RADIO_RACStateGet
                0x0000240c       0x10 C:/SiliconLabs/SimplicityStudio/v4/developer/sdks/gecko_sdk_suite/v2.7//platform/radio/rail_lib/autogen/librail_release/librail_efr32xg22_gcc_release.a(rail_rf_hal.o)
 .text.eventDefault
                0x0000241c        0x2 C:/SiliconLabs/SimplicityStudio/v4/developer/sdks/gecko_sdk_suite/v2.7//platform/radio/rail_lib/autogen/librail_release/librail_efr32xg22_gcc_release.a(rail_rf_hal.o)
 *fill*         0x0000241e        0x2 
 .text.setRssiPeriod
                0x00002420       0x18 C:/SiliconLabs/SimplicityStudio/v4/developer/sdks/gecko_sdk_suite/v2.7//platform/radio/rail_lib/autogen/librail_release/librail_efr32xg22_gcc_release.a(rail_rf_hal.o)
 .text.updateRxAntDivConfig
                0x00002438       0x48 C:/SiliconLabs/SimplicityStudio/v4/developer/sdks/gecko_sdk_suite/v2.7//platform/radio/rail_lib/autogen/librail_release/librail_efr32xg22_gcc_release.a(rail_rf_hal.o)
 .text.RFHAL_SelectAntenna
                0x00002480       0x2c C:/SiliconLabs/SimplicityStudio/v4/developer/sdks/gecko_sdk_suite/v2.7//platform/radio/rail_lib/autogen/librail_release/librail_efr32xg22_gcc_release.a(rail_rf_hal.o)
 .text.RFHAL_UseDma
                0x000024ac        0x4 C:/SiliconLabs/SimplicityStudio/v4/developer/sdks/gecko_sdk_suite/v2.7//platform/radio/rail_lib/autogen/librail_release/librail_efr32xg22_gcc_release.a(rail_rf_hal.o)
                0x000024ac                RAILINT_355132187fb38e44497343487e6891e7
 .text.RFHAL_IntEnable
                0x000024b0       0xa0 C:/SiliconLabs/SimplicityStudio/v4/developer/sdks/gecko_sdk_suite/v2.7//platform/radio/rail_lib/autogen/librail_release/librail_efr32xg22_gcc_release.a(rail_rf_hal.o)
                0x000024b0                RAILINT_40412a06a73a58611332d278503bc3d6
 .text.RFHAL_SetEventCallback
                0x00002550       0x18 C:/SiliconLabs/SimplicityStudio/v4/developer/sdks/gecko_sdk_suite/v2.7//platform/radio/rail_lib/autogen/librail_release/librail_efr32xg22_gcc_release.a(rail_rf_hal.o)
                0x00002550                RAILINT_d85fb759c83f6e350ace663af6f33b19
 .text.RFHAL_Idle
                0x00002568       0xbc C:/SiliconLabs/SimplicityStudio/v4/developer/sdks/gecko_sdk_suite/v2.7//platform/radio/rail_lib/autogen/librail_release/librail_efr32xg22_gcc_release.a(rail_rf_hal.o)
                0x00002568                RAILINT_3041ee68c2b41950b0bf839d27f5d049
 .text.RFHAL_GetRadioState
                0x00002624       0x40 C:/SiliconLabs/SimplicityStudio/v4/developer/sdks/gecko_sdk_suite/v2.7//platform/radio/rail_lib/autogen/librail_release/librail_efr32xg22_gcc_release.a(rail_rf_hal.o)
                0x00002624                RAILINT_f5d04763af9c9c69bca278c1fb1e9fea
 .text.RFHAL_SetRssiOffset
                0x00002664       0x3c C:/SiliconLabs/SimplicityStudio/v4/developer/sdks/gecko_sdk_suite/v2.7//platform/radio/rail_lib/autogen/librail_release/librail_efr32xg22_gcc_release.a(rail_rf_hal.o)
                0x00002664                RAILINT_d4abe6aec91e25f31dead788c810c423
 .text.RFHAL_EnableRxRawCapture
                0x000026a0       0x54 C:/SiliconLabs/SimplicityStudio/v4/developer/sdks/gecko_sdk_suite/v2.7//platform/radio/rail_lib/autogen/librail_release/librail_efr32xg22_gcc_release.a(rail_rf_hal.o)
                0x000026a0                RAILINT_b091481120c5b69b64d1795bd186a53a
 .text.RFHAL_DisableRxRawCapture
                0x000026f4       0x60 C:/SiliconLabs/SimplicityStudio/v4/developer/sdks/gecko_sdk_suite/v2.7//platform/radio/rail_lib/autogen/librail_release/librail_efr32xg22_gcc_release.a(rail_rf_hal.o)
                0x000026f4                RAILINT_a3eadf0d43c66c908fc6ca41226d2d7f
 .text.RFHAL_ConfigRxOptions
                0x00002754      0x11c C:/SiliconLabs/SimplicityStudio/v4/developer/sdks/gecko_sdk_suite/v2.7//platform/radio/rail_lib/autogen/librail_release/librail_efr32xg22_gcc_release.a(rail_rf_hal.o)
                0x00002754                RAILINT_2d49aecfcb6d27d54075c2234a55d5e7
 .text.RFHAL_RunCal
                0x00002870       0x46 C:/SiliconLabs/SimplicityStudio/v4/developer/sdks/gecko_sdk_suite/v2.7//platform/radio/rail_lib/autogen/librail_release/librail_efr32xg22_gcc_release.a(rail_rf_hal.o)
                0x00002870                RAILINT_4a442571a7874b38672d5d69b1f130b8
 .text.RFHAL_ConfigTxPower
                0x000028b6       0x4a C:/SiliconLabs/SimplicityStudio/v4/developer/sdks/gecko_sdk_suite/v2.7//platform/radio/rail_lib/autogen/librail_release/librail_efr32xg22_gcc_release.a(rail_rf_hal.o)
                0x000028b6                RAILINT_833ef1b435e1d6dcacb5e19d3b6f023f
 .text.RFHAL_SetTxPowerUnchecked
                0x00002900       0x3e C:/SiliconLabs/SimplicityStudio/v4/developer/sdks/gecko_sdk_suite/v2.7//platform/radio/rail_lib/autogen/librail_release/librail_efr32xg22_gcc_release.a(rail_rf_hal.o)
                0x00002900                RAILINT_39d00ddcadbc93313393e1c6bb75297c
 *fill*         0x0000293e        0x2 
 .text.RFHAL_SetTxPower
                0x00002940       0x84 C:/SiliconLabs/SimplicityStudio/v4/developer/sdks/gecko_sdk_suite/v2.7//platform/radio/rail_lib/autogen/librail_release/librail_efr32xg22_gcc_release.a(rail_rf_hal.o)
                0x00002940                RAILINT_eaf571e90e0b4741516c9fbb7fed2bfb
 .text.RFHAL_GetTxPowerConfig
                0x000029c4       0x12 C:/SiliconLabs/SimplicityStudio/v4/developer/sdks/gecko_sdk_suite/v2.7//platform/radio/rail_lib/autogen/librail_release/librail_efr32xg22_gcc_release.a(rail_rf_hal.o)
                0x000029c4                RAILINT_3a7f36375c49f19d1f9a6b6388464608
 .text.RFHAL_StartCWTestMode
                0x000029d6       0x16 C:/SiliconLabs/SimplicityStudio/v4/developer/sdks/gecko_sdk_suite/v2.7//platform/radio/rail_lib/autogen/librail_release/librail_efr32xg22_gcc_release.a(rail_rf_hal.o)
                0x000029d6                RAILINT_78415077273757cf1beda003897a4856
 .text.RFHAL_StartStreamTestMode
                0x000029ec       0x1a C:/SiliconLabs/SimplicityStudio/v4/developer/sdks/gecko_sdk_suite/v2.7//platform/radio/rail_lib/autogen/librail_release/librail_efr32xg22_gcc_release.a(rail_rf_hal.o)
                0x000029ec                RAILINT_c585f677bab6d4c0dc1f1fd502a62727
 *fill*         0x00002a06        0x2 
 .text.RFHAL_SetChannel
                0x00002a08      0x168 C:/SiliconLabs/SimplicityStudio/v4/developer/sdks/gecko_sdk_suite/v2.7//platform/radio/rail_lib/autogen/librail_release/librail_efr32xg22_gcc_release.a(rail_rf_hal.o)
                0x00002a08                RAILINT_82cb69b0972fa2512c3bdb5f16e24fca
 .text.RFHAL_GetRxFifoBytesAvailable
                0x00002b70       0x10 C:/SiliconLabs/SimplicityStudio/v4/developer/sdks/gecko_sdk_suite/v2.7//platform/radio/rail_lib/autogen/librail_release/librail_efr32xg22_gcc_release.a(rail_rf_hal.o)
                0x00002b70                RAILINT_d8c07498160bec7acc2f38667d0e74f9
 .text.RFHAL_SetTxBuffer
                0x00002b80       0x3a C:/SiliconLabs/SimplicityStudio/v4/developer/sdks/gecko_sdk_suite/v2.7//platform/radio/rail_lib/autogen/librail_release/librail_efr32xg22_gcc_release.a(rail_rf_hal.o)
                0x00002b80                RAILINT_22f7df12e4a1d0a9505ecc05b8267876
 .text.RFHAL_SetRxBuffer
                0x00002bba       0x34 C:/SiliconLabs/SimplicityStudio/v4/developer/sdks/gecko_sdk_suite/v2.7//platform/radio/rail_lib/autogen/librail_release/librail_efr32xg22_gcc_release.a(rail_rf_hal.o)
                0x00002bba                RAILINT_c74a32ce9d9046472fb95f04500b8771
 *fill*         0x00002bee        0x2 
 .text.RFHAL_ResetTxFifo
                0x00002bf0       0x30 C:/SiliconLabs/SimplicityStudio/v4/developer/sdks/gecko_sdk_suite/v2.7//platform/radio/rail_lib/autogen/librail_release/librail_efr32xg22_gcc_release.a(rail_rf_hal.o)
                0x00002bf0                RAILINT_0030aaf1be11a73e163f8aa48fb001e6
 .text.RFHAL_ConfigData
                0x00002c20       0x74 C:/SiliconLabs/SimplicityStudio/v4/developer/sdks/gecko_sdk_suite/v2.7//platform/radio/rail_lib/autogen/librail_release/librail_efr32xg22_gcc_release.a(rail_rf_hal.o)
                0x00002c20                RAILINT_3249bafee0e18f9151d82aad8ddf3cdc
 .text.RFHAL_ResetRxFifo
                0x00002c94       0x3c C:/SiliconLabs/SimplicityStudio/v4/developer/sdks/gecko_sdk_suite/v2.7//platform/radio/rail_lib/autogen/librail_release/librail_efr32xg22_gcc_release.a(rail_rf_hal.o)
                0x00002c94                RAILINT_19f750ed6d201d6d1fe49531e310f9cd
 .text.RFHAL_ConfigRadio
                0x00002cd0       0x18 C:/SiliconLabs/SimplicityStudio/v4/developer/sdks/gecko_sdk_suite/v2.7//platform/radio/rail_lib/autogen/librail_release/librail_efr32xg22_gcc_release.a(rail_rf_hal.o)
                0x00002cd0                RAILINT_6d729d30865a1181274e70bba293b37d
 .text.RFHAL_PostRadioConfig
                0x00002ce8      0x10c C:/SiliconLabs/SimplicityStudio/v4/developer/sdks/gecko_sdk_suite/v2.7//platform/radio/rail_lib/autogen/librail_release/librail_efr32xg22_gcc_release.a(rail_rf_hal.o)
                0x00002ce8                RAILINT_6b5630b34036f93858d808a0dec3cb6b
 .text.RFHAL_ResetAddressFilter
                0x00002df4       0x2c C:/SiliconLabs/SimplicityStudio/v4/developer/sdks/gecko_sdk_suite/v2.7//platform/radio/rail_lib/autogen/librail_release/librail_efr32xg22_gcc_release.a(rail_rf_hal.o)
                0x00002df4                RAILINT_ab69c12a8bdde689baa3a5f9181b6b10
 .text.RFHAL_Init
                0x00002e20       0xcc C:/SiliconLabs/SimplicityStudio/v4/developer/sdks/gecko_sdk_suite/v2.7//platform/radio/rail_lib/autogen/librail_release/librail_efr32xg22_gcc_release.a(rail_rf_hal.o)
                0x00002e20                RAILINT_20043ff5b8e6ab39c3068dab7403a8c6
 .text.RFHAL_ConfigPti
                0x00002eec        0x4 C:/SiliconLabs/SimplicityStudio/v4/developer/sdks/gecko_sdk_suite/v2.7//platform/radio/rail_lib/autogen/librail_release/librail_efr32xg22_gcc_release.a(rail_rf_hal.o)
                0x00002eec                RAILINT_d2275ce494141a43924ec452d3ba7576
 .text.RFHAL_SetupRxChannelHoppingHardware
                0x00002ef0       0x3c C:/SiliconLabs/SimplicityStudio/v4/developer/sdks/gecko_sdk_suite/v2.7//platform/radio/rail_lib/autogen/librail_release/librail_efr32xg22_gcc_release.a(rail_rf_hal.o)
                0x00002ef0                RAILINT_766a50f4d62b8145bfeba05efaf84c8b
 .text.RFHAL_StartRx
                0x00002f2c       0x2c C:/SiliconLabs/SimplicityStudio/v4/developer/sdks/gecko_sdk_suite/v2.7//platform/radio/rail_lib/autogen/librail_release/librail_efr32xg22_gcc_release.a(rail_rf_hal.o)
                0x00002f2c                RAILINT_9ed13b22fb43a42cf6246a5504feed72
 .text.RFHAL_RestoreTxPreambleLength
                0x00002f58       0x34 C:/SiliconLabs/SimplicityStudio/v4/developer/sdks/gecko_sdk_suite/v2.7//platform/radio/rail_lib/autogen/librail_release/librail_efr32xg22_gcc_release.a(rail_rf_hal.o)
                0x00002f58                RAILINT_fec111ae6546d8c16e58044c8f6d2b09
 .text.GENERIC_PHY_EventCallback
                0x00002f8c      0x16c C:/SiliconLabs/SimplicityStudio/v4/developer/sdks/gecko_sdk_suite/v2.7//platform/radio/rail_lib/autogen/librail_release/librail_efr32xg22_gcc_release.a(rail_rf_hal.o)
                0x00002f8c                RAILINT_7d94510f515617be26a284cc8096bd57
 .text.RFHAL_ValidateModule
                0x000030f8       0x34 C:/SiliconLabs/SimplicityStudio/v4/developer/sdks/gecko_sdk_suite/v2.7//platform/radio/rail_lib/autogen/librail_release/librail_efr32xg22_gcc_release.a(rail_rf_hal.o)
                0x000030f8                RAILINT_b1e77f194f470c9ac2259b55b3c9e45f
 .text.RFHAL_ClearChannelCorrupt
                0x0000312c       0x10 C:/SiliconLabs/SimplicityStudio/v4/developer/sdks/gecko_sdk_suite/v2.7//platform/radio/rail_lib/autogen/librail_release/librail_efr32xg22_gcc_release.a(rail_rf_hal.o)
                0x0000312c                RAILINT_1ebf782210eb338b16b0b98d1dbf9a58
 .text.RFHAL_IsChannelCorrupt
                0x0000313c       0x10 C:/SiliconLabs/SimplicityStudio/v4/developer/sdks/gecko_sdk_suite/v2.7//platform/radio/rail_lib/autogen/librail_release/librail_efr32xg22_gcc_release.a(rail_rf_hal.o)
                0x0000313c                RAILINT_626c1fc01166bc7b6fc33ede70752233
 .text.RFHAL_BLEInvalidateSyncWordCaching
                0x0000314c        0xc C:/SiliconLabs/SimplicityStudio/v4/developer/sdks/gecko_sdk_suite/v2.7//platform/radio/rail_lib/autogen/librail_release/librail_efr32xg22_gcc_release.a(rail_ble_rf_hal.o)
                0x0000314c                RAILINT_8079ce497c62ea6b05ca66486d0d6c97
 .text.RFHAL_GetIrCalibration
                0x00003158       0x1c C:/SiliconLabs/SimplicityStudio/v4/developer/sdks/gecko_sdk_suite/v2.7//platform/radio/rail_lib/autogen/librail_release/librail_efr32xg22_gcc_release.a(rfhal_ircal.o)
                0x00003158                RAILINT_6b43876e7949acb475c23e3dc42944f4
 .text.IRCAL_ApplyResult
                0x00003174       0x18 C:/SiliconLabs/SimplicityStudio/v4/developer/sdks/gecko_sdk_suite/v2.7//platform/radio/rail_lib/autogen/librail_release/librail_efr32xg22_gcc_release.a(rfhal_ircal.o)
                0x00003174                RAILINT_a377bdc72f67299b91fadfda8820f257
 .text.RFHAL_ApplyIrCalibration
                0x0000318c       0x28 C:/SiliconLabs/SimplicityStudio/v4/developer/sdks/gecko_sdk_suite/v2.7//platform/radio/rail_lib/autogen/librail_release/librail_efr32xg22_gcc_release.a(rfhal_ircal.o)
                0x0000318c                RAILINT_cdd58a3e55e8dd8d2fbbb62166e06b9f
 .text.RFHAL_CalibrateIr
                0x000031b4       0x14 C:/SiliconLabs/SimplicityStudio/v4/developer/sdks/gecko_sdk_suite/v2.7//platform/radio/rail_lib/autogen/librail_release/librail_efr32xg22_gcc_release.a(rfhal_ircal.o)
                0x000031b4                RAILINT_32c304ccecba5b19690d9e7ea8ff132a
 .text.ANTENNA_SetRfPath
                0x000031c8       0x3c C:/SiliconLabs/SimplicityStudio/v4/developer/sdks/gecko_sdk_suite/v2.7//platform/radio/rail_lib/autogen/librail_release/librail_efr32xg22_gcc_release.a(rfhal_antenna.o)
                0x000031c8                RAILINT_3658b6723ab18c9d199bd55de18aba6a
 .text.RFHAL_ConfigAntenna
                0x00003204       0x78 C:/SiliconLabs/SimplicityStudio/v4/developer/sdks/gecko_sdk_suite/v2.7//platform/radio/rail_lib/autogen/librail_release/librail_efr32xg22_gcc_release.a(rfhal_antenna.o)
                0x00003204                RAILINT_be8a9ed192cf56141720101d6d04861c
 .text.ANTENNA_GetDefaultPath
                0x0000327c        0xc C:/SiliconLabs/SimplicityStudio/v4/developer/sdks/gecko_sdk_suite/v2.7//platform/radio/rail_lib/autogen/librail_release/librail_efr32xg22_gcc_release.a(rfhal_antenna.o)
                0x0000327c                RAILINT_036ea79c390686343777d19dd1ff79e6
 .text.checkAndAddRxLenOverflowEntry.part.1
                0x00003288       0x38 C:/SiliconLabs/SimplicityStudio/v4/developer/sdks/gecko_sdk_suite/v2.7//platform/radio/rail_lib/autogen/librail_release/librail_efr32xg22_gcc_release.a(rfhal_bufc.o)
 .text.BUFC_SetTxBuffer
                0x000032c0       0x3c C:/SiliconLabs/SimplicityStudio/v4/developer/sdks/gecko_sdk_suite/v2.7//platform/radio/rail_lib/autogen/librail_release/librail_efr32xg22_gcc_release.a(rfhal_bufc.o)
                0x000032c0                RAILINT_8309d0303dd52c35776f1b9d204e124b
 .text.BUFC_SetRxBuffer
                0x000032fc       0x1c C:/SiliconLabs/SimplicityStudio/v4/developer/sdks/gecko_sdk_suite/v2.7//platform/radio/rail_lib/autogen/librail_release/librail_efr32xg22_gcc_release.a(rfhal_bufc.o)
                0x000032fc                RAILINT_5bb11e8550b329b01c70a60522ae80ea
 .text.BUFC_WriteBuffer
                0x00003318       0x7e C:/SiliconLabs/SimplicityStudio/v4/developer/sdks/gecko_sdk_suite/v2.7//platform/radio/rail_lib/autogen/librail_release/librail_efr32xg22_gcc_release.a(rfhal_bufc.o)
                0x00003318                RAILINT_5a1f8c6c11575b3b85ca7be599aaafeb
 *fill*         0x00003396        0x2 
 .text.BUFC_TxAckBufferSet
                0x00003398       0x30 C:/SiliconLabs/SimplicityStudio/v4/developer/sdks/gecko_sdk_suite/v2.7//platform/radio/rail_lib/autogen/librail_release/librail_efr32xg22_gcc_release.a(rfhal_bufc.o)
                0x00003398                RAILINT_93e90587b91cd23310b71dbf4dabe4b2
 .text.BUFC_RxBufferReset
                0x000033c8       0x9c C:/SiliconLabs/SimplicityStudio/v4/developer/sdks/gecko_sdk_suite/v2.7//platform/radio/rail_lib/autogen/librail_release/librail_efr32xg22_gcc_release.a(rfhal_bufc.o)
                0x000033c8                RAILINT_ea701df21b15aeabbf4f1b9be517a6fb
 .text.BUFC_Init
                0x00003464       0x40 C:/SiliconLabs/SimplicityStudio/v4/developer/sdks/gecko_sdk_suite/v2.7//platform/radio/rail_lib/autogen/librail_release/librail_efr32xg22_gcc_release.a(rfhal_bufc.o)
                0x00003464                RAILINT_a154f20c4cb0ac49904161b332487077
 .text.BUFC_ReleaseRxPacket
                0x000034a4      0x154 C:/SiliconLabs/SimplicityStudio/v4/developer/sdks/gecko_sdk_suite/v2.7//platform/radio/rail_lib/autogen/librail_release/librail_efr32xg22_gcc_release.a(rfhal_bufc.o)
                0x000034a4                RAILINT_e5f98ee4df05ffeec0898fd3dfcac7ef
 .text.BUFC_StartRxLenThrEvent
                0x000035f8       0x5c C:/SiliconLabs/SimplicityStudio/v4/developer/sdks/gecko_sdk_suite/v2.7//platform/radio/rail_lib/autogen/librail_release/librail_efr32xg22_gcc_release.a(rfhal_bufc.o)
                0x000035f8                RAILINT_5028a6b9d4ee8edd2bfa4ed98465cea4
 .text.BUFC_EndRxLenThrEvent
                0x00003654       0x1c C:/SiliconLabs/SimplicityStudio/v4/developer/sdks/gecko_sdk_suite/v2.7//platform/radio/rail_lib/autogen/librail_release/librail_efr32xg22_gcc_release.a(rfhal_bufc.o)
                0x00003654                RAILINT_c2c512a3329b63216a276e6e941de4c7
 .text.BUFC_HandleRxLenOvfEvent
                0x00003670       0x38 C:/SiliconLabs/SimplicityStudio/v4/developer/sdks/gecko_sdk_suite/v2.7//platform/radio/rail_lib/autogen/librail_release/librail_efr32xg22_gcc_release.a(rfhal_bufc.o)
                0x00003670                RAILINT_317b2845ec8597b7fc18708aa55d49e9
 .text.RFHAL_ValidateTxPowerModule
                0x000036a8        0x2 C:/SiliconLabs/SimplicityStudio/v4/developer/sdks/gecko_sdk_suite/v2.7//platform/radio/rail_lib/autogen/librail_release/librail_efr32xg22_gcc_release.a(rfhal_module.o)
                0x000036a8                RAILINT_b1b6d07988c2bfe6ce227a4f89bd02b6
 *fill*         0x000036aa        0x2 
 .text.RFHAL_VerifyChannelConfig
                0x000036ac       0x1c C:/SiliconLabs/SimplicityStudio/v4/developer/sdks/gecko_sdk_suite/v2.7//platform/radio/rail_lib/autogen/librail_release/librail_efr32xg22_gcc_release.a(rfhal_module.o)
                0x000036ac                RAILINT_93ff9f7864c62329282f1dfcb21c053a
 .text.PA_GetTxPowerConfig
                0x000036c8       0x14 C:/SiliconLabs/SimplicityStudio/v4/developer/sdks/gecko_sdk_suite/v2.7//platform/radio/rail_lib/autogen/librail_release/librail_efr32xg22_gcc_release.a(rfhal_pa.o)
                0x000036c8                RAILINT_932ebbe98dac87fff3c95166dfd8c7c0
 .text.PA_SupportsTxPowerMode
                0x000036dc       0x20 C:/SiliconLabs/SimplicityStudio/v4/developer/sdks/gecko_sdk_suite/v2.7//platform/radio/rail_lib/autogen/librail_release/librail_efr32xg22_gcc_release.a(rfhal_pa.o)
                0x000036dc                RAILINT_3df1686de1de769f392fb47637c177c0
 .text.PA_Config
                0x000036fc       0x94 C:/SiliconLabs/SimplicityStudio/v4/developer/sdks/gecko_sdk_suite/v2.7//platform/radio/rail_lib/autogen/librail_release/librail_efr32xg22_gcc_release.a(rfhal_pa.o)
                0x000036fc                RAILINT_213b73c530964abd11d695e9b1ed253b
 .text.PA_SetupMaxPowerLevel
                0x00003790       0x4c C:/SiliconLabs/SimplicityStudio/v4/developer/sdks/gecko_sdk_suite/v2.7//platform/radio/rail_lib/autogen/librail_release/librail_efr32xg22_gcc_release.a(rfhal_pa.o)
                0x00003790                RAILINT_35b8763cff7a5eec3b0602741356482f
 .text.PA_GetMaxPowerLevel
                0x000037dc       0x1c C:/SiliconLabs/SimplicityStudio/v4/developer/sdks/gecko_sdk_suite/v2.7//platform/radio/rail_lib/autogen/librail_release/librail_efr32xg22_gcc_release.a(rfhal_pa.o)
                0x000037dc                RAILINT_92cc3a029311f34f4b370cf65514053e
 .text.PA_SetRampTime
                0x000037f8      0x208 C:/SiliconLabs/SimplicityStudio/v4/developer/sdks/gecko_sdk_suite/v2.7//platform/radio/rail_lib/autogen/librail_release/librail_efr32xg22_gcc_release.a(rfhal_pa.o)
                0x000037f8                RAILINT_04cbac11d3a00364f007965ea72d9ea7
 .text.PA_SetPowerLevel
                0x00003a00       0x44 C:/SiliconLabs/SimplicityStudio/v4/developer/sdks/gecko_sdk_suite/v2.7//platform/radio/rail_lib/autogen/librail_release/librail_efr32xg22_gcc_release.a(rfhal_pa.o)
                0x00003a00                RAILINT_111951cdcab0e53df3caf59855bd586f
 .text.PTI_Enable
                0x00003a44       0xe8 C:/SiliconLabs/SimplicityStudio/v4/developer/sdks/gecko_sdk_suite/v2.7//platform/radio/rail_lib/autogen/librail_release/librail_efr32xg22_gcc_release.a(rfhal_pti.o)
                0x00003a44                RAILINT_9fd746c1b0bdb9ddab1c3b0ce76b12dd
 .text.PTI_Config
                0x00003b2c       0xa4 C:/SiliconLabs/SimplicityStudio/v4/developer/sdks/gecko_sdk_suite/v2.7//platform/radio/rail_lib/autogen/librail_release/librail_efr32xg22_gcc_release.a(rfhal_pti.o)
                0x00003b2c                RAILINT_cbcf41e99870520336197879a607a640
 .text.PTI_AuxdataOutput
                0x00003bd0       0x18 C:/SiliconLabs/SimplicityStudio/v4/developer/sdks/gecko_sdk_suite/v2.7//platform/radio/rail_lib/autogen/librail_release/librail_efr32xg22_gcc_release.a(rfhal_pti.o)
                0x00003bd0                PTI_AuxdataOutput
 .text.PROTIMER_Init
                0x00003be8       0xe4 C:/SiliconLabs/SimplicityStudio/v4/developer/sdks/gecko_sdk_suite/v2.7//platform/radio/rail_lib/autogen/librail_release/librail_efr32xg22_gcc_release.a(rfhal_protimer.o)
                0x00003be8                RAILINT_8e105975b01e29d2917124d3a2a6edc9
 .text.PROTIMER_Start
                0x00003ccc       0x1c C:/SiliconLabs/SimplicityStudio/v4/developer/sdks/gecko_sdk_suite/v2.7//platform/radio/rail_lib/autogen/librail_release/librail_efr32xg22_gcc_release.a(rfhal_protimer.o)
                0x00003ccc                RAILINT_16b5052241e30bfb5cd299c52e62f8ab
 .text.PROTIMER_CCTimerStop
                0x00003ce8       0x24 C:/SiliconLabs/SimplicityStudio/v4/developer/sdks/gecko_sdk_suite/v2.7//platform/radio/rail_lib/autogen/librail_release/librail_efr32xg22_gcc_release.a(rfhal_protimer.o)
                0x00003ce8                RAILINT_a02b12e9c2bb9c2eaabcbe30bdd2b3ab
 .text.PROTIMER_CCTimerStart
                0x00003d0c      0x258 C:/SiliconLabs/SimplicityStudio/v4/developer/sdks/gecko_sdk_suite/v2.7//platform/radio/rail_lib/autogen/librail_release/librail_efr32xg22_gcc_release.a(rfhal_protimer.o)
                0x00003d0c                RAILINT_fea48c6a0a5dcb75b3cd7e0e0188d110
 .text.PROTIMER_CCTimerIsEnabled
                0x00003f64       0x14 C:/SiliconLabs/SimplicityStudio/v4/developer/sdks/gecko_sdk_suite/v2.7//platform/radio/rail_lib/autogen/librail_release/librail_efr32xg22_gcc_release.a(rfhal_protimer.o)
                0x00003f64                RAILINT_d36178d195ebf16dc405b3d94462d8c7
 .text.PROTIMER_CCTimerCapture
                0x00003f78       0x18 C:/SiliconLabs/SimplicityStudio/v4/developer/sdks/gecko_sdk_suite/v2.7//platform/radio/rail_lib/autogen/librail_release/librail_efr32xg22_gcc_release.a(rfhal_protimer.o)
                0x00003f78                RAILINT_0375c6c13bc042cb0fb6e2f58650d179
 .text.PROTIMER_GetTime
                0x00003f90       0x3c C:/SiliconLabs/SimplicityStudio/v4/developer/sdks/gecko_sdk_suite/v2.7//platform/radio/rail_lib/autogen/librail_release/librail_efr32xg22_gcc_release.a(rfhal_protimer.o)
                0x00003f90                RAILINT_d4d3f20345046551073e85d6afba339a
 .text.PROTIMER_LBTStop
                0x00003fcc       0x18 C:/SiliconLabs/SimplicityStudio/v4/developer/sdks/gecko_sdk_suite/v2.7//platform/radio/rail_lib/autogen/librail_release/librail_efr32xg22_gcc_release.a(rfhal_protimer.o)
                0x00003fcc                RAILINT_29c9defa35830e42db517a1c47cc114e
 .text.PROTIMER_PrecntOverflowToUs
                0x00003fe4       0x34 C:/SiliconLabs/SimplicityStudio/v4/developer/sdks/gecko_sdk_suite/v2.7//platform/radio/rail_lib/autogen/librail_release/librail_efr32xg22_gcc_release.a(rfhal_protimer.o)
                0x00003fe4                RAILINT_1dfb7146b6c340088be45e5b808844a9
 .text.PROTIMER_GetUsTime
                0x00004018        0xe C:/SiliconLabs/SimplicityStudio/v4/developer/sdks/gecko_sdk_suite/v2.7//platform/radio/rail_lib/autogen/librail_release/librail_efr32xg22_gcc_release.a(rfhal_protimer.o)
                0x00004018                RAILINT_c5c43894280e7e5d092359ee0e4a3bcb
 *fill*         0x00004026        0x2 
 .text.PROTIMER_UsToPrecntOverflow
                0x00004028       0x50 C:/SiliconLabs/SimplicityStudio/v4/developer/sdks/gecko_sdk_suite/v2.7//platform/radio/rail_lib/autogen/librail_release/librail_efr32xg22_gcc_release.a(rfhal_protimer.o)
                0x00004028                RAILINT_ccd514e4dbf9d02a98e4bcbe2ec29d6b
 .text.PROTIMER_DelayUs
                0x00004078       0x16 C:/SiliconLabs/SimplicityStudio/v4/developer/sdks/gecko_sdk_suite/v2.7//platform/radio/rail_lib/autogen/librail_release/librail_efr32xg22_gcc_release.a(rfhal_protimer.o)
                0x00004078                RAILINT_a3bef6a1689acfc8f4c844439ceb733c
 *fill*         0x0000408e        0x2 
 .text.RADIO_SeqramInitM0P
                0x00004090       0x44 C:/SiliconLabs/SimplicityStudio/v4/developer/sdks/gecko_sdk_suite/v2.7//platform/radio/rail_lib/autogen/librail_release/librail_efr32xg22_gcc_release.a(rfhal_radio.o)
 .text.RADIO_SeqramLoadMemcpy
                0x000040d4       0x28 C:/SiliconLabs/SimplicityStudio/v4/developer/sdks/gecko_sdk_suite/v2.7//platform/radio/rail_lib/autogen/librail_release/librail_efr32xg22_gcc_release.a(rfhal_radio.o)
 .text.RADIO_ReadConfigArray
                0x000040fc       0x44 C:/SiliconLabs/SimplicityStudio/v4/developer/sdks/gecko_sdk_suite/v2.7//platform/radio/rail_lib/autogen/librail_release/librail_efr32xg22_gcc_release.a(rfhal_radio.o)
 .text.RADIO_GetOpcodeAddress
                0x00004140       0x18 C:/SiliconLabs/SimplicityStudio/v4/developer/sdks/gecko_sdk_suite/v2.7//platform/radio/rail_lib/autogen/librail_release/librail_efr32xg22_gcc_release.a(rfhal_radio.o)
                0x00004140                RAILINT_887611763de1cbf6e85d5b354bcca426
 .text.RADIO_ReadRegWhileInactive
                0x00004158       0x74 C:/SiliconLabs/SimplicityStudio/v4/developer/sdks/gecko_sdk_suite/v2.7//platform/radio/rail_lib/autogen/librail_release/librail_efr32xg22_gcc_release.a(rfhal_radio.o)
                0x00004158                RAILINT_1f55ea742a1ba5f857e215bf16182760
 .text.RADIO_SetAndForgetWrite
                0x000041cc       0x50 C:/SiliconLabs/SimplicityStudio/v4/developer/sdks/gecko_sdk_suite/v2.7//platform/radio/rail_lib/autogen/librail_release/librail_efr32xg22_gcc_release.a(rfhal_radio.o)
                0x000041cc                RAILINT_89727e3a666e4c7176188d30b8bafda4
 .text.RADIO_SeqInit
                0x0000421c       0x5c C:/SiliconLabs/SimplicityStudio/v4/developer/sdks/gecko_sdk_suite/v2.7//platform/radio/rail_lib/autogen/librail_release/librail_efr32xg22_gcc_release.a(rfhal_radio.o)
                0x0000421c                RAILINT_0742fb6d07f3bc6569a4f853fab6d13b
 .text.RADIO_ClockEnable
                0x00004278       0x50 C:/SiliconLabs/SimplicityStudio/v4/developer/sdks/gecko_sdk_suite/v2.7//platform/radio/rail_lib/autogen/librail_release/librail_efr32xg22_gcc_release.a(rfhal_radio.o)
                0x00004278                RAILINT_2f59d45cdf711c2da6f6c18c53307062
 .text.RADIO_Init
                0x000042c8       0x58 C:/SiliconLabs/SimplicityStudio/v4/developer/sdks/gecko_sdk_suite/v2.7//platform/radio/rail_lib/autogen/librail_release/librail_efr32xg22_gcc_release.a(rfhal_radio.o)
                0x000042c8                RAILINT_3847d509158789abf28c8f309e81ccb4
 .text.RADIO_ClockFreqGet
                0x00004320       0x1c C:/SiliconLabs/SimplicityStudio/v4/developer/sdks/gecko_sdk_suite/v2.7//platform/radio/rail_lib/autogen/librail_release/librail_efr32xg22_gcc_release.a(rfhal_radio.o)
                0x00004320                RAILINT_61072351127ca861ab3b792c81e2416a
 .text.RADIO_Config
                0x0000433c       0xcc C:/SiliconLabs/SimplicityStudio/v4/developer/sdks/gecko_sdk_suite/v2.7//platform/radio/rail_lib/autogen/librail_release/librail_efr32xg22_gcc_release.a(rfhal_radio.o)
                0x0000433c                RAILINT_fba63741bb147dec4868880dd5d9d63b
 .text.RADIO_GetRssi
                0x00004408       0x78 C:/SiliconLabs/SimplicityStudio/v4/developer/sdks/gecko_sdk_suite/v2.7//platform/radio/rail_lib/autogen/librail_release/librail_efr32xg22_gcc_release.a(rfhal_radio.o)
                0x00004408                RAILINT_49c1638648869baaf18ca93f541e7dd3
 .text.RADIO_RACGetPreviousState
                0x00004480       0x18 C:/SiliconLabs/SimplicityStudio/v4/developer/sdks/gecko_sdk_suite/v2.7//platform/radio/rail_lib/autogen/librail_release/librail_efr32xg22_gcc_release.a(rfhal_radio.o)
                0x00004480                RAILINT_a7b3e6c4db8513726690106e2192f295
 .text.RFTEST_SaveRadioConfiguration
                0x00004498       0x4c C:/SiliconLabs/SimplicityStudio/v4/developer/sdks/gecko_sdk_suite/v2.7//platform/radio/rail_lib/autogen/librail_release/librail_efr32xg22_gcc_release.a(rfhal_rftest.o)
                0x00004498                RAILINT_a2fc103ea77ae76e9f0ee1e7a15cbe2d
 .text.RFTEST_StartCwTx
                0x000044e4       0x64 C:/SiliconLabs/SimplicityStudio/v4/developer/sdks/gecko_sdk_suite/v2.7//platform/radio/rail_lib/autogen/librail_release/librail_efr32xg22_gcc_release.a(rfhal_rftest.o)
                0x000044e4                RAILINT_fd7b9486df5e8cde508606d7d3d6c38c
 .text.RFTEST_StartStreamTx
                0x00004548       0x70 C:/SiliconLabs/SimplicityStudio/v4/developer/sdks/gecko_sdk_suite/v2.7//platform/radio/rail_lib/autogen/librail_release/librail_efr32xg22_gcc_release.a(rfhal_rftest.o)
                0x00004548                RAILINT_cacbbcba4f320b7db0c4d7d8d240345a
 .text.RFSENSE_IRQHandler
                0x000045b8       0x10 C:/SiliconLabs/SimplicityStudio/v4/developer/sdks/gecko_sdk_suite/v2.7//platform/radio/rail_lib/autogen/librail_release/librail_efr32xg22_gcc_release.a(rfhal_rfsense.o)
                0x000045b8                RFSENSE_IRQHandler
 .text.RFRAND_SeedProtimerRandom
                0x000045c8       0x24 C:/SiliconLabs/SimplicityStudio/v4/developer/sdks/gecko_sdk_suite/v2.7//platform/radio/rail_lib/autogen/librail_release/librail_efr32xg22_gcc_release.a(rfhal_rand.o)
                0x000045c8                RAILINT_8eec7cad63620a62d7b73bab33eafd6c
 .text.PRORTC_IRQHandlerOverride
                0x000045ec       0x14 C:/SiliconLabs/SimplicityStudio/v4/developer/sdks/gecko_sdk_suite/v2.7//platform/radio/rail_lib/autogen/librail_release/librail_efr32xg22_gcc_release.a(rfhal_rtccsync.o)
                0x000045ec                PRORTC_IRQHandlerOverride
 .text.PRORTC_IRQHandler
                0x00004600       0x14 C:/SiliconLabs/SimplicityStudio/v4/developer/sdks/gecko_sdk_suite/v2.7//platform/radio/rail_lib/autogen/librail_release/librail_efr32xg22_gcc_release.a(rfhal_rtccsync.o)
                0x00004600                PRORTC_IRQHandler
 .text.SYNTH_CalculateConfig
                0x00004614      0x2e8 C:/SiliconLabs/SimplicityStudio/v4/developer/sdks/gecko_sdk_suite/v2.7//platform/radio/rail_lib/autogen/librail_release/librail_efr32xg22_gcc_release.a(rfhal_synth.o)
                0x00004614                RAILINT_4eb2ae9f36fa4cbec3cde3a1c7fac051
 .text.SYNTH_Config
                0x000048fc       0x88 C:/SiliconLabs/SimplicityStudio/v4/developer/sdks/gecko_sdk_suite/v2.7//platform/radio/rail_lib/autogen/librail_release/librail_efr32xg22_gcc_release.a(rfhal_synth.o)
                0x000048fc                RAILINT_02bfb1ed752e3e1fc3b1ad06532f94f9
 .text.SYNTH_DCDCRetimeEnable
                0x00004984        0x2 C:/SiliconLabs/SimplicityStudio/v4/developer/sdks/gecko_sdk_suite/v2.7//platform/radio/rail_lib/autogen/librail_release/librail_efr32xg22_gcc_release.a(rfhal_synth.o)
                0x00004984                RAILINT_282e8e595cc122f4255fffe5b736491a
 *fill*         0x00004986        0x2 
 .text.TEMPCAL_Init
                0x00004988       0x14 C:/SiliconLabs/SimplicityStudio/v4/developer/sdks/gecko_sdk_suite/v2.7//platform/radio/rail_lib/autogen/librail_release/librail_efr32xg22_gcc_release.a(rfhal_tempcal.o)
                0x00004988                RAILINT_49d18d23563d6be8a8e77be7702cfc3a
 .text.TEMPCAL_Perform
                0x0000499c       0x18 C:/SiliconLabs/SimplicityStudio/v4/developer/sdks/gecko_sdk_suite/v2.7//platform/radio/rail_lib/autogen/librail_release/librail_efr32xg22_gcc_release.a(rfhal_tempcal.o)
                0x0000499c                RAILINT_d69d1437b83d95bc293543a2ccf6bbd6
 .text.TIMING_SeqTimingInit
                0x000049b4       0x6c C:/SiliconLabs/SimplicityStudio/v4/developer/sdks/gecko_sdk_suite/v2.7//platform/radio/rail_lib/autogen/librail_release/librail_efr32xg22_gcc_release.a(rfhal_timings.o)
                0x000049b4                RAILINT_d8d3b90489b72dce55d2d56ba684a110
 .text.TIMING_NsToStimerTickCalc
                0x00004a20       0x2c C:/SiliconLabs/SimplicityStudio/v4/developer/sdks/gecko_sdk_suite/v2.7//platform/radio/rail_lib/autogen/librail_release/librail_efr32xg22_gcc_release.a(rfhal_timings.o)
                0x00004a20                RAILINT_e465fca5bd9b19f518b0d08aa82de4e4
 .text.TIMING_InitStimer
                0x00004a4c       0x84 C:/SiliconLabs/SimplicityStudio/v4/developer/sdks/gecko_sdk_suite/v2.7//platform/radio/rail_lib/autogen/librail_release/librail_efr32xg22_gcc_release.a(rfhal_timings.o)
                0x00004a4c                RAILINT_dcd2132659b3fec6d0a2a9ffbcb95240
 .text.TIMING_Recalculate
                0x00004ad0      0x138 C:/SiliconLabs/SimplicityStudio/v4/developer/sdks/gecko_sdk_suite/v2.7//platform/radio/rail_lib/autogen/librail_release/librail_efr32xg22_gcc_release.a(rfhal_timings.o)
                0x00004ad0                RAILINT_85a3ac751c0cad03fb68537f712f5198
 .text.RADIO_SeqGlobalInit
                0x00004c08       0x58 C:/SiliconLabs/SimplicityStudio/v4/developer/sdks/gecko_sdk_suite/v2.7//platform/radio/rail_lib/autogen/librail_release/librail_efr32xg22_gcc_release.a(seq_globals.o)
                0x00004c08                RAILINT_bbae20613830af1fea4487f4a528382e
 .text.GENERIC_PHY_ConfigureRollbackReporting
                0x00004c60       0x6c C:/SiliconLabs/SimplicityStudio/v4/developer/sdks/gecko_sdk_suite/v2.7//platform/radio/rail_lib/autogen/librail_release/librail_efr32xg22_gcc_release.a(generic_phy.o)
 .text.GENERIC_PHY_ClearPendedRxWindowEnd
                0x00004ccc       0x1c C:/SiliconLabs/SimplicityStudio/v4/developer/sdks/gecko_sdk_suite/v2.7//platform/radio/rail_lib/autogen/librail_release/librail_efr32xg22_gcc_release.a(generic_phy.o)
 .text.GENERIC_PHY_NormalTransmitCleanup
                0x00004ce8       0x4c C:/SiliconLabs/SimplicityStudio/v4/developer/sdks/gecko_sdk_suite/v2.7//platform/radio/rail_lib/autogen/librail_release/librail_efr32xg22_gcc_release.a(generic_phy.o)
 .text.RADIO_RACRxAbort
                0x00004d34       0x3c C:/SiliconLabs/SimplicityStudio/v4/developer/sdks/gecko_sdk_suite/v2.7//platform/radio/rail_lib/autogen/librail_release/librail_efr32xg22_gcc_release.a(generic_phy.o)
 .text.GENERIC_PHY_DisableRadioIrqs
                0x00004d70       0x98 C:/SiliconLabs/SimplicityStudio/v4/developer/sdks/gecko_sdk_suite/v2.7//platform/radio/rail_lib/autogen/librail_release/librail_efr32xg22_gcc_release.a(generic_phy.o)
 .text.GENERIC_PHY_ConfigureEvents
                0x00004e08      0x3a0 C:/SiliconLabs/SimplicityStudio/v4/developer/sdks/gecko_sdk_suite/v2.7//platform/radio/rail_lib/autogen/librail_release/librail_efr32xg22_gcc_release.a(generic_phy.o)
                0x00004e08                RAILINT_549ae7c6edbff50f2340752aad688b72
 .text.GENERIC_PHY_IsTxStartCcaEventEnabled
                0x000051a8       0x10 C:/SiliconLabs/SimplicityStudio/v4/developer/sdks/gecko_sdk_suite/v2.7//platform/radio/rail_lib/autogen/librail_release/librail_efr32xg22_gcc_release.a(generic_phy.o)
                0x000051a8                RAILINT_a483270e48b718db45c103e9defee8ea
 .text.GENERIC_PHY_IsRssiAverageDoneEventEnabled
                0x000051b8       0x10 C:/SiliconLabs/SimplicityStudio/v4/developer/sdks/gecko_sdk_suite/v2.7//platform/radio/rail_lib/autogen/librail_release/librail_efr32xg22_gcc_release.a(generic_phy.o)
                0x000051b8                RAILINT_ad9977edf125b088e2cf64b119d24936
 .text.GENERIC_PHY_Init
                0x000051c8       0x68 C:/SiliconLabs/SimplicityStudio/v4/developer/sdks/gecko_sdk_suite/v2.7//platform/radio/rail_lib/autogen/librail_release/librail_efr32xg22_gcc_release.a(generic_phy.o)
                0x000051c8                RAILINT_46afedb5ae9454ff7210c7321de838ec
 .text.GENERIC_PHY_SeqAtomicLock
                0x00005230       0x30 C:/SiliconLabs/SimplicityStudio/v4/developer/sdks/gecko_sdk_suite/v2.7//platform/radio/rail_lib/autogen/librail_release/librail_efr32xg22_gcc_release.a(generic_phy.o)
                0x00005230                RAILINT_9abb371cecd1acb6f4540a93e27c2b42
 .text.GENERIC_PHY_RadioIdleStart
                0x00005260       0x6c C:/SiliconLabs/SimplicityStudio/v4/developer/sdks/gecko_sdk_suite/v2.7//platform/radio/rail_lib/autogen/librail_release/librail_efr32xg22_gcc_release.a(generic_phy.o)
                0x00005260                RAILINT_ac5219ce597015175e372df854e224da
 .text.GENERIC_PHY_ResetRxFifo
                0x000052cc       0x5c C:/SiliconLabs/SimplicityStudio/v4/developer/sdks/gecko_sdk_suite/v2.7//platform/radio/rail_lib/autogen/librail_release/librail_efr32xg22_gcc_release.a(generic_phy.o)
                0x000052cc                RAILINT_26621d98bc1a2dc74b7093edea89d850
 .text.GENERIC_PHY_RadioIdleFinish
                0x00005328      0x140 C:/SiliconLabs/SimplicityStudio/v4/developer/sdks/gecko_sdk_suite/v2.7//platform/radio/rail_lib/autogen/librail_release/librail_efr32xg22_gcc_release.a(generic_phy.o)
                0x00005328                RAILINT_0fce62b0e7940d3538ecacfdf9afe779
 .text.FRC_IRQHandler
                0x00005468      0x8b0 C:/SiliconLabs/SimplicityStudio/v4/developer/sdks/gecko_sdk_suite/v2.7//platform/radio/rail_lib/autogen/librail_release/librail_efr32xg22_gcc_release.a(generic_phy.o)
                0x00005468                FRC_IRQHandler
 .text.FRC_PRI_IRQHandler
                0x00005d18        0x4 C:/SiliconLabs/SimplicityStudio/v4/developer/sdks/gecko_sdk_suite/v2.7//platform/radio/rail_lib/autogen/librail_release/librail_efr32xg22_gcc_release.a(generic_phy.o)
                0x00005d18                FRC_PRI_IRQHandler
 .text.BUFC_IRQHandler
                0x00005d1c        0x4 C:/SiliconLabs/SimplicityStudio/v4/developer/sdks/gecko_sdk_suite/v2.7//platform/radio/rail_lib/autogen/librail_release/librail_efr32xg22_gcc_release.a(generic_phy.o)
                0x00005d1c                BUFC_IRQHandler
 .text.PROTIMER_IRQHandler
                0x00005d20        0x4 C:/SiliconLabs/SimplicityStudio/v4/developer/sdks/gecko_sdk_suite/v2.7//platform/radio/rail_lib/autogen/librail_release/librail_efr32xg22_gcc_release.a(generic_phy.o)
                0x00005d20                PROTIMER_IRQHandler
 .text.RAC_SEQ_IRQHandler
                0x00005d24        0x4 C:/SiliconLabs/SimplicityStudio/v4/developer/sdks/gecko_sdk_suite/v2.7//platform/radio/rail_lib/autogen/librail_release/librail_efr32xg22_gcc_release.a(generic_phy.o)
                0x00005d24                RAC_SEQ_IRQHandler
 .text.RAILCb_RadioStateChanged
                0x00005d28       0x18 C:/SiliconLabs/SimplicityStudio/v4/developer/sdks/gecko_sdk_suite/v2.7//platform/radio/rail_lib/autogen/librail_release/librail_efr32xg22_gcc_release.a(generic_phy.o)
                0x00005d28                RAILCb_RadioStateChanged
 .text.RAC_RSM_IRQHandler
                0x00005d40       0x28 C:/SiliconLabs/SimplicityStudio/v4/developer/sdks/gecko_sdk_suite/v2.7//platform/radio/rail_lib/autogen/librail_release/librail_efr32xg22_gcc_release.a(generic_phy.o)
                0x00005d40                RAC_RSM_IRQHandler
 .text.MODEM_IRQHandler
                0x00005d68        0x4 C:/SiliconLabs/SimplicityStudio/v4/developer/sdks/gecko_sdk_suite/v2.7//platform/radio/rail_lib/autogen/librail_release/librail_efr32xg22_gcc_release.a(generic_phy.o)
                0x00005d68                MODEM_IRQHandler
 .text.AGC_IRQHandler
                0x00005d6c       0x44 C:/SiliconLabs/SimplicityStudio/v4/developer/sdks/gecko_sdk_suite/v2.7//platform/radio/rail_lib/autogen/librail_release/librail_efr32xg22_gcc_release.a(generic_phy.o)
                0x00005d6c                AGC_IRQHandler
 .text.SYNTH_IRQHandler
                0x00005db0       0x18 C:/SiliconLabs/SimplicityStudio/v4/developer/sdks/gecko_sdk_suite/v2.7//platform/radio/rail_lib/autogen/librail_release/librail_efr32xg22_gcc_release.a(generic_phy.o)
                0x00005db0                SYNTH_IRQHandler
 .text.RDMAILBOX_IRQHandler
                0x00005dc8       0x24 C:/SiliconLabs/SimplicityStudio/v4/developer/sdks/gecko_sdk_suite/v2.7//platform/radio/rail_lib/autogen/librail_release/librail_efr32xg22_gcc_release.a(generic_phy.o)
                0x00005dc8                RDMAILBOX_IRQHandler
 .text.GENERIC_PHY_SetFeatures
                0x00005dec       0x24 C:/SiliconLabs/SimplicityStudio/v4/developer/sdks/gecko_sdk_suite/v2.7//platform/radio/rail_lib/autogen/librail_release/librail_efr32xg22_gcc_release.a(generic_phy.o)
                0x00005dec                RAILINT_1446b673acaddfc4b02974cda9fee981
 .text.RAIL_ConvertDbmToRaw
                0x00005e10       0xbc C:/SiliconLabs/SimplicityStudio/v4/developer/sdks/gecko_sdk_suite/v2.7//platform/radio/rail_lib/autogen/librail_release/librail_efr32xg22_gcc_release.a(pa_conversions_efr32.o)
                0x00005e10                RAIL_ConvertDbmToRaw
 .text.RFHAL_CheckForBeamDummy
                0x00005ecc        0x6 C:/SiliconLabs/SimplicityStudio/v4/developer/sdks/gecko_sdk_suite/v2.7//platform/radio/rail_lib/autogen/librail_release/librail_efr32xg22_gcc_release.a(rail_zwave_rf_hal.o)
 *fill*         0x00005ed2        0x2 
 .text.RFHAL_ConfigureHfxoForAuxAdc
                0x00005ed4       0xbc C:/SiliconLabs/SimplicityStudio/v4/developer/sdks/gecko_sdk_suite/v2.7//platform/radio/rail_lib/autogen/librail_release/librail_efr32xg22_gcc_release.a(rfhal_thermistor.o)
 .text.RFHAL_ConfigureAuxAdcForSupplyMeasurement
                0x00005f90       0x4c C:/SiliconLabs/SimplicityStudio/v4/developer/sdks/gecko_sdk_suite/v2.7//platform/radio/rail_lib/autogen/librail_release/librail_efr32xg22_gcc_release.a(rfhal_thermistor.o)
                0x00005f90                RAILINT_c642da939f0225d018ab466748096014
 .text.RFHAL_ThermistorGetEmuTemperature
                0x00005fdc       0x26 C:/SiliconLabs/SimplicityStudio/v4/developer/sdks/gecko_sdk_suite/v2.7//platform/radio/rail_lib/autogen/librail_release/librail_efr32xg22_gcc_release.a(rfhal_thermistor.o)
                0x00005fdc                RAILINT_77a1963222d7b7b8571f64986f54b371
 *fill*         0x00006002        0x2 
 .text.RFHAL_AuxAdcMeasure
                0x00006004       0x3c C:/SiliconLabs/SimplicityStudio/v4/developer/sdks/gecko_sdk_suite/v2.7//platform/radio/rail_lib/autogen/librail_release/librail_efr32xg22_gcc_release.a(rfhal_thermistor.o)
                0x00006004                RAILINT_2a9be3c2acfc8c4685dc91bd319d9308
 .text.RFHAL_ThermistorMeasureFSM
                0x00006040      0x220 C:/SiliconLabs/SimplicityStudio/v4/developer/sdks/gecko_sdk_suite/v2.7//platform/radio/rail_lib/autogen/librail_release/librail_efr32xg22_gcc_release.a(rfhal_thermistor.o)
                0x00006040                RAILINT_dd3143554c43e3489ebafbaaf7e51da5
 .text          0x00006260       0x30 c:/siliconlabs/simplicitystudio/v4/developer/toolchains/gnu_arm/7.2_2017q4/bin/../lib/gcc/arm-none-eabi/7.2.1/thumb/v8-m.main/fpv5-sp/hard\libgcc.a(_aeabi_uldivmod.o)
                0x00006260                __aeabi_uldivmod
 .text          0x00006290      0x2e0 c:/siliconlabs/simplicitystudio/v4/developer/toolchains/gnu_arm/7.2_2017q4/bin/../lib/gcc/arm-none-eabi/7.2.1/thumb/v8-m.main/fpv5-sp/hard\libgcc.a(_udivmoddi4.o)
                0x00006290                __udivmoddi4
 .text          0x00006570        0x4 c:/siliconlabs/simplicitystudio/v4/developer/toolchains/gnu_arm/7.2_2017q4/bin/../lib/gcc/arm-none-eabi/7.2.1/thumb/v8-m.main/fpv5-sp/hard\libgcc.a(_dvmd_tls.o)
                0x00006570                __aeabi_idiv0
                0x00006570                __aeabi_ldiv0
 .text.exit     0x00006574       0x28 c:/siliconlabs/simplicitystudio/v4/developer/toolchains/gnu_arm/7.2_2017q4/bin/../lib/gcc/arm-none-eabi/7.2.1/../../../../arm-none-eabi/lib/thumb/v8-m.main/fpv5-sp/hard\libc_nano.a(lib_a-exit.o)
                0x00006574                exit
 .text.__libc_init_array
                0x0000659c       0x48 c:/siliconlabs/simplicitystudio/v4/developer/toolchains/gnu_arm/7.2_2017q4/bin/../lib/gcc/arm-none-eabi/7.2.1/../../../../arm-none-eabi/lib/thumb/v8-m.main/fpv5-sp/hard\libc_nano.a(lib_a-init.o)
                0x0000659c                __libc_init_array
 .text.memcpy   0x000065e4       0x16 c:/siliconlabs/simplicitystudio/v4/developer/toolchains/gnu_arm/7.2_2017q4/bin/../lib/gcc/arm-none-eabi/7.2.1/../../../../arm-none-eabi/lib/thumb/v8-m.main/fpv5-sp/hard\libc_nano.a(lib_a-memcpy-stub.o)
                0x000065e4                memcpy
 .text.memset   0x000065fa       0x10 c:/siliconlabs/simplicitystudio/v4/developer/toolchains/gnu_arm/7.2_2017q4/bin/../lib/gcc/arm-none-eabi/7.2.1/../../../../arm-none-eabi/lib/thumb/v8-m.main/fpv5-sp/hard\libc_nano.a(lib_a-memset.o)
                0x000065fa                memset
 *fill*         0x0000660a        0x2 
 .text.printf   0x0000660c       0x30 c:/siliconlabs/simplicitystudio/v4/developer/toolchains/gnu_arm/7.2_2017q4/bin/../lib/gcc/arm-none-eabi/7.2.1/../../../../arm-none-eabi/lib/thumb/v8-m.main/fpv5-sp/hard\libc_nano.a(lib_a-printf.o)
                0x0000660c                iprintf
                0x0000660c                printf
 .text.setvbuf  0x0000663c      0x158 c:/siliconlabs/simplicitystudio/v4/developer/toolchains/gnu_arm/7.2_2017q4/bin/../lib/gcc/arm-none-eabi/7.2.1/../../../../arm-none-eabi/lib/thumb/v8-m.main/fpv5-sp/hard\libc_nano.a(lib_a-setvbuf.o)
                0x0000663c                setvbuf
 .text.__sflush_r
                0x00006794      0x108 c:/siliconlabs/simplicitystudio/v4/developer/toolchains/gnu_arm/7.2_2017q4/bin/../lib/gcc/arm-none-eabi/7.2.1/../../../../arm-none-eabi/lib/thumb/v8-m.main/fpv5-sp/hard\libc_nano.a(lib_a-fflush.o)
                0x00006794                __sflush_r
 .text._fflush_r
                0x0000689c       0x54 c:/siliconlabs/simplicitystudio/v4/developer/toolchains/gnu_arm/7.2_2017q4/bin/../lib/gcc/arm-none-eabi/7.2.1/../../../../arm-none-eabi/lib/thumb/v8-m.main/fpv5-sp/hard\libc_nano.a(lib_a-fflush.o)
                0x0000689c                _fflush_r
 .text.std      0x000068f0       0x48 c:/siliconlabs/simplicitystudio/v4/developer/toolchains/gnu_arm/7.2_2017q4/bin/../lib/gcc/arm-none-eabi/7.2.1/../../../../arm-none-eabi/lib/thumb/v8-m.main/fpv5-sp/hard\libc_nano.a(lib_a-findfp.o)
 .text._cleanup_r
                0x00006938        0xc c:/siliconlabs/simplicitystudio/v4/developer/toolchains/gnu_arm/7.2_2017q4/bin/../lib/gcc/arm-none-eabi/7.2.1/../../../../arm-none-eabi/lib/thumb/v8-m.main/fpv5-sp/hard\libc_nano.a(lib_a-findfp.o)
                0x00006938                _cleanup_r
 .text.__sfmoreglue
                0x00006944       0x2c c:/siliconlabs/simplicitystudio/v4/developer/toolchains/gnu_arm/7.2_2017q4/bin/../lib/gcc/arm-none-eabi/7.2.1/../../../../arm-none-eabi/lib/thumb/v8-m.main/fpv5-sp/hard\libc_nano.a(lib_a-findfp.o)
                0x00006944                __sfmoreglue
 .text.__sinit  0x00006970       0x60 c:/siliconlabs/simplicitystudio/v4/developer/toolchains/gnu_arm/7.2_2017q4/bin/../lib/gcc/arm-none-eabi/7.2.1/../../../../arm-none-eabi/lib/thumb/v8-m.main/fpv5-sp/hard\libc_nano.a(lib_a-findfp.o)
                0x00006970                __sinit
 .text.__sfp    0x000069d0       0x78 c:/siliconlabs/simplicitystudio/v4/developer/toolchains/gnu_arm/7.2_2017q4/bin/../lib/gcc/arm-none-eabi/7.2.1/../../../../arm-none-eabi/lib/thumb/v8-m.main/fpv5-sp/hard\libc_nano.a(lib_a-findfp.o)
                0x000069d0                __sfp
 .text._fwalk_reent
                0x00006a48       0x3c c:/siliconlabs/simplicitystudio/v4/developer/toolchains/gnu_arm/7.2_2017q4/bin/../lib/gcc/arm-none-eabi/7.2.1/../../../../arm-none-eabi/lib/thumb/v8-m.main/fpv5-sp/hard\libc_nano.a(lib_a-fwalk.o)
                0x00006a48                _fwalk_reent
 .text.__swhatbuf_r
                0x00006a84       0x48 c:/siliconlabs/simplicitystudio/v4/developer/toolchains/gnu_arm/7.2_2017q4/bin/../lib/gcc/arm-none-eabi/7.2.1/../../../../arm-none-eabi/lib/thumb/v8-m.main/fpv5-sp/hard\libc_nano.a(lib_a-makebuf.o)
                0x00006a84                __swhatbuf_r
 .text.__smakebuf_r
                0x00006acc       0x80 c:/siliconlabs/simplicitystudio/v4/developer/toolchains/gnu_arm/7.2_2017q4/bin/../lib/gcc/arm-none-eabi/7.2.1/../../../../arm-none-eabi/lib/thumb/v8-m.main/fpv5-sp/hard\libc_nano.a(lib_a-makebuf.o)
                0x00006acc                __smakebuf_r
 .text.malloc   0x00006b4c       0x10 c:/siliconlabs/simplicitystudio/v4/developer/toolchains/gnu_arm/7.2_2017q4/bin/../lib/gcc/arm-none-eabi/7.2.1/../../../../arm-none-eabi/lib/thumb/v8-m.main/fpv5-sp/hard\libc_nano.a(lib_a-malloc.o)
                0x00006b4c                malloc
 .text._free_r  0x00006b5c       0x9c c:/siliconlabs/simplicitystudio/v4/developer/toolchains/gnu_arm/7.2_2017q4/bin/../lib/gcc/arm-none-eabi/7.2.1/../../../../arm-none-eabi/lib/thumb/v8-m.main/fpv5-sp/hard\libc_nano.a(lib_a-nano-freer.o)
                0x00006b5c                _free_r
 .text._malloc_r
                0x00006bf8       0xb4 c:/siliconlabs/simplicitystudio/v4/developer/toolchains/gnu_arm/7.2_2017q4/bin/../lib/gcc/arm-none-eabi/7.2.1/../../../../arm-none-eabi/lib/thumb/v8-m.main/fpv5-sp/hard\libc_nano.a(lib_a-nano-mallocr.o)
                0x00006bf8                _malloc_r
 .text.__sfputc_r
                0x00006cac       0x2e c:/siliconlabs/simplicitystudio/v4/developer/toolchains/gnu_arm/7.2_2017q4/bin/../lib/gcc/arm-none-eabi/7.2.1/../../../../arm-none-eabi/lib/thumb/v8-m.main/fpv5-sp/hard\libc_nano.a(lib_a-nano-vfprintf.o)
 .text.__sfputs_r
                0x00006cda       0x24 c:/siliconlabs/simplicitystudio/v4/developer/toolchains/gnu_arm/7.2_2017q4/bin/../lib/gcc/arm-none-eabi/7.2.1/../../../../arm-none-eabi/lib/thumb/v8-m.main/fpv5-sp/hard\libc_nano.a(lib_a-nano-vfprintf.o)
                0x00006cda                __sfputs_r
 *fill*         0x00006cfe        0x2 
 .text._vfprintf_r
                0x00006d00      0x228 c:/siliconlabs/simplicitystudio/v4/developer/toolchains/gnu_arm/7.2_2017q4/bin/../lib/gcc/arm-none-eabi/7.2.1/../../../../arm-none-eabi/lib/thumb/v8-m.main/fpv5-sp/hard\libc_nano.a(lib_a-nano-vfprintf.o)
                0x00006d00                _vfprintf_r
                0x00006d00                _vfiprintf_r
 .text._printf_common
                0x00006f28       0xf0 c:/siliconlabs/simplicitystudio/v4/developer/toolchains/gnu_arm/7.2_2017q4/bin/../lib/gcc/arm-none-eabi/7.2.1/../../../../arm-none-eabi/lib/thumb/v8-m.main/fpv5-sp/hard\libc_nano.a(lib_a-nano-vfprintf_i.o)
                0x00006f28                _printf_common
 .text._printf_i
                0x00007018      0x224 c:/siliconlabs/simplicitystudio/v4/developer/toolchains/gnu_arm/7.2_2017q4/bin/../lib/gcc/arm-none-eabi/7.2.1/../../../../arm-none-eabi/lib/thumb/v8-m.main/fpv5-sp/hard\libc_nano.a(lib_a-nano-vfprintf_i.o)
                0x00007018                _printf_i
 .text._sbrk_r  0x0000723c       0x20 c:/siliconlabs/simplicitystudio/v4/developer/toolchains/gnu_arm/7.2_2017q4/bin/../lib/gcc/arm-none-eabi/7.2.1/../../../../arm-none-eabi/lib/thumb/v8-m.main/fpv5-sp/hard\libc_nano.a(lib_a-sbrkr.o)
                0x0000723c                _sbrk_r
 .text.__sread  0x0000725c       0x22 c:/siliconlabs/simplicitystudio/v4/developer/toolchains/gnu_arm/7.2_2017q4/bin/../lib/gcc/arm-none-eabi/7.2.1/../../../../arm-none-eabi/lib/thumb/v8-m.main/fpv5-sp/hard\libc_nano.a(lib_a-stdio.o)
                0x0000725c                __sread
 .text.__swrite
                0x0000727e       0x38 c:/siliconlabs/simplicitystudio/v4/developer/toolchains/gnu_arm/7.2_2017q4/bin/../lib/gcc/arm-none-eabi/7.2.1/../../../../arm-none-eabi/lib/thumb/v8-m.main/fpv5-sp/hard\libc_nano.a(lib_a-stdio.o)
                0x0000727e                __swrite
 .text.__sseek  0x000072b6       0x24 c:/siliconlabs/simplicitystudio/v4/developer/toolchains/gnu_arm/7.2_2017q4/bin/../lib/gcc/arm-none-eabi/7.2.1/../../../../arm-none-eabi/lib/thumb/v8-m.main/fpv5-sp/hard\libc_nano.a(lib_a-stdio.o)
                0x000072b6                __sseek
 .text.__sclose
                0x000072da        0x8 c:/siliconlabs/simplicitystudio/v4/developer/toolchains/gnu_arm/7.2_2017q4/bin/../lib/gcc/arm-none-eabi/7.2.1/../../../../arm-none-eabi/lib/thumb/v8-m.main/fpv5-sp/hard\libc_nano.a(lib_a-stdio.o)
                0x000072da                __sclose
 *fill*         0x000072e2        0x2 
 .text.__swbuf_r
                0x000072e4       0xa4 c:/siliconlabs/simplicitystudio/v4/developer/toolchains/gnu_arm/7.2_2017q4/bin/../lib/gcc/arm-none-eabi/7.2.1/../../../../arm-none-eabi/lib/thumb/v8-m.main/fpv5-sp/hard\libc_nano.a(lib_a-wbuf.o)
                0x000072e4                __swbuf_r
 .text._write_r
                0x00007388       0x24 c:/siliconlabs/simplicitystudio/v4/developer/toolchains/gnu_arm/7.2_2017q4/bin/../lib/gcc/arm-none-eabi/7.2.1/../../../../arm-none-eabi/lib/thumb/v8-m.main/fpv5-sp/hard\libc_nano.a(lib_a-writer.o)
                0x00007388                _write_r
 .text.__swsetup_r
                0x000073ac       0xdc c:/siliconlabs/simplicitystudio/v4/developer/toolchains/gnu_arm/7.2_2017q4/bin/../lib/gcc/arm-none-eabi/7.2.1/../../../../arm-none-eabi/lib/thumb/v8-m.main/fpv5-sp/hard\libc_nano.a(lib_a-wsetup.o)
                0x000073ac                __swsetup_r
 .text._close_r
                0x00007488       0x20 c:/siliconlabs/simplicitystudio/v4/developer/toolchains/gnu_arm/7.2_2017q4/bin/../lib/gcc/arm-none-eabi/7.2.1/../../../../arm-none-eabi/lib/thumb/v8-m.main/fpv5-sp/hard\libc_nano.a(lib_a-closer.o)
                0x00007488                _close_r
 .text._fstat_r
                0x000074a8       0x24 c:/siliconlabs/simplicitystudio/v4/developer/toolchains/gnu_arm/7.2_2017q4/bin/../lib/gcc/arm-none-eabi/7.2.1/../../../../arm-none-eabi/lib/thumb/v8-m.main/fpv5-sp/hard\libc_nano.a(lib_a-fstatr.o)
                0x000074a8                _fstat_r
 .text._isatty_r
                0x000074cc       0x20 c:/siliconlabs/simplicitystudio/v4/developer/toolchains/gnu_arm/7.2_2017q4/bin/../lib/gcc/arm-none-eabi/7.2.1/../../../../arm-none-eabi/lib/thumb/v8-m.main/fpv5-sp/hard\libc_nano.a(lib_a-isattyr.o)
                0x000074cc                _isatty_r
 .text._lseek_r
                0x000074ec       0x24 c:/siliconlabs/simplicitystudio/v4/developer/toolchains/gnu_arm/7.2_2017q4/bin/../lib/gcc/arm-none-eabi/7.2.1/../../../../arm-none-eabi/lib/thumb/v8-m.main/fpv5-sp/hard\libc_nano.a(lib_a-lseekr.o)
                0x000074ec                _lseek_r
 .text.memchr   0x00007510       0x1c c:/siliconlabs/simplicitystudio/v4/developer/toolchains/gnu_arm/7.2_2017q4/bin/../lib/gcc/arm-none-eabi/7.2.1/../../../../arm-none-eabi/lib/thumb/v8-m.main/fpv5-sp/hard\libc_nano.a(lib_a-memchr-stub.o)
                0x00007510                memchr
 .text.__malloc_lock
                0x0000752c        0x2 c:/siliconlabs/simplicitystudio/v4/developer/toolchains/gnu_arm/7.2_2017q4/bin/../lib/gcc/arm-none-eabi/7.2.1/../../../../arm-none-eabi/lib/thumb/v8-m.main/fpv5-sp/hard\libc_nano.a(lib_a-mlock.o)
                0x0000752c                __malloc_lock
 .text.__malloc_unlock
                0x0000752e        0x2 c:/siliconlabs/simplicitystudio/v4/developer/toolchains/gnu_arm/7.2_2017q4/bin/../lib/gcc/arm-none-eabi/7.2.1/../../../../arm-none-eabi/lib/thumb/v8-m.main/fpv5-sp/hard\libc_nano.a(lib_a-mlock.o)
                0x0000752e                __malloc_unlock
 .text._read_r  0x00007530       0x24 c:/siliconlabs/simplicitystudio/v4/developer/toolchains/gnu_arm/7.2_2017q4/bin/../lib/gcc/arm-none-eabi/7.2.1/../../../../arm-none-eabi/lib/thumb/v8-m.main/fpv5-sp/hard\libc_nano.a(lib_a-readr.o)
                0x00007530                _read_r
 *(.init)
 .init          0x00007554        0x4 c:/siliconlabs/simplicitystudio/v4/developer/toolchains/gnu_arm/7.2_2017q4/bin/../lib/gcc/arm-none-eabi/7.2.1/thumb/v8-m.main/fpv5-sp/hard/crti.o
                0x00007554                _init
 .init          0x00007558        0x8 c:/siliconlabs/simplicitystudio/v4/developer/toolchains/gnu_arm/7.2_2017q4/bin/../lib/gcc/arm-none-eabi/7.2.1/thumb/v8-m.main/fpv5-sp/hard/crtn.o
 *(.fini)
 .fini          0x00007560        0x4 c:/siliconlabs/simplicitystudio/v4/developer/toolchains/gnu_arm/7.2_2017q4/bin/../lib/gcc/arm-none-eabi/7.2.1/thumb/v8-m.main/fpv5-sp/hard/crti.o
                0x00007560                _fini
 .fini          0x00007564        0x8 c:/siliconlabs/simplicitystudio/v4/developer/toolchains/gnu_arm/7.2_2017q4/bin/../lib/gcc/arm-none-eabi/7.2.1/thumb/v8-m.main/fpv5-sp/hard/crtn.o
 *crtbegin.o(.ctors)
 *crtbegin?.o(.ctors)
 *(EXCLUDE_FILE(*crtend.o *crtend?.o) .ctors)
 *(SORT_BY_NAME(.ctors.*))
 *(.ctors)
 *crtbegin.o(.dtors)
 *crtbegin?.o(.dtors)
 *(EXCLUDE_FILE(*crtend.o *crtend?.o) .dtors)
 *(SORT_BY_NAME(.dtors.*))
 *(.dtors)
 *(.rodata*)
 .rodata        0x0000756c        0x4 ./emdrv/dmadrv.o
 .rodata.CSWTCH.49
                0x00007570        0x4 ./emlib/em_cmu.o
 .rodata.CSWTCH.50
                0x00007574        0x3 ./emlib/em_cmu.o
 .rodata.CSWTCH.52
                0x00007577        0x6 ./emlib/em_cmu.o
 .rodata.CSWTCH.53
                0x0000757d        0x5 ./emlib/em_cmu.o
 .rodata.CSWTCH.54
                0x00007582        0x6 ./emlib/em_cmu.o
 .rodata        0x00007588        0x8 ./hal-efr32/bsp_init.o
 .rodata        0x00007590       0x1c ./hal-efr32/retargetserial.o
 .rodata        0x000075ac        0xa ./main.o
 *fill*         0x000075b6        0x2 
 .rodata.Protocol_Configuration_channelConfig
                0x000075b8       0x14 ./rail_config.o
                0x000075b8                Protocol_Configuration_channelConfig
 .rodata.Protocol_Configuration_channels
                0x000075cc       0x18 ./rail_config.o
                0x000075cc                Protocol_Configuration_channels
 .rodata.Protocol_Configuration_modemConfigBase
                0x000075e4      0x320 ./rail_config.o
                0x000075e4                Protocol_Configuration_modemConfigBase
 .rodata.irCalConfig
                0x00007904       0x1a ./rail_config.o
 *fill*         0x0000791e        0x2 
 .rodata.phyInfo
                0x00007920       0x34 ./rail_config.o
 .rodata.RX_loop.str1.1
                0x00007954        0x7 ./rx.o
                                  0xb (size before relaxing)
 *fill*         0x0000795b        0x1 
 .rodata.CSWTCH.233
                0x0000795c        0xc C:/SiliconLabs/SimplicityStudio/v4/developer/sdks/gecko_sdk_suite/v2.7//platform/radio/rail_lib/autogen/librail_release/librail_efr32xg22_gcc_release.a(rail_rf_hal.o)
 .rodata.regBases
                0x00007968        0x8 C:/SiliconLabs/SimplicityStudio/v4/developer/sdks/gecko_sdk_suite/v2.7//platform/radio/rail_lib/autogen/librail_release/librail_efr32xg22_gcc_release.a(rfhal_radio.o)
 .rodata.DEC0_LOOKUP